Strict material Def_ClutchBrake_carrier True
Strict material Def_ClutchCone_spring True
Strict material Def_ClutchDrive_belt True
Strict material Def_ClutchRetention_wire True
Strict material Def_ClutchStopBand_lining True
Strict material Def_EngineCase_lower True
Strict material Def_EngineOilPump_lower_body True
Strict material Def_EngineOilPump_mount_gasket True
Strict material Def_EngineOilPump_relief_lock_wire True
Strict material Def_EngineWaterPump_lock_wire True
Strict material Def_FrontClutch_spring True
Strict material Def_HighBrakeFront_lining_anchor_125 True
Strict material Def_HighBrakeFront_lining_brass True
Strict material Def_HighBrakeFront_lining_front_1 True
Strict material Def_HighBrakeFront_lining_normal_075 True
Strict material Def_HighBrakeFront_lining_normal_1 True
Strict material Def_HighBrakeFront_long_end True
Strict material Def_HighBrakeFront_short_end True
Strict material Def_HighBrakeFront_steel_rivet True
Strict material Def_HighBrake_anchor_end True
Strict material Def_HighBrake_long_band True
Strict material Def_HighBrake_short_band True
Strict material Def_TransmissionCore_bevel_case True
Strict material Def_TransmissionInput_cage True
Strict material Def_TransmissionPin_bolt_nut True
Strict material Def_TransmissionPin_nut True
Strict material Def_TransmissionSmallSupport_bolt_nut True
Strict material Def_TransmissionSmallSupport_nut True
