QOpenGLWidget is not supported on this platform.
QOpenGLWidget is not supported on this platform.
QOpenGLWidget is not supported on this platform.
Frame: 143 material pairs; 19 overlaps; contacts= True
{'a': 'TransmissionFrame_TopChannel', 'b': 'PortCasingWall_WallRivet10', 'volume_mm3': 2092.7931613787778, 'world_bounds_mm': [1438.0817913541814, 871.8785282369577, 1163.6594086653568, 1448.125605003661, 893.4214717630423, 1185.2023521914412]}
{'a': 'TransmissionFrame_TopChannel', 'b': 'StarboardCasingWall_WallRivet10', 'volume_mm3': 2092.7931613795317, 'world_bounds_mm': [1438.0817913541819, -893.4214717630423, 1163.6594086653568, 1448.125605003661, -871.8785282369577, 1185.2023521914412]}
{'a': 'TransmissionFrame_BottomChannel', 'b': 'hull_port_inner_skirt_rear', 'volume_mm3': 1269.722960151812, 'world_bounds_mm': [1438.0817913541816, 590.0750000000003, 519.1142314990511, 1598.0817913541819, 600.0750000000007, 527.05]}
{'a': 'TransmissionFrame_BottomChannel', 'b': 'hull_starboard_inner_skirt_rear', 'volume_mm3': 1269.7229601518309, 'world_bounds_mm': [1438.0817913541816, -600.0749999999998, 519.1142314990511, 1598.0817913541819, -590.0749999999994, 527.05]}
{'a': 'TransmissionFrame_BottomChannel', 'b': 'hull_floor_8', 'volume_mm3': 219840.00000000006, 'world_bounds_mm': [1438.0817913541819, -1145.0, 527.05, 1598.0817913541819, 1145.0000000000002, 533.0500000000002]}
{'a': 'TransmissionFrame_LeftOuterAngle', 'b': 'PortCasingWall_WallRivet04', 'volume_mm3': 132.7594051956072, 'world_bounds_mm': [1446.0817913541819, 979.4660814200295, 705.3141373765799, 1448.125605003661, 992.1089185799706, 717.956974536521]}
{'a': 'TransmissionFrame_LeftOuterAngle', 'b': 'PortCasingWall_WallRivet05', 'volume_mm3': 132.7594051956072, 'world_bounds_mm': [1446.0817913541819, 979.4660814200295, 837.9125788671961, 1448.125605003661, 992.1089185799706, 850.5554160271372]}
{'a': 'TransmissionFrame_LeftOuterAngle', 'b': 'PortCasingWall_WallRivet06', 'volume_mm3': 132.7594051956072, 'world_bounds_mm': [1446.0817913541819, 979.4660814200295, 970.5110203578123, 1448.125605003661, 992.1089185799706, 983.1538575177534]}
{'a': 'TransmissionFrame_LeftOuterAngle', 'b': 'PortCasingWall_WallRivet07', 'volume_mm3': 132.75940519560723, 'world_bounds_mm': [1446.0817913541819, 979.4660814200295, 1103.1094618484283, 1448.125605003661, 992.1089185799706, 1115.7522990083696]}
{'a': 'TransmissionFrame_LeftOuterAngle', 'b': 'PortFixedBearing_outer_bracket', 'volume_mm3': 67782.09125834751, 'world_bounds_mm': [1450.3589342113246, 977.6328571428571, 779.2335104357661, 1496.0817913541819, 1017.6328571428571, 919.2335104357661]}
{'a': 'TransmissionFrame_RightOuterAngle', 'b': 'StarboardCasingWall_WallRivet00', 'volume_mm3': 132.7594051956072, 'world_bounds_mm': [1446.0817913541819, -992.1089185799706, 705.3141373765799, 1448.125605003661, -979.4660814200295, 717.956974536521]}
{'a': 'TransmissionFrame_RightOuterAngle', 'b': 'StarboardCasingWall_WallRivet01', 'volume_mm3': 132.7594051956072, 'world_bounds_mm': [1446.0817913541819, -992.1089185799706, 837.9125788671961, 1448.125605003661, -979.4660814200295, 850.5554160271372]}
{'a': 'TransmissionFrame_RightOuterAngle', 'b': 'StarboardCasingWall_WallRivet02', 'volume_mm3': 132.7594051956072, 'world_bounds_mm': [1446.0817913541819, -992.1089185799706, 970.5110203578123, 1448.125605003661, -979.4660814200295, 983.1538575177534]}
{'a': 'TransmissionFrame_RightOuterAngle', 'b': 'StarboardCasingWall_WallRivet03', 'volume_mm3': 132.7594051956072, 'world_bounds_mm': [1446.0817913541819, -992.1089185799706, 1103.1094618484283, 1448.125605003661, -979.4660814200295, 1115.7522990083696]}
{'a': 'TransmissionFrame_RightOuterAngle', 'b': 'StarboardFixedBearing_outer_bracket', 'volume_mm3': 67782.09125834746, 'world_bounds_mm': [1450.3589342113246, -1017.6328571428571, 779.2335104357661, 1496.0817913541819, -977.6328571428571, 919.2335104357661]}
{'a': 'PortFixedBearing_inner_bracket', 'b': 'hull_floor_8', 'volume_mm3': 20660.752902846187, 'world_bounds_mm': [1603.887505639896, 604.7014285714286, 527.0500000000002, 1634.6240014343844, 744.0385714285715, 533.0500000000002]}
{'a': 'StarboardFixedBearing_inner_bracket', 'b': 'hull_floor_8', 'volume_mm3': 20660.752902846154, 'world_bounds_mm': [1603.887505639896, -744.0385714285713, 527.05, 1634.6240014343841, -604.7014285714284, 533.0500000000001]}
{'a': 'PortFixedBearing_outer_bracket', 'b': 'hull_floor_8', 'volume_mm3': 33357.767698780815, 'world_bounds_mm': [1598.0817913541819, 904.0585714285713, 527.0500000000002, 1629.6600365519478, 1131.207142857143, 533.0500000000002]}
{'a': 'StarboardFixedBearing_outer_bracket', 'b': 'hull_floor_8', 'volume_mm3': 33357.7676987808, 'world_bounds_mm': [1598.0817913541819, -1131.2071428571428, 527.05, 1629.6600365519478, -904.0585714285714, 533.05]}
