Definitions Def_EngineFrame_front_channel True
Definitions Def_EngineFrame_rear_channel True
Definitions Def_EngineFrame_cleat True
Definitions Def_EngineFrame_left_gusset True
Definitions Def_EngineFrame_right_gusset True
Definitions Def_EngineFrame_front_rivet True
Definitions Def_EngineFrame_rear_rivet True
Definitions Def_EngineFrame_channel_floor_rivet True
Definitions Def_EngineFrame_gusset_floor_rivet True
Definitions Def_ClutchSupport_floor_revision True
Definitions Def_EngineContext_hull_floor_5 True
Definitions Def_EngineContext_hull_floor_6 True
Installation EngineFrame_FrontChannel True
Installation EngineFrame_RearChannel True
Installation EngineFrame_FrontCleat True
Installation EngineFrame_LeftGusset True
Installation EngineFrame_RightGusset True
Installation EngineFrame_FrontWebRivet1 True
Installation EngineFrame_FrontWebRivet2 True
Installation EngineFrame_LeftWebRivet1 True
Installation EngineFrame_LeftWebRivet2 True
Installation EngineFrame_RightWebRivet1 True
Installation EngineFrame_RightWebRivet2 True
Installation EngineFrame_FrontFloorRivet1 True
Installation EngineFrame_FrontFloorRivet2 True
Installation EngineFrame_FrontFloorRivet3 True
Installation EngineFrame_FrontFloorRivet4 True
Installation EngineFrame_FrontFloorRivet5 True
Installation EngineFrame_RearFloorRivet1 True
Installation EngineFrame_RearFloorRivet2 True
Installation EngineFrame_RearFloorRivet3 True
Installation EngineFrame_RearFloorRivet4 True
Installation EngineFrame_RearFloorRivet5 True
Installation EngineFrame_LeftFloorRivet1 True
Installation EngineFrame_LeftFloorRivet2 True
Installation EngineFrame_RightFloorRivet1 True
Installation EngineFrame_RightFloorRivet2 True
Installation hull_floor_5 True
Installation hull_floor_6 True
Installation hull_floor_7 True
