Definitions Def_ClutchSupport_right_bracket True
Definitions Def_ClutchSupport_right_cap True
Definitions Def_ClutchSupport_left_bracket True
Definitions Def_ClutchSupport_left_cap True
Definitions Def_ClutchSupport_cup_screw True
Definitions Def_ClutchSupport_taper_pin True
Definitions Def_ClutchSupport_aux_lever True
Definitions Def_ClutchSupport_aux_shaft True
Definitions Def_ClutchSupport_fork True
Definitions Def_ClutchSupport_fork_pin True
Definitions Def_ClutchSupport_fork_cotter True
Definitions Def_ClutchSupport_rod_nut True
Definitions Def_ClutchSupport_rod True
Definitions Def_ClutchSupport_floor_revision True
Definitions Def_ClutchThrowout_shaft True
Definitions Def_ClutchThrowout_operating_lever True
Installation ClutchSupport_RightMount1 True
Installation ClutchSupport_RightMount2 True
Installation ClutchSupport_RightMount3 True
Installation ClutchSupport_RightMount4 True
Installation ClutchSupport_RightBracket True
Installation ClutchSupport_LeftMount1 True
Installation ClutchSupport_LeftMount2 True
Installation ClutchSupport_LeftMount3 True
Installation ClutchSupport_LeftMount4 True
Installation ClutchSupport_LeftBracket True
Installation ClutchSupport_MainSetScrew True
Installation ClutchSupport_AuxLever1 True
Installation ClutchSupport_AuxKey1 True
Installation ClutchSupport_AuxTaper1 True
Installation ClutchSupport_AuxLever2 True
Installation ClutchSupport_AuxKey2 True
Installation ClutchSupport_AuxTaper2 True
Installation ClutchSupport_AuxShaft True
Installation ClutchSupport_RearAuxRod True
Installation ClutchSupport_MainFork True
Installation ClutchSupport_MainForkPin True
Installation ClutchSupport_MainForkCotter True
Installation ClutchSupport_MainRodNut True
Installation ClutchSupport_AuxFork True
Installation ClutchSupport_AuxForkPin True
Installation ClutchSupport_AuxForkCotter True
Installation ClutchSupport_AuxRodNut True
Installation hull_floor_7 True
Installation ClutchThrowout_Shaft True
Installation ClutchThrowout_OperatingLever True
