Definitions Def_ClutchThrowout_bearing_outer True
Definitions Def_ClutchThrowout_bearing_inner True
Definitions Def_ClutchThrowout_bearing_ball True
Definitions Def_ClutchThrowout_bearing_cage True
Definitions Def_ClutchThrowout_bearing_washer True
Definitions Def_ClutchThrowout_retainer_washer True
Definitions Def_ClutchThrowout_pin_nut True
Definitions Def_ClutchThrowout_pin_lockwasher True
Definitions Def_ClutchThrowout_bearing_pin True
Definitions Def_ClutchThrowout_right_lever True
Definitions Def_ClutchThrowout_left_lever True
Definitions Def_ClutchThrowout_pin_lock_screw True
Definitions Def_ClutchThrowout_pin_lock_nut True
Definitions Def_ClutchThrowout_key True
Definitions Def_ClutchThrowout_shaft True
Definitions Def_ClutchThrowout_operating_lever True
Installation ClutchThrowout_LeftBearingOuter True
Installation ClutchThrowout_LeftBearingInner True
Installation ClutchThrowout_LeftBearingCage True
Installation ClutchThrowout_LeftBall01 True
Installation ClutchThrowout_LeftBall02 True
Installation ClutchThrowout_LeftBall03 True
Installation ClutchThrowout_LeftBall04 True
Installation ClutchThrowout_LeftBall05 True
Installation ClutchThrowout_LeftBall06 True
Installation ClutchThrowout_LeftBall07 True
Installation ClutchThrowout_LeftBall08 True
Installation ClutchThrowout_LeftBall09 True
Installation ClutchThrowout_LeftBall10 True
Installation ClutchThrowout_LeftBall11 True
Installation ClutchThrowout_LeftBall12 True
Installation ClutchThrowout_LeftBall13 True
Installation ClutchThrowout_LeftBall14 True
Installation ClutchThrowout_LeftBall15 True
Installation ClutchThrowout_LeftBall16 True
Installation ClutchThrowout_LeftBall17 True
Installation ClutchThrowout_LeftBall18 True
Installation ClutchThrowout_LeftBall19 True
Installation ClutchThrowout_LeftBall20 True
Installation ClutchThrowout_LeftBall21 True
Installation ClutchThrowout_LeftBall22 True
Installation ClutchThrowout_LeftBall23 True
Installation ClutchThrowout_LeftBall24 True
Installation ClutchThrowout_LeftPin True
Installation ClutchThrowout_LeftOuterWasher True
Installation ClutchThrowout_LeftInnerWasher True
Installation ClutchThrowout_LeftRetainerWasher True
Installation ClutchThrowout_LeftLockwasher True
Installation ClutchThrowout_LeftNut True
Installation ClutchThrowout_LeftLever True
Installation ClutchThrowout_LeftPinLockScrew True
Installation ClutchThrowout_LeftPinLockNut True
Installation ClutchThrowout_RightBearingOuter True
Installation ClutchThrowout_RightBearingInner True
Installation ClutchThrowout_RightBearingCage True
Installation ClutchThrowout_RightBall01 True
Installation ClutchThrowout_RightBall02 True
Installation ClutchThrowout_RightBall03 True
Installation ClutchThrowout_RightBall04 True
Installation ClutchThrowout_RightBall05 True
Installation ClutchThrowout_RightBall06 True
Installation ClutchThrowout_RightBall07 True
Installation ClutchThrowout_RightBall08 True
Installation ClutchThrowout_RightBall09 True
Installation ClutchThrowout_RightBall10 True
Installation ClutchThrowout_RightBall11 True
Installation ClutchThrowout_RightBall12 True
Installation ClutchThrowout_RightBall13 True
Installation ClutchThrowout_RightBall14 True
Installation ClutchThrowout_RightBall15 True
Installation ClutchThrowout_RightBall16 True
Installation ClutchThrowout_RightBall17 True
Installation ClutchThrowout_RightBall18 True
Installation ClutchThrowout_RightBall19 True
Installation ClutchThrowout_RightBall20 True
Installation ClutchThrowout_RightBall21 True
Installation ClutchThrowout_RightBall22 True
Installation ClutchThrowout_RightBall23 True
Installation ClutchThrowout_RightBall24 True
Installation ClutchThrowout_RightPin True
Installation ClutchThrowout_RightOuterWasher True
Installation ClutchThrowout_RightInnerWasher True
Installation ClutchThrowout_RightRetainerWasher True
Installation ClutchThrowout_RightLockwasher True
Installation ClutchThrowout_RightNut True
Installation ClutchThrowout_RightLever True
Installation ClutchThrowout_RightPinLockScrew True
Installation ClutchThrowout_RightPinLockNut True
Installation ClutchThrowout_Shaft True
Installation ClutchThrowout_OperatingLever True
Installation ClutchThrowout_MainKey1 True
Installation ClutchThrowout_MainKey2 True
Installation ClutchThrowout_MainKey3 True
