2393 unique physical occurrences True
water axis follows independently bound lower-drive dimension True
unchanged parent coverage derived from source native True
inherited engine registration preserved True
material equivalence Def_ClutchBrake_carrier True
material equivalence Def_ClutchCone_spring True
material equivalence Def_ClutchDrive_belt True
material equivalence Def_ClutchRetention_wire True
material equivalence Def_ClutchStopBand_lining True
material equivalence Def_FrontClutch_spring True
material equivalence Def_TransmissionInput_cage True
material equivalence Def_TransmissionPin_bolt_nut True
material equivalence Def_TransmissionPin_nut True
material equivalence Def_TransmissionSmallSupport_bolt_nut True
material equivalence Def_TransmissionSmallSupport_nut True
material equivalence Def_EngineWaterPump_shaft True
material equivalence Def_EngineWaterPump_key True
material equivalence Def_EngineWaterPump_impeller_nut True
material equivalence Def_EngineWaterPump_impeller_cotter True
material equivalence Def_EngineWaterPump_bearing_ball True
material equivalence Def_EngineWaterPump_bearing_inner True
material equivalence Def_EngineWaterPump_bearing_outer True
material equivalence Def_EngineWaterPump_bearing_cage True
material equivalence Def_EngineWaterPump_body True
material equivalence Def_EngineWaterPump_cover_stud True
material equivalence Def_EngineWaterPump_cover_washer True
material equivalence Def_EngineWaterPump_cover_nut True
material equivalence Def_EngineWaterPump_cover_cotter True
material equivalence Def_EngineWaterPump_lock_wire True
material equivalence Def_EngineWaterPump_retainer True
material equivalence Def_EngineWaterPump_packing True
material equivalence Def_EngineWaterPump_gland True
material equivalence Def_EngineWaterPump_spring True
material equivalence Def_EngineWaterPump_joint_gasket True
material equivalence Def_EngineWaterPump_shim True
material equivalence Def_EngineWaterPump_mount_stud True
material equivalence Def_EngineWaterPump_mount_washer True
material equivalence Def_EngineWaterPump_mount_nut True
material equivalence Def_EngineWaterPump_plug_gasket True
material equivalence Def_EngineWaterPump_plug True
material equivalence Def_EngineWaterPump_impeller True
material equivalence Def_EngineWaterPump_cover True
material equivalence Def_EngineWaterPump_cover_gasket True
material equivalence Def_EngineLowerDrive_bolt True
material equivalence Def_EngineLowerDrive_nut True
material equivalence Def_EngineLowerDrive_cotter True
