QOpenGLWidget is not supported on this platform.
STEP solids 83 valid False
INVALID 3 PortBevelDrive_rivet_short0 nativevalid True nativevol 10683.41256376996 stepvol 10683.51302433308 tol 1e-07
Bad orientation of sub-shape
No error
No error

INVALID 4 PortBevelDrive_rivet_short1 nativevalid True nativevol 10683.412563769964 stepvol 10683.513024333084 tol 1e-07
Bad orientation of sub-shape
No error
No error

INVALID 5 PortBevelDrive_rivet_short2 nativevalid True nativevol 10683.412563769964 stepvol 10683.513024333084 tol 1e-07
Bad orientation of sub-shape
No error
No error

INVALID 6 PortBevelDrive_rivet_short3 nativevalid True nativevol 10683.412563769964 stepvol 10683.513024333084 tol 1e-07
Bad orientation of sub-shape
No error
No error

INVALID 7 PortBevelDrive_rivet_short4 nativevalid True nativevol 10683.412563769962 stepvol 10683.513024333084 tol 1e-07
Bad orientation of sub-shape
No error
No error

INVALID 8 PortBevelDrive_rivet_short5 nativevalid True nativevol 10683.412563769962 stepvol 10683.513024333084 tol 1e-07
Bad orientation of sub-shape
No error
No error

INVALID 37 StarboardBevelDrive_rivet_short0 nativevalid True nativevol 10683.41256376996 stepvol 10683.513024331873 tol 1e-07
Bad orientation of sub-shape
No error
No error

INVALID 38 StarboardBevelDrive_rivet_short1 nativevalid True nativevol 10683.412563769962 stepvol 10683.513024331873 tol 1e-07
Bad orientation of sub-shape
No error
No error

INVALID 39 StarboardBevelDrive_rivet_short2 nativevalid True nativevol 10683.412563769962 stepvol 10683.513024331873 tol 1e-07
Bad orientation of sub-shape
No error
No error

INVALID 40 StarboardBevelDrive_rivet_short3 nativevalid True nativevol 10683.412563769962 stepvol 10683.51302433187 tol 1e-07
Bad orientation of sub-shape
No error
No error

INVALID 41 StarboardBevelDrive_rivet_short4 nativevalid True nativevol 10683.412563769962 stepvol 10683.513024331869 tol 1e-07
Bad orientation of sub-shape
No error
No error

INVALID 42 StarboardBevelDrive_rivet_short5 nativevalid True nativevol 10683.41256376996 stepvol 10683.513024331869 tol 1e-07
Bad orientation of sub-shape
No error
No error

PortBevelDrive_rivet_short0 bb BoundBox (-13.4954, 32, -13.4954, 13.4954, 82.7314, 13.4954) vol 10683.412563769958 tol 1.13044726e-07
surfaces [('Cylinder', 2230.880847230153, 60.36571428571428), ('Plane', 197.93260902246007, 82.73142857142857), ('Plane', 374.2363489820001, 38.0), ('Sphere', 685.2662924024518, 34.99999999020498), ('Sphere', 3.3137132602263105e-13, 32.0)]
PortBevelDrive_rivet_long0 bb BoundBox (-13.4864, 25.6824, -13.4954, 13.4864, 82.7314, 13.4954) vol 11940.284629393045 tol 1.1304241e-07
surfaces [('Cylinder', 2547.573021666089, 57.19071428571428), ('Plane', 197.93260902246007, 82.73142857142857), ('Plane', 374.2363489819995, 31.65), ('Sphere', 685.2662924023399, 28.64999999020413)]
PortBevelWheelSupports_sleeve bb BoundBox (-167, 66.7657, -167, 167, 206.084, 167) vol 1738420.2757952472 tol 1.39396556e-07
