Definitions Def_ClutchThrowout_bearing_outer False
Definitions Def_ClutchThrowout_bearing_inner True
Definitions Def_ClutchThrowout_bearing_ball True
Definitions Def_ClutchThrowout_bearing_cage False
Definitions Def_ClutchThrowout_bearing_washer True
Definitions Def_ClutchThrowout_retainer_washer True
Definitions Def_ClutchThrowout_pin_nut True
Definitions Def_ClutchThrowout_pin_lockwasher True
Definitions Def_ClutchThrowout_bearing_pin True
Definitions Def_ClutchThrowout_right_lever True
Definitions Def_ClutchThrowout_left_lever True
Definitions Def_ClutchThrowout_pin_lock_screw True
Definitions Def_ClutchThrowout_pin_lock_nut True
Definitions Def_ClutchThrowout_key True
Definitions Def_ClutchThrowout_shaft True
Definitions Def_ClutchThrowout_operating_lever True
Traceback (most recent call last):
  File "/home/cyapp/MarkVIIILiberty/cad/003_FullTank/experiments/drive_chains/check_clutch_throwout_exchange.py", line 26, in <module>
    assert loaded.isValid() and len(loaded.Solids)==len(expected)
           ^^^^^^^^^^^^^^^^^^^^^^^^^^^^^^^^^^^^^^^^^^^^^^^^^^^^^^
AssertionError
