STEP DOC Export the content of this shape to an STEP file.
exportStep(filename)
PART API ['export', 'exportUnits', 'setStaticValue']
ANALYTIC 6940.859224130281 [-2.069877131615963, 0, 3.283776426506204]
native tolerance 1.00000003e-07 defaultVol 6940.859223495527 area 3427.20020854049
0 1e-10 3.5945238304055024e-16 6940.8592241081033 -2.0698771316353972 -1.7422293520398757e-11 3.283776426500232
1 1e-10 1.2714913507363107e-13 6940.8592241081033 -2.0698771316354896 -1.7542519662438092e-11 3.2837764265002325
0 9.9999999999999998e-13 3.7298831273496077e-16 6940.8592241081033 -2.0698771316354887 -1.7543005328268052e-11 3.2837764265002325
1 9.9999999999999998e-13 2.0810546997854063e-15 6940.8592241081033 -2.0698771316354896 -1.7542484610246097e-11 3.2837764265002325
0 1e-14 4.5433117558905813e-16 6940.8592241081033 -2.0698771316354914 -1.7542617199485953e-11 3.2837764265002316
1 1e-14 1.19174913309789e-15 6940.8592241081024 -2.06987713163549 -1.7542482355634678e-11 3.2837764265002325
curves ['Line', 'Line', 'Line', 'Line', 'Circle', 'Line', 'Line', 'Line', 'Line', 'Line', 'Line', 'Line', 'Line', 'Ellipse', 'Line']
step tolerance 1e-07 defaultVol 6940.8607573501085 area 3427.1995822953786
0 1e-10 5.1500075650355109e-12 6940.8604063332677 -2.0698762424615507 1.1958083841520458e-13 3.2837767607514405
1 1e-10 1.6191707226381553e-12 6940.8604063336934 -2.0698762424611554 -2.6074014669166006e-17 3.2837767607515898
0 9.9999999999999998e-13 4.0078460355119486e-14 6940.8604063332605 -2.0698762424616186 -4.3065935751123584e-16 3.2837767607514396
1 9.9999999999999998e-13 1.8272986376663708e-14 6940.8604063332568 -2.0698762424616164 5.2401247741258929e-17 3.2837767607514383
0 1e-14 3.1467908269984675e-16 6940.8604063332596 -2.0698762424616204 1.1140973133557466e-16 3.2837767607514392
1 1e-14 1.2360012432888705e-15 6940.8604063332605 -2.0698762424616195 5.9471509633768029e-17 3.2837767607514396
curves ['Line', 'Line', 'Line', 'Line', 'Circle', 'Line', 'Line', 'Line', 'Line', 'Line', 'Line', 'Line', 'Line', 'Ellipse', 'Line']
fuzzy 0 0
