Definitions Def_EngineSuspension_left_rail True
Definitions Def_EngineSuspension_right_rail True
Definitions Def_EngineSuspension_left_bracket True
Definitions Def_EngineSuspension_right_bracket True
Definitions Def_EngineSuspension_rear_packing True
Definitions Def_EngineSuspension_front_bracket True
Definitions Def_EngineSuspension_front_packing True
Definitions Def_EngineSuspension_bevel_washer False
Definitions Def_EngineSuspension_half_bolt True
Definitions Def_EngineSuspension_half_nut True
Definitions Def_EngineSuspension_half_lock True
Definitions Def_EngineSuspension_rear_bolt True
Definitions Def_EngineSuspension_rear_nut True
Definitions Def_EngineSuspension_rear_lock True
Definitions Def_EngineSuspension_pivot_bolt True
Definitions Def_EngineSuspension_pivot_nut True
Definitions Def_EngineSuspension_pivot_lock True
Definitions Def_EngineSuspension_cap True
Definitions Def_EngineFrame_rear_channel True
Definitions Def_EngineFrame_cleat True
Installation EngineSuspension_LeftRail True
Installation EngineSuspension_LeftBracket True
Installation EngineSuspension_LeftPacking True
Installation EngineSuspension_RightRail True
Installation EngineSuspension_RightBracket True
Installation EngineSuspension_RightPacking True
Installation EngineSuspension_FrontBracket True
Installation EngineSuspension_FrontPacking True
Installation EngineSuspension_LeftRail1Bolt True
Installation EngineSuspension_LeftRail1Lock True
Installation EngineSuspension_LeftRail1Nut True
Installation EngineSuspension_LeftRail2Bolt True
Installation EngineSuspension_LeftRail2Lock True
Installation EngineSuspension_LeftRail2Nut True
Installation EngineSuspension_LeftRail3Bolt True
Installation EngineSuspension_LeftRail3Lock True
Installation EngineSuspension_LeftRail3Nut True
Installation EngineSuspension_LeftRail4Bolt True
Installation EngineSuspension_LeftRail4Lock True
Installation EngineSuspension_LeftRail4Nut True
Installation EngineSuspension_LeftBevel1 False
Installation EngineSuspension_LeftBase1Bolt True
Installation EngineSuspension_LeftBase1Lock True
Installation EngineSuspension_LeftBase1Nut True
Installation EngineSuspension_LeftBevel2 False
Installation EngineSuspension_LeftBase2Bolt True
Installation EngineSuspension_LeftBase2Lock True
Installation EngineSuspension_LeftBase2Nut True
Installation EngineSuspension_RightRail1Bolt True
Installation EngineSuspension_RightRail1Lock True
Installation EngineSuspension_RightRail1Nut True
Installation EngineSuspension_RightRail2Bolt True
Installation EngineSuspension_RightRail2Lock True
Installation EngineSuspension_RightRail2Nut True
Installation EngineSuspension_RightRail3Bolt True
Installation EngineSuspension_RightRail3Lock True
Installation EngineSuspension_RightRail3Nut True
Installation EngineSuspension_RightRail4Bolt True
Installation EngineSuspension_RightRail4Lock True
Installation EngineSuspension_RightRail4Nut True
Installation EngineSuspension_RightBevel1 False
Installation EngineSuspension_RightBase1Bolt True
Installation EngineSuspension_RightBase1Lock True
Installation EngineSuspension_RightBase1Nut True
Installation EngineSuspension_RightBevel2 False
Installation EngineSuspension_RightBase2Bolt True
Installation EngineSuspension_RightBase2Lock True
Installation EngineSuspension_RightBase2Nut True
Installation EngineSuspension_LeftFrontRailBolt True
Installation EngineSuspension_LeftFrontRailLock True
Installation EngineSuspension_LeftFrontRailNut True
Installation EngineSuspension_LeftCap True
Installation EngineSuspension_LeftCapLock True
Installation EngineSuspension_RightFrontRailBolt True
Installation EngineSuspension_RightFrontRailLock True
Installation EngineSuspension_RightFrontRailNut True
Installation EngineSuspension_RightCap True
Installation EngineSuspension_RightCapLock True
Installation EngineSuspension_FrontPivotBolt True
Installation EngineSuspension_FrontPivotLock True
Installation EngineSuspension_FrontPivotNut True
Installation EngineFrame_RearChannel True
Installation EngineFrame_FrontCleat True
Traceback (most recent call last):
  File "/home/cyapp/MarkVIIILiberty/cad/003_FullTank/experiments/drive_chains/check_engine_suspension_exchange.py", line 40, in <module>
    assert all(x['passed'] for x in exchange)
           ^^^^^^^^^^^^^^^^^^^^^^^^^^^^^^^^^^
AssertionError
