{
  "passed": false,
  "checks": {
    "all_definition_shapes_frames_and_extracted_properties": true,
    "all_occurrence_frames_identities_and_owners": true,
    "all_assembly_frames_and_children": true,
    "all_archive_brep_bytes": true,
    "all_object_types": true,
    "all_persistent_object_properties": false
  },
  "native_sha256": "5b2b7a98dbc6c3bb7d56b484d27d9dba9731f3258f7b15af5d7e0a4ee0136969",
  "reproduction_native_sha256": "c36912a7ff7767fbd388d1e8cee8dacd91c6a754653ff9cb13d61f8032cb3736",
  "source_native_sha256": "64ca0ac392e36eeba7feeec1125e629d6935171c90d04d11c9c588d35301c695",
  "checker_sha256": "a349209113d5a5c5c2673979e3f6172f55023118e9e1a92ad01b4e4be94ea558",
  "manifest_sha256": [
    "a05eecda7b9e30ba0888f9fd53862d83506aca421d9b0532cb5e1d1461e6217c",
    "db4a3998473da85d43a0dce6645bbc9214a21be04075c5fb3fe9b93d1b2a94a1"
  ],
  "definition_count": 463,
  "occurrence_count": 2473,
  "assembly_count": 215,
  "archive_brep_count": 1415,
  "object_type_count": 9048,
  "persistent_object_property_count": 117432,
  "scope": "Fresh nominal transmission-support rebuild from the same saved source; no historical qualification.",
  "installation_qualified": false
}
Traceback (most recent call last):
  File "/home/cyapp/MarkVIIILiberty/cad/003_FullTank/experiments/drive_chains/check_powertrain_frame_reproduction.py", line 70, in <module>
    assert result['passed']
           ~~~~~~^^^^^^^^^^
AssertionError
