Definitions Def_EngineGear_bolt True
Definitions Def_EngineGear_cotter True
Definitions Def_EngineGear_gear True
Definitions Def_EngineGear_lock_screw True
Definitions Def_EngineGear_lock_wire True
Definitions Def_EngineGear_nut True
Definitions Def_EngineGear_shim True
Definitions Def_EngineCrank_shaft True
Definitions Def_EngineCrank_thrust_nut True
Installation EngineGear_Bolt1 True
Installation EngineGear_Nut1 True
Installation EngineGear_Cotter1 True
Installation EngineGear_Bolt2 True
Installation EngineGear_Nut2 True
Installation EngineGear_Cotter2 True
Installation EngineGear_Bolt3 True
Installation EngineGear_Nut3 True
Installation EngineGear_Cotter3 True
Installation EngineGear_Bolt4 True
Installation EngineGear_Nut4 True
Installation EngineGear_Cotter4 True
Installation EngineGear_Bolt5 True
Installation EngineGear_Nut5 True
Installation EngineGear_Cotter5 True
Installation EngineGear_Bolt6 True
Installation EngineGear_Nut6 True
Installation EngineGear_Cotter6 True
Installation EngineGear_DrivingBevel True
Installation EngineGear_ThinShim True
Installation EngineGear_ThrustLockScrew True
Installation EngineGear_ThrustLockWire True
Installation EngineCrank_Forging True
Installation EngineCrank_ThrustNut True
