All 2393 occurrence identities, owners and joint frames retained True
Every assembly placement and child list unchanged True
Exactly 12 rebuilt definitions and 157 affected occurrences True
All definition identities and source metadata retained True
Def_CapJointBodyInnerCleat valid single solid and bounded kernel tolerance True
Def_CapJointBodyOuterCleat valid single solid and bounded kernel tolerance True
Def_CapJointBodyRoofCleat valid single solid and bounded kernel tolerance True
Def_CapJointCapInnerCleat valid single solid and bounded kernel tolerance True
Def_CapJointCapOuterCleat valid single solid and bounded kernel tolerance True
Def_CapJointCapRoofCleat valid single solid and bounded kernel tolerance True
Def_CapJointInnerPacking valid single solid and bounded kernel tolerance True
Def_CapJointOuterPacking valid single solid and bounded kernel tolerance True
Def_CasingWallAngle valid single solid and bounded kernel tolerance True
Def_Casing_body valid single solid and bounded kernel tolerance True
Def_Casing_cap valid single solid and bounded kernel tolerance True
Def_hull_engine_back valid single solid and bounded kernel tolerance True
Printed maximum casing width retained True
Body/cap split retained True
Casing small-axis X follows saved transmission True
Casing small-axis Z follows saved transmission True
upper tangent at 1150.0 3mm normal stock True
upper tangent at 1570.0 3mm normal stock True
lower tangent at 1150.0 3mm normal stock True
lower tangent at 1570.0 3mm normal stock True
large rear 3mm normal stock True
small front 3mm normal stock True
side (600.0, 900.0, -1) 3mm normal stock True
side (600.0, 900.0, 1) 3mm normal stock True
side (550.0, 1160.0, -1) 3mm normal stock True
side (550.0, 1160.0, 1) 3mm normal stock True
side (1200.0, 1000.0, -1) 3mm normal stock True
side (1200.0, 1000.0, 1) 3mm normal stock True
side (1831.4946420457636, 1030.6029411764705, -1) 3mm normal stock True
side (1831.4946420457636, 1030.6029411764705, 1) 3mm normal stock True
taper -1 3mm normal stock True
taper 1 3mm normal stock True
Port collar on bulkhead True
Port casing passage clearance True
PortCasingWall_WallRivet00 bore and bearing contact True
PortCasingWall_WallRivet01 bore and bearing contact True
PortCasingWall_WallRivet02 bore and bearing contact True
PortCasingWall_WallRivet03 bore and bearing contact True
PortCasingWall_WallRivet04 bore and bearing contact True
PortCasingWall_WallRivet05 bore and bearing contact True
PortCasingWall_WallRivet06 bore and bearing contact True
PortCasingWall_WallRivet07 bore and bearing contact True
PortCasingWall_WallRivet08 bore and bearing contact True
PortCasingWall_WallRivet09 bore and bearing contact True
PortCasingWall_WallRivet10 bore and bearing contact True
PortCasingWall_CaseRivet00 bore and bearing contact True
PortCasingWall_CaseRivet01 bore and bearing contact True
PortCasingWall_CaseRivet02 bore and bearing contact True
PortCasingWall_CaseRivet03 bore and bearing contact True
PortCasingWall_CaseRivet04 bore and bearing contact True
PortCasingWall_CaseRivet05 bore and bearing contact True
PortCasingWall_CaseRivet06 bore and bearing contact True
PortCasingWall_CaseRivet07 bore and bearing contact True
PortCasingWall_CaseRivet08 bore and bearing contact True
PortCasingWall_CaseRivet09 bore and bearing contact True
PortCasingWall_CaseRivet10 bore and bearing contact True
PortCasingWall_CaseRivet11 bore and bearing contact True
PortCasingWall_CaseRivet12 bore and bearing contact True
PortCasingWall_CaseRivet13 bore and bearing contact True
PortCasingWall_CaseRivet14 bore and bearing contact True
PortCasingWall_CaseRivet15 bore and bearing contact True
PortCasingWall_CaseRivet16 bore and bearing contact True
PortCasingCap_BodyInnerCleatRivet00 bore and bearing contact False
PortCasingCap_BodyInnerCleatRivet01 bore and bearing contact False
PortCasingCap_BodyInnerCleatRivet02 bore and bearing contact False
PortCasingCap_CapInnerCleatRivet00 bore and bearing contact True
PortCasingCap_CapInnerCleatRivet01 bore and bearing contact True
PortCasingCap_CapInnerCleatRivet02 bore and bearing contact True
PortCasingCap_BodyOuterCleatRivet00 bore and bearing contact False
PortCasingCap_BodyOuterCleatRivet01 bore and bearing contact False
PortCasingCap_BodyOuterCleatRivet02 bore and bearing contact False
PortCasingCap_CapOuterCleatRivet00 bore and bearing contact True
PortCasingCap_CapOuterCleatRivet01 bore and bearing contact True
PortCasingCap_CapOuterCleatRivet02 bore and bearing contact True
PortCasingCap_BodyRoofCleatRivet00 bore and bearing contact True
PortCasingCap_BodyRoofCleatRivet01 bore and bearing contact True
PortCasingCap_BodyRoofCleatRivet02 bore and bearing contact True
PortCasingCap_CapRoofCleatRivet00 bore and bearing contact True
PortCasingCap_CapRoofCleatRivet01 bore and bearing contact True
PortCasingCap_CapRoofCleatRivet02 bore and bearing contact True
PortCasingCap_InnerBoltSet00 complete cleat bores True
PortCasingCap_InnerBoltSet00 bolt head seated True
PortCasingCap_InnerBoltSet00 washer seated True
PortCasingCap_InnerBoltSet00 nut seated True
PortCasingCap_InnerBoltSet01 complete cleat bores True
PortCasingCap_InnerBoltSet01 bolt head seated True
PortCasingCap_InnerBoltSet01 washer seated True
PortCasingCap_InnerBoltSet01 nut seated True
PortCasingCap_InnerBoltSet02 complete cleat bores True
PortCasingCap_InnerBoltSet02 bolt head seated True
PortCasingCap_InnerBoltSet02 washer seated True
PortCasingCap_InnerBoltSet02 nut seated True
PortCasingCap_OuterBoltSet00 complete cleat bores True
PortCasingCap_OuterBoltSet00 bolt head seated True
PortCasingCap_OuterBoltSet00 washer seated True
PortCasingCap_OuterBoltSet00 nut seated True
PortCasingCap_OuterBoltSet01 complete cleat bores True
PortCasingCap_OuterBoltSet01 bolt head seated True
PortCasingCap_OuterBoltSet01 washer seated True
PortCasingCap_OuterBoltSet01 nut seated True
PortCasingCap_OuterBoltSet02 complete cleat bores True
PortCasingCap_OuterBoltSet02 bolt head seated True
PortCasingCap_OuterBoltSet02 washer seated True
PortCasingCap_OuterBoltSet02 nut seated True
PortCasingCap_RoofBoltSet00 complete cleat bores True
PortCasingCap_RoofBoltSet00 bolt head seated True
PortCasingCap_RoofBoltSet00 washer seated True
PortCasingCap_RoofBoltSet00 nut seated True
PortCasingTrim_BodyRightRegisterRivet00 bore and bearing contact True
PortCasingTrim_BodyRightRegisterRivet01 bore and bearing contact True
PortCasingTrim_BodyRightRegisterRivet02 bore and bearing contact True
PortCasingTrim_BodyRightRegisterRivet03 bore and bearing contact True
PortCasingTrim_CapRightRegisterRivet00 bore and bearing contact True
PortCasingTrim_CapRightRegisterRivet01 bore and bearing contact True
PortCasingTrim_CapRightRegisterRivet02 bore and bearing contact True
PortCasingTrim_CapRightRegisterRivet03 bore and bearing contact True
PortCasingTrim_BodyRightBeadingRivet00 bore and bearing contact True
PortCasingTrim_BodyRightBeadingRivet01 bore and bearing contact True
PortCasingTrim_BodyRightBeadingRivet02 bore and bearing contact True
PortCasingTrim_BodyRightBeadingRivet03 bore and bearing contact True
PortCasingTrim_BodyRightBeadingRivet04 bore and bearing contact True
PortCasingTrim_CapRightBeadingRivet00 bore and bearing contact True
PortCasingTrim_CapRightBeadingRivet01 bore and bearing contact True
PortCasingTrim_CapRightBeadingRivet02 bore and bearing contact True
PortCasingTrim_CapRightBeadingRivet03 bore and bearing contact True
PortCasingTrim_CapRightBeadingRivet04 bore and bearing contact True
PortCasingTrim_BodyLeftRegisterRivet00 bore and bearing contact True
PortCasingTrim_BodyLeftRegisterRivet01 bore and bearing contact True
PortCasingTrim_BodyLeftRegisterRivet02 bore and bearing contact True
PortCasingTrim_BodyLeftRegisterRivet03 bore and bearing contact True
PortCasingTrim_CapLeftRegisterRivet00 bore and bearing contact True
PortCasingTrim_CapLeftRegisterRivet01 bore and bearing contact True
PortCasingTrim_CapLeftRegisterRivet02 bore and bearing contact True
PortCasingTrim_CapLeftRegisterRivet03 bore and bearing contact True
PortCasingTrim_BodyLeftBeadingRivet00 bore and bearing contact True
PortCasingTrim_BodyLeftBeadingRivet01 bore and bearing contact True
PortCasingTrim_BodyLeftBeadingRivet02 bore and bearing contact True
PortCasingTrim_BodyLeftBeadingRivet03 bore and bearing contact True
PortCasingTrim_BodyLeftBeadingRivet04 bore and bearing contact True
PortCasingTrim_CapLeftBeadingRivet00 bore and bearing contact True
PortCasingTrim_CapLeftBeadingRivet01 bore and bearing contact True
PortCasingTrim_CapLeftBeadingRivet02 bore and bearing contact True
PortCasingTrim_CapLeftBeadingRivet03 bore and bearing contact True
PortCasingTrim_CapLeftBeadingRivet04 bore and bearing contact True
PortCasingSupport_Right bracket on casing True
PortCasingSupport_RightRivet00 bore and bearing contact True
PortCasingSupport_RightRivet01 bore and bearing contact True
PortCasingSupport_RightRivet02 bore and bearing contact True
PortCasingSupport_RightRivet03 bore and bearing contact True
PortCasingSupport_RightRivet04 bore and bearing contact True
PortCasingSupport_RightRivet05 bore and bearing contact True
PortCasingSupport_RightRivet06 bore and bearing contact True
PortCasingSupport_Left bracket on casing True
PortCasingSupport_LeftRivet00 bore and bearing contact True
PortCasingSupport_LeftRivet01 bore and bearing contact True
PortCasingSupport_LeftRivet02 bore and bearing contact True
PortCasingSupport_LeftRivet03 bore and bearing contact True
PortCasingSupport_LeftRivet04 bore and bearing contact True
PortCasingSupport_LeftRivet05 bore and bearing contact True
PortCasingSupport_LeftRivet06 bore and bearing contact True
Starboard collar on bulkhead True
Starboard casing passage clearance True
StarboardCasingWall_WallRivet00 bore and bearing contact True
StarboardCasingWall_WallRivet01 bore and bearing contact True
StarboardCasingWall_WallRivet02 bore and bearing contact True
StarboardCasingWall_WallRivet03 bore and bearing contact True
StarboardCasingWall_WallRivet04 bore and bearing contact True
StarboardCasingWall_WallRivet05 bore and bearing contact True
StarboardCasingWall_WallRivet06 bore and bearing contact True
StarboardCasingWall_WallRivet07 bore and bearing contact True
StarboardCasingWall_WallRivet08 bore and bearing contact True
StarboardCasingWall_WallRivet09 bore and bearing contact True
StarboardCasingWall_WallRivet10 bore and bearing contact True
StarboardCasingWall_CaseRivet00 bore and bearing contact True
StarboardCasingWall_CaseRivet01 bore and bearing contact True
StarboardCasingWall_CaseRivet02 bore and bearing contact True
StarboardCasingWall_CaseRivet03 bore and bearing contact True
StarboardCasingWall_CaseRivet04 bore and bearing contact True
StarboardCasingWall_CaseRivet05 bore and bearing contact True
StarboardCasingWall_CaseRivet06 bore and bearing contact True
StarboardCasingWall_CaseRivet07 bore and bearing contact True
StarboardCasingWall_CaseRivet08 bore and bearing contact True
StarboardCasingWall_CaseRivet09 bore and bearing contact True
StarboardCasingWall_CaseRivet10 bore and bearing contact True
StarboardCasingWall_CaseRivet11 bore and bearing contact True
StarboardCasingWall_CaseRivet12 bore and bearing contact True
StarboardCasingWall_CaseRivet13 bore and bearing contact True
StarboardCasingWall_CaseRivet14 bore and bearing contact True
StarboardCasingWall_CaseRivet15 bore and bearing contact True
StarboardCasingWall_CaseRivet16 bore and bearing contact True
StarboardCasingCap_BodyInnerCleatRivet00 bore and bearing contact False
StarboardCasingCap_BodyInnerCleatRivet01 bore and bearing contact False
StarboardCasingCap_BodyInnerCleatRivet02 bore and bearing contact False
StarboardCasingCap_CapInnerCleatRivet00 bore and bearing contact True
StarboardCasingCap_CapInnerCleatRivet01 bore and bearing contact True
StarboardCasingCap_CapInnerCleatRivet02 bore and bearing contact True
StarboardCasingCap_BodyOuterCleatRivet00 bore and bearing contact False
StarboardCasingCap_BodyOuterCleatRivet01 bore and bearing contact False
StarboardCasingCap_BodyOuterCleatRivet02 bore and bearing contact False
StarboardCasingCap_CapOuterCleatRivet00 bore and bearing contact True
StarboardCasingCap_CapOuterCleatRivet01 bore and bearing contact True
StarboardCasingCap_CapOuterCleatRivet02 bore and bearing contact True
StarboardCasingCap_BodyRoofCleatRivet00 bore and bearing contact True
StarboardCasingCap_BodyRoofCleatRivet01 bore and bearing contact True
StarboardCasingCap_BodyRoofCleatRivet02 bore and bearing contact True
StarboardCasingCap_CapRoofCleatRivet00 bore and bearing contact True
StarboardCasingCap_CapRoofCleatRivet01 bore and bearing contact True
StarboardCasingCap_CapRoofCleatRivet02 bore and bearing contact True
StarboardCasingCap_InnerBoltSet00 complete cleat bores True
StarboardCasingCap_InnerBoltSet00 bolt head seated True
StarboardCasingCap_InnerBoltSet00 washer seated True
StarboardCasingCap_InnerBoltSet00 nut seated True
StarboardCasingCap_InnerBoltSet01 complete cleat bores True
StarboardCasingCap_InnerBoltSet01 bolt head seated True
StarboardCasingCap_InnerBoltSet01 washer seated True
StarboardCasingCap_InnerBoltSet01 nut seated True
StarboardCasingCap_InnerBoltSet02 complete cleat bores True
StarboardCasingCap_InnerBoltSet02 bolt head seated True
StarboardCasingCap_InnerBoltSet02 washer seated True
StarboardCasingCap_InnerBoltSet02 nut seated True
StarboardCasingCap_OuterBoltSet00 complete cleat bores True
StarboardCasingCap_OuterBoltSet00 bolt head seated True
StarboardCasingCap_OuterBoltSet00 washer seated True
StarboardCasingCap_OuterBoltSet00 nut seated True
StarboardCasingCap_OuterBoltSet01 complete cleat bores True
StarboardCasingCap_OuterBoltSet01 bolt head seated True
StarboardCasingCap_OuterBoltSet01 washer seated True
StarboardCasingCap_OuterBoltSet01 nut seated True
StarboardCasingCap_OuterBoltSet02 complete cleat bores True
StarboardCasingCap_OuterBoltSet02 bolt head seated True
StarboardCasingCap_OuterBoltSet02 washer seated True
StarboardCasingCap_OuterBoltSet02 nut seated True
StarboardCasingCap_RoofBoltSet00 complete cleat bores True
StarboardCasingCap_RoofBoltSet00 bolt head seated True
StarboardCasingCap_RoofBoltSet00 washer seated True
StarboardCasingCap_RoofBoltSet00 nut seated True
StarboardCasingTrim_BodyRightRegisterRivet00 bore and bearing contact True
StarboardCasingTrim_BodyRightRegisterRivet01 bore and bearing contact True
StarboardCasingTrim_BodyRightRegisterRivet02 bore and bearing contact True
StarboardCasingTrim_BodyRightRegisterRivet03 bore and bearing contact True
StarboardCasingTrim_CapRightRegisterRivet00 bore and bearing contact True
StarboardCasingTrim_CapRightRegisterRivet01 bore and bearing contact True
StarboardCasingTrim_CapRightRegisterRivet02 bore and bearing contact True
StarboardCasingTrim_CapRightRegisterRivet03 bore and bearing contact True
StarboardCasingTrim_BodyRightBeadingRivet00 bore and bearing contact True
StarboardCasingTrim_BodyRightBeadingRivet01 bore and bearing contact True
StarboardCasingTrim_BodyRightBeadingRivet02 bore and bearing contact True
StarboardCasingTrim_BodyRightBeadingRivet03 bore and bearing contact True
StarboardCasingTrim_BodyRightBeadingRivet04 bore and bearing contact True
StarboardCasingTrim_CapRightBeadingRivet00 bore and bearing contact True
StarboardCasingTrim_CapRightBeadingRivet01 bore and bearing contact True
StarboardCasingTrim_CapRightBeadingRivet02 bore and bearing contact True
StarboardCasingTrim_CapRightBeadingRivet03 bore and bearing contact True
StarboardCasingTrim_CapRightBeadingRivet04 bore and bearing contact True
StarboardCasingTrim_BodyLeftRegisterRivet00 bore and bearing contact True
StarboardCasingTrim_BodyLeftRegisterRivet01 bore and bearing contact True
StarboardCasingTrim_BodyLeftRegisterRivet02 bore and bearing contact True
StarboardCasingTrim_BodyLeftRegisterRivet03 bore and bearing contact True
StarboardCasingTrim_CapLeftRegisterRivet00 bore and bearing contact True
StarboardCasingTrim_CapLeftRegisterRivet01 bore and bearing contact True
StarboardCasingTrim_CapLeftRegisterRivet02 bore and bearing contact True
StarboardCasingTrim_CapLeftRegisterRivet03 bore and bearing contact True
StarboardCasingTrim_BodyLeftBeadingRivet00 bore and bearing contact True
StarboardCasingTrim_BodyLeftBeadingRivet01 bore and bearing contact True
StarboardCasingTrim_BodyLeftBeadingRivet02 bore and bearing contact True
StarboardCasingTrim_BodyLeftBeadingRivet03 bore and bearing contact True
StarboardCasingTrim_BodyLeftBeadingRivet04 bore and bearing contact True
StarboardCasingTrim_CapLeftBeadingRivet00 bore and bearing contact True
StarboardCasingTrim_CapLeftBeadingRivet01 bore and bearing contact True
StarboardCasingTrim_CapLeftBeadingRivet02 bore and bearing contact True
StarboardCasingTrim_CapLeftBeadingRivet03 bore and bearing contact True
StarboardCasingTrim_CapLeftBeadingRivet04 bore and bearing contact True
StarboardCasingSupport_Right bracket on casing True
StarboardCasingSupport_RightRivet00 bore and bearing contact True
StarboardCasingSupport_RightRivet01 bore and bearing contact True
StarboardCasingSupport_RightRivet02 bore and bearing contact True
StarboardCasingSupport_RightRivet03 bore and bearing contact True
StarboardCasingSupport_RightRivet04 bore and bearing contact True
StarboardCasingSupport_RightRivet05 bore and bearing contact True
StarboardCasingSupport_RightRivet06 bore and bearing contact True
StarboardCasingSupport_Left bracket on casing True
StarboardCasingSupport_LeftRivet00 bore and bearing contact True
StarboardCasingSupport_LeftRivet01 bore and bearing contact True
StarboardCasingSupport_LeftRivet02 bore and bearing contact True
StarboardCasingSupport_LeftRivet03 bore and bearing contact True
StarboardCasingSupport_LeftRivet04 bore and bearing contact True
StarboardCasingSupport_LeftRivet05 bore and bearing contact True
StarboardCasingSupport_LeftRivet06 bore and bearing contact True
Material new 1340 pairs
new full-context affected material clearance True
Material standard 27 pairs
standard full-context affected material clearance True
Port source-control rotor clearance True
Port positive body/chain clearance True
Starboard source-control rotor clearance True
Starboard positive body/chain clearance True
Traceback (most recent call last):
  File "/home/cyapp/MarkVIIILiberty/cad/003_FullTank/experiments/drive_chains/check_powertrain_casing_trial.py", line 215, in <module>
    assert all(v['passed'] for v in checks),'Preserve failures and diagnose without relaxing stock, bores or clearance.'
           ^^^^^^^^^^^^^^^^^^^^^^^^^^^^^^^^
AssertionError: Preserve failures and diagnose without relaxing stock, bores or clearance.
