Definitions lower_driving_gear True
Definitions lower_idler_gear True
Definitions upper_driving_gear True
Definitions upper_idler_gear True
Definitions shaft True
Definitions long_pin True
Definitions short_pin True
Definitions upper_bush True
Definitions lower_bush True
Definitions partition True
Definitions dowel True
Definitions lower_body True
Definitions upper_body True
Definitions relief_seat True
Definitions relief_valve True
Definitions relief_cage True
Definitions relief_shim True
Definitions relief_spring True
Definitions upper_plug True
Definitions body_plug True
Definitions cover True
Definitions cover_gasket True
Definitions drain_plug True
Definitions drain_gasket True
Definitions upper_filter_frame True
Definitions upper_side_screen True
Definitions upper_end_screen True
Definitions lower_filter_frame True
Definitions lower_side_screen True
Definitions lower_end_screen True
Definitions screen_nut True
Definitions screen_lock True
Assembly EngineOilPump_LowerDrivingGear True
Assembly EngineOilPump_LowerIdler1 True
Assembly EngineOilPump_UpperDrivingGear True
Assembly EngineOilPump_UpperIdler1 True
Assembly EngineOilPump_UpperIdler2 True
Assembly EngineOilPump_DrivingShaft True
Assembly EngineOilPump_LongIdlerPin True
Assembly EngineOilPump_ShortIdlerPin True
Assembly EngineOilPump_UpperBush True
Assembly EngineOilPump_LowerBush True
Assembly EngineOilPump_SeparatingPlate True
Assembly EngineOilPump_LocatingDowel1 True
Assembly EngineOilPump_LocatingDowel2 True
Assembly EngineOilPump_LowerBody True
Assembly EngineOilPump_UpperBody True
Assembly EngineOilPump_ReliefSeat True
Assembly EngineOilPump_ReliefValve True
Assembly EngineOilPump_ReliefCage True
Assembly EngineOilPump_ReliefShim True
Assembly EngineOilPump_ReliefSpring True
Assembly EngineOilPump_UpperPassagePlug1 True
Assembly EngineOilPump_UpperPassagePlug2 True
Assembly EngineOilPump_LowerBodyPlug True
Assembly EngineOilPump_BottomCover True
Assembly EngineOilPump_CoverGasket True
Assembly EngineOilPump_DrainPlug True
Assembly EngineOilPump_DrainGasket True
Assembly EngineOilPump_UpperFilterFrame True
Assembly EngineOilPump_UpperSideScreen True
Assembly EngineOilPump_UpperEndScreen True
Assembly EngineOilPump_LowerFilterFrame True
Assembly EngineOilPump_LowerSideScreen True
Assembly EngineOilPump_LowerEndScreen True
Assembly EngineOilPump_UpperScreenNut True
Assembly EngineOilPump_UpperScreenNutLock True
