definition_lower_driving_gear True
definition_lower_idler_gear True
definition_upper_driving_gear True
definition_upper_idler_gear True
definition_shaft True
definition_long_pin True
definition_short_pin True
definition_upper_bush True
definition_lower_bush True
definition_partition True
definition_dowel True
definition_lower_body True
definition_upper_body True
definition_relief_seat True
definition_relief_valve True
definition_relief_cage True
definition_relief_shim True
definition_relief_spring True
definition_upper_plug True
definition_body_plug True
definition_cover True
definition_cover_gasket True
definition_drain_plug True
definition_drain_gasket True
definition_upper_filter_frame True
definition_upper_side_screen True
definition_upper_end_screen True
definition_lower_filter_frame True
definition_lower_side_screen True
definition_lower_end_screen True
definition_screen_nut True
definition_screen_lock True
link_EngineOilPump_LowerDrivingGear True
link_EngineOilPump_LowerIdler1 True
link_EngineOilPump_UpperDrivingGear True
link_EngineOilPump_UpperIdler1 True
link_EngineOilPump_UpperIdler2 True
link_EngineOilPump_DrivingShaft True
link_EngineOilPump_LongIdlerPin True
link_EngineOilPump_ShortIdlerPin True
link_EngineOilPump_UpperBush True
link_EngineOilPump_LowerBush True
link_EngineOilPump_SeparatingPlate True
link_EngineOilPump_LocatingDowel1 True
link_EngineOilPump_LocatingDowel2 True
link_EngineOilPump_LowerBody True
link_EngineOilPump_UpperBody True
link_EngineOilPump_ReliefSeat True
link_EngineOilPump_ReliefValve True
link_EngineOilPump_ReliefCage True
link_EngineOilPump_ReliefShim True
link_EngineOilPump_ReliefSpring True
link_EngineOilPump_UpperPassagePlug1 True
link_EngineOilPump_UpperPassagePlug2 True
link_EngineOilPump_LowerBodyPlug True
link_EngineOilPump_BottomCover True
link_EngineOilPump_CoverGasket True
link_EngineOilPump_DrainPlug True
link_EngineOilPump_DrainGasket True
link_EngineOilPump_UpperFilterFrame True
link_EngineOilPump_UpperSideScreen True
link_EngineOilPump_UpperEndScreen True
link_EngineOilPump_LowerFilterFrame True
link_EngineOilPump_LowerSideScreen True
link_EngineOilPump_LowerEndScreen True
link_EngineOilPump_UpperScreenNut True
link_EngineOilPump_UpperScreenNutLock True
physical_inventory True
physical_material True
passage_pressure_front_sump True
passage_pressure_filtered_supply True
passage_pressure_common_return True
passage_pressure_relief True
passage_pressure_crossover True
passage_pressure_rear_sump True
passage_pressure_tank_supply True
passage_front_sump_filtered_supply True
passage_front_sump_common_return True
passage_front_sump_relief True
passage_front_sump_crossover True
passage_front_sump_rear_sump True
passage_front_sump_tank_supply True
passage_filtered_supply_common_return True
passage_filtered_supply_relief True
passage_filtered_supply_crossover True
passage_filtered_supply_rear_sump True
passage_filtered_supply_tank_supply True
passage_common_return_relief True
passage_common_return_crossover True
passage_common_return_rear_sump True
passage_common_return_tank_supply True
passage_relief_crossover True
passage_relief_rear_sump True
passage_relief_tank_supply True
passage_crossover_rear_sump True
passage_crossover_tank_supply True
passage_rear_sump_tank_supply True
saved_void_pressure True
saved_void_front_sump True
saved_void_filtered_supply True
saved_void_common_return True
saved_void_relief True
saved_void_crossover True
saved_void_rear_sump True
saved_void_tank_supply True
saved_drain_bore True
source_nominal_gear_fits True
mesh_lower_-1_0 True
mesh_lower_-1_1 True
mesh_lower_-1_2 True
mesh_lower_-1_3 True
mesh_lower_-1_4 True
mesh_lower_-1_5 True
mesh_lower_-1_6 True
mesh_lower_-1_7 True
mesh_lower_-1_8 True
mesh_upper_-1_0 True
mesh_upper_1_0 True
mesh_upper_-1_1 True
mesh_upper_1_1 True
mesh_upper_-1_2 True
mesh_upper_1_2 True
mesh_upper_-1_3 True
mesh_upper_1_3 True
mesh_upper_-1_4 True
mesh_upper_1_4 True
mesh_upper_-1_5 True
mesh_upper_1_5 True
mesh_upper_-1_6 True
mesh_upper_1_6 True
mesh_upper_-1_7 True
mesh_upper_1_7 True
mesh_upper_-1_8 True
mesh_upper_1_8 True
upper_screen_aperture True
lower_screen_aperture True
source_assets True
native_unchanged True
