Definitions Def_EngineLowerDrive_driver True
Definitions Def_EngineLowerDrive_bush True
Definitions Def_EngineLowerDrive_housing_flywheel True
Definitions Def_EngineLowerDrive_housing_distributor True
Definitions Def_EngineLowerDrive_dowel True
Definitions Def_EngineLowerDrive_bolt True
Definitions Def_EngineLowerDrive_nut True
Definitions Def_EngineLowerDrive_washer True
Definitions Def_EngineLowerDrive_cotter True
Definitions Def_EngineLowerDrive_retaining_screw True
Installation EngineLowerDrive_IntegralDriver True
Installation EngineLowerDrive_DistributorBush True
Installation EngineLowerDrive_FlywheelBush True
Installation EngineLowerDrive_FlywheelHousing True
Installation EngineLowerDrive_DistributorHousing True
Installation EngineLowerDrive_BushDowel True
Installation EngineLowerDrive_HousingRetainingScrew True
Installation EngineLowerDrive_ClampBolt1 True
Installation EngineLowerDrive_HeadWasher1 True
Installation EngineLowerDrive_NutWasher1 True
Installation EngineLowerDrive_ClampNut1 True
Installation EngineLowerDrive_ClampCotter1 True
Installation EngineLowerDrive_ClampBolt2 True
Installation EngineLowerDrive_HeadWasher2 True
Installation EngineLowerDrive_NutWasher2 True
Installation EngineLowerDrive_ClampNut2 True
Installation EngineLowerDrive_ClampCotter2 True
