saved hierarchy extracted candidate 2393
saved hierarchy extracted drive 2170
saved hierarchy extracted oil 146
saved hierarchy extracted water 2247
saved hierarchy extracted receiver 1
2393 unique physical occurrences True
water axis follows independently bound lower-drive dimension True
inherited engine registration preserved True
unchanged parent coverage derived from source native True
material equivalence Def_ClutchBrake_carrier True
material equivalence Def_ClutchCone_spring True
material equivalence Def_ClutchDrive_belt True
material equivalence Def_ClutchRetention_wire True
material equivalence Def_ClutchStopBand_lining True
material equivalence Def_FrontClutch_spring True
material equivalence Def_TransmissionInput_cage True
material equivalence Def_TransmissionPin_bolt_nut True
material equivalence Def_TransmissionPin_nut True
material equivalence Def_TransmissionSmallSupport_bolt_nut True
material equivalence Def_TransmissionSmallSupport_nut True
material equivalence Def_EngineWaterPump_shaft True
material equivalence Def_EngineWaterPump_key True
material equivalence Def_EngineWaterPump_impeller_nut True
material equivalence Def_EngineWaterPump_impeller_cotter True
material equivalence Def_EngineWaterPump_bearing_ball True
material equivalence Def_EngineWaterPump_bearing_inner True
material equivalence Def_EngineWaterPump_bearing_outer True
material equivalence Def_EngineWaterPump_bearing_cage True
material equivalence Def_EngineWaterPump_body True
material equivalence Def_EngineWaterPump_cover_stud True
material equivalence Def_EngineWaterPump_cover_washer True
material equivalence Def_EngineWaterPump_cover_nut True
material equivalence Def_EngineWaterPump_cover_cotter True
material equivalence Def_EngineWaterPump_lock_wire True
material equivalence Def_EngineWaterPump_retainer True
material equivalence Def_EngineWaterPump_packing True
material equivalence Def_EngineWaterPump_gland True
material equivalence Def_EngineWaterPump_spring True
material equivalence Def_EngineWaterPump_joint_gasket True
material equivalence Def_EngineWaterPump_shim True
material equivalence Def_EngineWaterPump_mount_stud True
material equivalence Def_EngineWaterPump_mount_washer True
material equivalence Def_EngineWaterPump_mount_nut True
material equivalence Def_EngineWaterPump_plug_gasket True
material equivalence Def_EngineWaterPump_plug True
material equivalence Def_EngineWaterPump_impeller True
material equivalence Def_EngineWaterPump_cover True
material equivalence Def_EngineWaterPump_cover_gasket True
material equivalence Def_EngineLowerDrive_bolt True
material equivalence Def_EngineLowerDrive_nut True
material equivalence Def_EngineLowerDrive_cotter True
material equivalence Def_EngineLowerDrive_driver True
material equivalence Def_EngineLowerDrive_bush True
material equivalence Def_EngineLowerDrive_housing_flywheel True
material equivalence Def_EngineLowerDrive_housing_distributor True
material equivalence Def_EngineLowerDrive_retaining_screw True
material equivalence Def_EngineOilPump_lower_bush True
material equivalence Def_EngineOilPump_partition True
material equivalence Def_EngineOilPump_lower_body True
material equivalence Def_EngineOilPump_cover True
material equivalence Def_EngineOilPump_cover_gasket True
material equivalence Def_EngineOilPump_drain_plug True
material equivalence Def_EngineOilPump_drain_gasket True
material equivalence Def_EngineOilPump_upper_bush True
material equivalence Def_EngineOilPump_upper_body True
material equivalence Def_EngineOilPump_lower_driving_gear True
material equivalence Def_EngineOilPump_lower_idler_gear True
material equivalence Def_EngineOilPump_upper_driving_gear True
material equivalence Def_EngineOilPump_upper_idler_gear True
material equivalence Def_EngineOilPump_shaft True
material equivalence Def_EngineOilPump_relief_seat True
material equivalence Def_EngineOilPump_relief_valve True
material equivalence Def_EngineOilPump_relief_cage True
material equivalence Def_EngineOilPump_relief_shim True
material equivalence Def_EngineOilPump_relief_spring True
material equivalence Def_EngineOilPump_relief_lock_wire True
material equivalence Def_EngineOilPump_upper_filter_frame True
material equivalence Def_EngineOilPump_upper_side_screen True
material equivalence Def_EngineOilPump_upper_end_screen True
material equivalence Def_EngineOilPump_lower_filter_frame True
material equivalence Def_EngineOilPump_lower_side_screen True
material equivalence Def_EngineOilPump_lower_end_screen True
material equivalence Def_EngineOilPump_screen_nut True
material equivalence Def_EngineOilPump_screen_lock True
material equivalence Def_EngineOilPump_upper_body_bolt True
material equivalence Def_EngineOilPump_fastener_washer True
material equivalence Def_EngineOilPump_fastener_nut True
material equivalence Def_EngineOilPump_fastener_cotter True
material equivalence Def_EngineOilPump_cover_body_bolt True
material equivalence Def_EngineOilPump_mount_stud True
material equivalence Def_EngineOilPump_mount_gasket True
material equivalence Def_EngineCase_lower True
all saved definitions and composed frames match sources True
pump parentage and identities preserved True
local mechanical evidence bound to exact receiver True
frame negative control rejects 1mm water-axis displacement True
