Definitions Def_ClutchStopBand_lining_rivet True
Definitions Def_ClutchStopBand_fold_rivet True
Definitions Def_ClutchStopBand_band True
Definitions Def_ClutchStopBand_lining True
Installation ClutchStopBand_LiningRivet01 True
Installation ClutchStopBand_LiningRivet02 True
Installation ClutchStopBand_LiningRivet03 True
Installation ClutchStopBand_LiningRivet04 True
Installation ClutchStopBand_LiningRivet05 True
Installation ClutchStopBand_LiningRivet06 True
Installation ClutchStopBand_LiningRivet07 True
Installation ClutchStopBand_LiningRivet08 True
Installation ClutchStopBand_LiningRivet09 True
Installation ClutchStopBand_LiningRivet10 True
Installation ClutchStopBand_LiningRivet11 True
Installation ClutchStopBand_LiningRivet12 True
Installation ClutchStopBand_LiningRivet13 True
Installation ClutchStopBand_LiningRivet14 True
Installation ClutchStopBand_FoldRivet1 True
Installation ClutchStopBand_FoldRivet2 True
Installation ClutchStopBand_FoldRivet3 True
Installation ClutchStopBand_band True
Installation ClutchStopBand_lining True
