Updating stop drum, belt closure and pump supports.
Constructing band, lining, returned pin eye and17 source-count rivets.
Saved/reopened1681components;19new,85affected,1577preserved.
ClutchDrive_drum 56 pairs 0 overlaps
ClutchDrive_belt 69 pairs 0 overlaps
AirPump_RearBearing 77 pairs 0 overlaps
AirPump_RearBush 79 pairs 0 overlaps
AirPump_RearBearingScrew1 80 pairs 0 overlaps
AirPump_RearBearingScrew2 81 pairs 0 overlaps
AirPump_RearBearingScrew3 82 pairs 0 overlaps
AirPump_FrontBearing 90 pairs 0 overlaps
AirPump_FrontBush 92 pairs 0 overlaps
AirPump_FrontBearingScrew1 94 pairs 0 overlaps
AirPump_FrontBearingScrew2 96 pairs 0 overlaps
AirPump_FrontBearingScrew3 98 pairs 0 overlaps
AirPump_Port1_cylinder 105 pairs 0 overlaps
AirPump_Port1_check_nut 109 pairs 0 overlaps
AirPump_Port1_displacement_plug 112 pairs 0 overlaps
AirPump_Port1_piston 117 pairs 0 overlaps
AirPump_Port1_spring 120 pairs 0 overlaps
AirPump_Port1_screw1 121 pairs 0 overlaps
AirPump_Port1_screw2 122 pairs 0 overlaps
AirPump_Starboard1_cylinder 129 pairs 0 overlaps
AirPump_Starboard1_check_nut 133 pairs 0 overlaps
AirPump_Starboard1_displacement_plug 136 pairs 0 overlaps
AirPump_Starboard1_piston 141 pairs 0 overlaps
AirPump_Starboard1_spring 144 pairs 0 overlaps
AirPump_Starboard1_screw1 145 pairs 0 overlaps
AirPump_Starboard1_screw2 146 pairs 0 overlaps
AirPump_Port2_cylinder 153 pairs 0 overlaps
AirPump_Port2_check_nut 157 pairs 0 overlaps
AirPump_Port2_displacement_plug 160 pairs 0 overlaps
AirPump_Port2_piston 165 pairs 0 overlaps
AirPump_Port2_spring 168 pairs 0 overlaps
AirPump_Port2_screw1 169 pairs 0 overlaps
AirPump_Port2_screw2 170 pairs 0 overlaps
AirPump_Starboard2_cylinder 177 pairs 0 overlaps
AirPump_Starboard2_check_nut 181 pairs 0 overlaps
AirPump_Starboard2_displacement_plug 184 pairs 0 overlaps
AirPump_Starboard2_piston 189 pairs 0 overlaps
AirPump_Starboard2_spring 192 pairs 0 overlaps
AirPump_Starboard2_screw1 193 pairs 0 overlaps
AirPump_Starboard2_screw2 194 pairs 0 overlaps
AirPump_Oil_50_plug 195 pairs 0 overlaps
AirPump_Oil50_plug 196 pairs 0 overlaps
AirPump_End_1_0_plug 197 pairs 0 overlaps
AirPump_End_1_1_plug 198 pairs 0 overlaps
AirPump_End1_0_plug 199 pairs 0 overlaps
AirPump_End1_1_plug 200 pairs 0 overlaps
AirPump_Drain_plug 201 pairs 0 overlaps
AirPump_AirHoleCover 202 pairs 0 overlaps
AirPump_base 209 pairs 0 overlaps
AirPump_shaft 212 pairs 0 overlaps
AirPump_pulley 214 pairs 0 overlaps
AirPump_shaft_nut 214 pairs 0 overlaps
AirPump_key 214 pairs 0 overlaps
PumpMount_Port_Bracket 252 pairs 0 overlaps
PumpMount_Port_MX98_Stud 273 pairs 0 overlaps
PumpMount_Port_MX98_Nut 280 pairs 0 overlaps
PumpMount_Port_MX98_Cotter 281 pairs 0 overlaps
PumpMount_Port_MX99_Stud 289 pairs 0 overlaps
PumpMount_Port_MX102_JamNut 290 pairs 0 overlaps
PumpMount_Port_MX99_HalfNut 291 pairs 0 overlaps
PumpMount_Port_MX99_LowerWasher 291 pairs 0 overlaps
PumpMount_Port_MX99_UpperWasher 292 pairs 0 overlaps
PumpMount_Port_MX99_SmallNut 292 pairs 0 overlaps
PumpMount_Port_Base1_Bolt 294 pairs 0 overlaps
PumpMount_Port_Base1_Washer 295 pairs 0 overlaps
PumpMount_Port_Base1_Nut 295 pairs 0 overlaps
PumpMount_Port_Base2_Bolt 297 pairs 0 overlaps
PumpMount_Port_Base2_Washer 298 pairs 0 overlaps
PumpMount_Port_Base2_Nut 298 pairs 0 overlaps
PumpMount_Starboard_Bracket 332 pairs 0 overlaps
PumpMount_Starboard_MX98_Stud 352 pairs 0 overlaps
PumpMount_Starboard_MX98_Nut 358 pairs 0 overlaps
PumpMount_Starboard_MX98_Cotter 359 pairs 0 overlaps
PumpMount_Starboard_MX99_Stud 367 pairs 0 overlaps
PumpMount_Starboard_MX102_JamNut 368 pairs 0 overlaps
PumpMount_Starboard_MX99_HalfNut 369 pairs 0 overlaps
PumpMount_Starboard_MX99_LowerWasher 369 pairs 0 overlaps
PumpMount_Starboard_MX99_UpperWasher 370 pairs 0 overlaps
PumpMount_Starboard_MX99_SmallNut 370 pairs 0 overlaps
PumpMount_Starboard_Base1_Bolt 372 pairs 0 overlaps
PumpMount_Starboard_Base1_Washer 373 pairs 0 overlaps
PumpMount_Starboard_Base1_Nut 373 pairs 0 overlaps
PumpMount_Starboard_Base2_Bolt 375 pairs 0 overlaps
PumpMount_Starboard_Base2_Washer 376 pairs 0 overlaps
PumpMount_Starboard_Base2_Nut 376 pairs 0 overlaps
ClutchStopBand_LiningRivet01 379 pairs 0 overlaps
ClutchStopBand_LiningRivet02 382 pairs 0 overlaps
ClutchStopBand_LiningRivet03 384 pairs 0 overlaps
ClutchStopBand_LiningRivet04 386 pairs 0 overlaps
ClutchStopBand_LiningRivet05 389 pairs 0 overlaps
ClutchStopBand_LiningRivet06 392 pairs 0 overlaps
ClutchStopBand_LiningRivet07 394 pairs 0 overlaps
ClutchStopBand_LiningRivet08 396 pairs 0 overlaps
ClutchStopBand_LiningRivet09 398 pairs 0 overlaps
ClutchStopBand_LiningRivet10 400 pairs 0 overlaps
ClutchStopBand_LiningRivet11 403 pairs 0 overlaps
ClutchStopBand_LiningRivet12 406 pairs 0 overlaps
ClutchStopBand_LiningRivet13 408 pairs 0 overlaps
ClutchStopBand_LiningRivet14 410 pairs 0 overlaps
ClutchStopBand_FoldRivet1 413 pairs 0 overlaps
ClutchStopBand_FoldRivet2 416 pairs 0 overlaps
ClutchStopBand_FoldRivet3 419 pairs 0 overlaps
ClutchStopBand_band 446 pairs 0 overlaps
ClutchStopBand_lining 472 pairs 0 overlaps
