QOpenGLWidget is not supported on this platform.
[
  {
    "suffix": "Upper",
    "case": "case",
    "overlap": 9.041164591322516,
    "expected": 9.04114570576519,
    "fraction": 1.000002088845589,
    "samples": [
      [
        [
          -0.1505,
          40.0,
          218.0
        ],
        true
      ],
      [
        [
          -0.1505,
          119.0,
          150.0
        ],
        true
      ],
      [
        [
          -0.1505,
          150.0,
          67.0
        ],
        true
      ]
    ]
  },
  {
    "suffix": "Upper",
    "case": "cover",
    "overlap": 0.0,
    "expected": 9.04114570576519,
    "fraction": 0.0,
    "samples": [
      [
        [
          0.1505,
          40.0,
          218.0
        ],
        true
      ],
      [
        [
          0.1505,
          119.0,
          150.0
        ],
        true
      ],
      [
        [
          0.1505,
          150.0,
          67.0
        ],
        true
      ]
    ]
  },
  {
    "suffix": "Lower",
    "case": "case",
    "overlap": 9.041164591416734,
    "expected": 9.041145705765185,
    "fraction": 1.0000020888560106,
    "samples": [
      [
        [
          -0.1505,
          40.0,
          -218.0
        ],
        true
      ],
      [
        [
          -0.1505,
          119.0,
          -150.0
        ],
        true
      ],
      [
        [
          -0.1505,
          150.0,
          -67.0
        ],
        true
      ]
    ]
  },
  {
    "suffix": "Lower",
    "case": "cover",
    "overlap": 0.0,
    "expected": 9.041145705765185,
    "fraction": 0.0,
    "samples": [
      [
        [
          0.1505,
          40.0,
          -218.0
        ],
        true
      ],
      [
        [
          0.1505,
          119.0,
          -150.0
        ],
        true
      ],
      [
        [
          0.1505,
          150.0,
          -67.0
        ],
        true
      ]
    ]
  }
]
