unique physical occurrences match parent plus pump True
all new saved parts are valid single solids True
all pump links have correct parents and identity definitions True
bearing printed bore 0.6693 inch True
bearing printed outside 1.8504 inch True
bearing printed width 0.5512 inch True
one geared shaft and two packing boxes True
printed key length and width True
bearing shoulder meets inner race True
bearing retainer has axial shoulder allowance True
retainer axial passage open True
body axial passage open True
cover axial passage open True
impeller inside open centrifugal chamber True
inlet printed 2 inch outer diameter True
curved inlet centerline is open True
inlet end wall remains continuous around full circumference True
outlet open -1 True
outlet open 1 True
eight source stud sets True
stud printed length 1-3/16 inch True
revised lower case is one valid solid True
four source mounting stud sets True
mounting studs retain printed diameter and length True
source thread spans contain full nut engagement True
all mounting washers bear against body and nuts True
all blind case receivers have surrounding material and bottom walls True
estimated straight socket envelopes clear castings and adjacent fittings True
eight blind cover receivers retain wall and bottom material True
drain gasket has a complete flat casting seat True
drain boss preserves adjoining chamber and outlet fluid volume True
outlet end wall continuous -1 True
outlet end wall continuous 1 True
outlet has printed hose-end OD and 0.065 inch wall True
outlet full 1-7/8 inch stock remains open 1 True
outlet printed tube wall throughout stock 1 True
outlet full 1-7/8 inch stock remains open 2 True
outlet printed tube wall throughout stock 2 True
inlet has printed hose-end OD and 0.065 inch wall True
inlet full 1-7/8 inch stock remains open 1 True
inlet printed tube wall throughout stock 1 True
HB191 connection identities belong to their two castings True
wire reference is hidden nonphysical construction geometry True
one LQ167A wire retains all ten inches of stock True
every round wire surface retains No18 diameter True
wire solid contains the source stock volume True
nonadjacent wire strands remain separated True
formed wire has no local folded tube True
physical wire follows every saved centerline segment True
plug cross-hole passes the wire and retains surrounding head stock True
wire loop clears the cover stud and nut True
retained helix and Bezier reference fit within 0.001 mm at held-out samples True
wire passes detailed kernel Boolean geometry check True
Material pairs 25
Material pairs 50
Material pairs 75
Material pairs 100
Material pairs 125
Material pairs 150
Material pairs 175
Material pairs 200
Material pairs 225
Material pairs 250
Material pairs 275
Material pairs 300
Material pairs 325
Material pairs 350
Material pairs 375
Material pairs 400
Material pairs 425
Material pairs 450
Material pairs 475
all pump and context pairs clear True
Mesh sample 0 True
Mesh sample 1 True
Mesh sample 2 True
Mesh sample 3 True
Mesh sample 4 True
Mesh sample 5 True
Mesh sample 6 True
Mesh sample 7 True
Mesh sample 8 True
actual pump mesh throughout tooth pitch True
half-tooth phase negative control collides True
complete keyed rotor clears stationary pump at eight angles True
2169 parent materials and all2170frames preserved True
case material preserved outside fixed mounting region True
