QOpenGLWidget is not supported on this platform.
{'kind': 'receiver_stop_negative', 'hand': 'Port', 'index': 0, 'key': 'bolt', 'receiver': 'PortPlanetSupports_pin_ring', 'shift_world_mm': [0.0, 0.5, 0.0], 'overlap_mm3': 301.3167413735204, 'passed': True}
{'kind': 'receiver_stop_negative', 'hand': 'Port', 'index': 0, 'key': 'bolt_nut', 'receiver': 'PortTransmissionCore_planet_disk', 'shift_world_mm': [-0.0, -0.5, -0.0], 'overlap_mm3': 301.316741373688, 'passed': True}
{'kind': 'receiver_stop_negative', 'hand': 'Port', 'index': 0, 'key': 'bolt', 'receiver': 'PortPlanetSupports_pin_ring', 'shift_world_mm': [1.188717926752513, 0.0, 1.0709573710550797], 'overlap_mm3': 456.6590523933953, 'passed': True}
{'kind': 'cotter_clock_negative', 'hand': 'Port', 'index': 0, 'rotation_deg': 30, 'overlap_mm3': 48.077316211521534, 'passed': True}
{'kind': 'bolt_extraction_clearance', 'hand': 'Port', 'index': 0, 'travel_mm': 0.5, 'max_overlap_mm3': 0.0, 'scope': 'Bolt only; nut and cotter removed. Geometric access, not tooling or full assembly-motion qualification.', 'passed': True}
{'kind': 'bolt_extraction_clearance', 'hand': 'Port', 'index': 0, 'travel_mm': 15, 'max_overlap_mm3': 0.0, 'scope': 'Bolt only; nut and cotter removed. Geometric access, not tooling or full assembly-motion qualification.', 'passed': True}
{'kind': 'bolt_extraction_clearance', 'hand': 'Port', 'index': 0, 'travel_mm': 40, 'max_overlap_mm3': 0.0, 'scope': 'Bolt only; nut and cotter removed. Geometric access, not tooling or full assembly-motion qualification.', 'passed': True}
{'kind': 'bolt_extraction_clearance', 'hand': 'Port', 'index': 0, 'travel_mm': 75, 'max_overlap_mm3': 0.0, 'scope': 'Bolt only; nut and cotter removed. Geometric access, not tooling or full assembly-motion qualification.', 'passed': True}
{'kind': 'receiver_stop_negative', 'hand': 'Port', 'index': 1, 'key': 'bolt', 'receiver': 'PortPlanetSupports_pin_ring', 'shift_world_mm': [0.0, 0.5, 0.0], 'overlap_mm3': 301.31674137358925, 'passed': True}
{'kind': 'receiver_stop_negative', 'hand': 'Port', 'index': 1, 'key': 'bolt_nut', 'receiver': 'PortTransmissionCore_planet_disk', 'shift_world_mm': [-0.0, -0.5, -0.0], 'overlap_mm3': 301.3167413735894, 'passed': True}
{'kind': 'receiver_stop_negative', 'hand': 'Port', 'index': 1, 'key': 'bolt', 'receiver': 'PortPlanetSupports_pin_ring', 'shift_world_mm': [-1.5218352530801529, 0.0, 0.49398123697410556], 'overlap_mm3': 456.65905239347126, 'passed': True}
{'kind': 'cotter_clock_negative', 'hand': 'Port', 'index': 1, 'rotation_deg': 30, 'overlap_mm3': 48.07731622681288, 'passed': True}
{'kind': 'bolt_extraction_clearance', 'hand': 'Port', 'index': 1, 'travel_mm': 0.5, 'max_overlap_mm3': 0.0, 'scope': 'Bolt only; nut and cotter removed. Geometric access, not tooling or full assembly-motion qualification.', 'passed': True}
{'kind': 'bolt_extraction_clearance', 'hand': 'Port', 'index': 1, 'travel_mm': 15, 'max_overlap_mm3': 0.0, 'scope': 'Bolt only; nut and cotter removed. Geometric access, not tooling or full assembly-motion qualification.', 'passed': True}
{'kind': 'bolt_extraction_clearance', 'hand': 'Port', 'index': 1, 'travel_mm': 40, 'max_overlap_mm3': 0.0, 'scope': 'Bolt only; nut and cotter removed. Geometric access, not tooling or full assembly-motion qualification.', 'passed': True}
{'kind': 'bolt_extraction_clearance', 'hand': 'Port', 'index': 1, 'travel_mm': 75, 'max_overlap_mm3': 0.0, 'scope': 'Bolt only; nut and cotter removed. Geometric access, not tooling or full assembly-motion qualification.', 'passed': True}
{'kind': 'receiver_stop_negative', 'hand': 'Port', 'index': 2, 'key': 'bolt', 'receiver': 'PortPlanetSupports_pin_ring', 'shift_world_mm': [0.0, 0.5, 0.0], 'overlap_mm3': 301.3167413736921, 'passed': True}
{'kind': 'receiver_stop_negative', 'hand': 'Port', 'index': 2, 'key': 'bolt_nut', 'receiver': 'PortTransmissionCore_planet_disk', 'shift_world_mm': [-0.0, -0.5, -0.0], 'overlap_mm3': 301.316741373422, 'passed': True}
{'kind': 'receiver_stop_negative', 'hand': 'Port', 'index': 2, 'key': 'bolt', 'receiver': 'PortPlanetSupports_pin_ring', 'shift_world_mm': [0.3331173263276391, 0.0, -1.5649386080291858], 'overlap_mm3': 456.65905239317857, 'passed': True}
{'kind': 'cotter_clock_negative', 'hand': 'Port', 'index': 2, 'rotation_deg': 30, 'overlap_mm3': 48.07731622623099, 'passed': True}
{'kind': 'bolt_extraction_clearance', 'hand': 'Port', 'index': 2, 'travel_mm': 0.5, 'max_overlap_mm3': 0.0, 'scope': 'Bolt only; nut and cotter removed. Geometric access, not tooling or full assembly-motion qualification.', 'passed': True}
{'kind': 'bolt_extraction_clearance', 'hand': 'Port', 'index': 2, 'travel_mm': 15, 'max_overlap_mm3': 0.0, 'scope': 'Bolt only; nut and cotter removed. Geometric access, not tooling or full assembly-motion qualification.', 'passed': True}
{'kind': 'bolt_extraction_clearance', 'hand': 'Port', 'index': 2, 'travel_mm': 40, 'max_overlap_mm3': 0.0, 'scope': 'Bolt only; nut and cotter removed. Geometric access, not tooling or full assembly-motion qualification.', 'passed': True}
{'kind': 'bolt_extraction_clearance', 'hand': 'Port', 'index': 2, 'travel_mm': 75, 'max_overlap_mm3': 0.0, 'scope': 'Bolt only; nut and cotter removed. Geometric access, not tooling or full assembly-motion qualification.', 'passed': True}
{'kind': 'retained_bush_thrust_negative', 'hand': 'Port', 'overlaps_mm3': [323.26203007275535, 323.2620300726086, 323.26203007275615], 'passed': True}
{'kind': 'receiver_stop_negative', 'hand': 'Starboard', 'index': 0, 'key': 'bolt', 'receiver': 'StarboardPlanetSupports_pin_ring', 'shift_world_mm': [0.0, -0.5, 0.0], 'overlap_mm3': 301.3167413735056, 'passed': True}
{'kind': 'receiver_stop_negative', 'hand': 'Starboard', 'index': 0, 'key': 'bolt_nut', 'receiver': 'StarboardTransmissionCore_planet_disk', 'shift_world_mm': [-0.0, 0.5, -0.0], 'overlap_mm3': 301.31674137368816, 'passed': True}
{'kind': 'receiver_stop_negative', 'hand': 'Starboard', 'index': 0, 'key': 'bolt', 'receiver': 'StarboardPlanetSupports_pin_ring', 'shift_world_mm': [-0.3331173263276391, 0.0, 1.5649386080291858], 'overlap_mm3': 456.65905239328936, 'passed': True}
{'kind': 'cotter_clock_negative', 'hand': 'Starboard', 'index': 0, 'rotation_deg': 30, 'overlap_mm3': 48.077316242778345, 'passed': True}
{'kind': 'bolt_extraction_clearance', 'hand': 'Starboard', 'index': 0, 'travel_mm': 0.5, 'max_overlap_mm3': 0.0, 'scope': 'Bolt only; nut and cotter removed. Geometric access, not tooling or full assembly-motion qualification.', 'passed': True}
{'kind': 'bolt_extraction_clearance', 'hand': 'Starboard', 'index': 0, 'travel_mm': 15, 'max_overlap_mm3': 0.0, 'scope': 'Bolt only; nut and cotter removed. Geometric access, not tooling or full assembly-motion qualification.', 'passed': True}
{'kind': 'bolt_extraction_clearance', 'hand': 'Starboard', 'index': 0, 'travel_mm': 40, 'max_overlap_mm3': 0.0, 'scope': 'Bolt only; nut and cotter removed. Geometric access, not tooling or full assembly-motion qualification.', 'passed': True}
{'kind': 'bolt_extraction_clearance', 'hand': 'Starboard', 'index': 0, 'travel_mm': 75, 'max_overlap_mm3': 0.0, 'scope': 'Bolt only; nut and cotter removed. Geometric access, not tooling or full assembly-motion qualification.', 'passed': True}
{'kind': 'receiver_stop_negative', 'hand': 'Starboard', 'index': 1, 'key': 'bolt', 'receiver': 'StarboardPlanetSupports_pin_ring', 'shift_world_mm': [0.0, -0.5000000000000001, 0.0], 'overlap_mm3': 301.3167413735893, 'passed': True}
{'kind': 'receiver_stop_negative', 'hand': 'Starboard', 'index': 1, 'key': 'bolt_nut', 'receiver': 'StarboardTransmissionCore_planet_disk', 'shift_world_mm': [-0.0, 0.5000000000000001, -0.0], 'overlap_mm3': 301.31674137358993, 'passed': True}
{'kind': 'receiver_stop_negative', 'hand': 'Starboard', 'index': 1, 'key': 'bolt', 'receiver': 'StarboardPlanetSupports_pin_ring', 'shift_world_mm': [1.5218352530801527, 0.0, -0.49398123697410723], 'overlap_mm3': 456.6590523933634, 'passed': True}
{'kind': 'cotter_clock_negative', 'hand': 'Starboard', 'index': 1, 'rotation_deg': 30, 'overlap_mm3': 48.07731625334016, 'passed': True}
{'kind': 'bolt_extraction_clearance', 'hand': 'Starboard', 'index': 1, 'travel_mm': 0.5, 'max_overlap_mm3': 0.0, 'scope': 'Bolt only; nut and cotter removed. Geometric access, not tooling or full assembly-motion qualification.', 'passed': True}
{'kind': 'bolt_extraction_clearance', 'hand': 'Starboard', 'index': 1, 'travel_mm': 15, 'max_overlap_mm3': 0.0, 'scope': 'Bolt only; nut and cotter removed. Geometric access, not tooling or full assembly-motion qualification.', 'passed': True}
{'kind': 'bolt_extraction_clearance', 'hand': 'Starboard', 'index': 1, 'travel_mm': 40, 'max_overlap_mm3': 0.0, 'scope': 'Bolt only; nut and cotter removed. Geometric access, not tooling or full assembly-motion qualification.', 'passed': True}
{'kind': 'bolt_extraction_clearance', 'hand': 'Starboard', 'index': 1, 'travel_mm': 75, 'max_overlap_mm3': 0.0, 'scope': 'Bolt only; nut and cotter removed. Geometric access, not tooling or full assembly-motion qualification.', 'passed': True}
{'kind': 'receiver_stop_negative', 'hand': 'Starboard', 'index': 2, 'key': 'bolt', 'receiver': 'StarboardPlanetSupports_pin_ring', 'shift_world_mm': [-0.0, -0.5000000000000001, 0.0], 'overlap_mm3': 301.31674137365815, 'passed': True}
{'kind': 'receiver_stop_negative', 'hand': 'Starboard', 'index': 2, 'key': 'bolt_nut', 'receiver': 'StarboardTransmissionCore_planet_disk', 'shift_world_mm': [0.0, 0.5000000000000001, -0.0], 'overlap_mm3': 301.3167413734911, 'passed': True}
{'kind': 'receiver_stop_negative', 'hand': 'Starboard', 'index': 2, 'key': 'bolt', 'receiver': 'StarboardPlanetSupports_pin_ring', 'shift_world_mm': [-1.1887179267525136, 0.0, -1.0709573710550793], 'overlap_mm3': 456.65905239337883, 'passed': True}
{'kind': 'cotter_clock_negative', 'hand': 'Starboard', 'index': 2, 'rotation_deg': 30, 'overlap_mm3': 48.077316250236876, 'passed': True}
{'kind': 'bolt_extraction_clearance', 'hand': 'Starboard', 'index': 2, 'travel_mm': 0.5, 'max_overlap_mm3': 0.0, 'scope': 'Bolt only; nut and cotter removed. Geometric access, not tooling or full assembly-motion qualification.', 'passed': True}
{'kind': 'bolt_extraction_clearance', 'hand': 'Starboard', 'index': 2, 'travel_mm': 15, 'max_overlap_mm3': 0.0, 'scope': 'Bolt only; nut and cotter removed. Geometric access, not tooling or full assembly-motion qualification.', 'passed': True}
{'kind': 'bolt_extraction_clearance', 'hand': 'Starboard', 'index': 2, 'travel_mm': 40, 'max_overlap_mm3': 0.0, 'scope': 'Bolt only; nut and cotter removed. Geometric access, not tooling or full assembly-motion qualification.', 'passed': True}
{'kind': 'bolt_extraction_clearance', 'hand': 'Starboard', 'index': 2, 'travel_mm': 75, 'max_overlap_mm3': 0.0, 'scope': 'Bolt only; nut and cotter removed. Geometric access, not tooling or full assembly-motion qualification.', 'passed': True}
{'kind': 'retained_bush_thrust_negative', 'hand': 'Starboard', 'overlaps_mm3': [323.26203007275575, 323.26203007275603, 323.2620300727553], 'passed': True}
PASS
