Definitions Def_EngineWaterPump_key True
Definitions Def_EngineWaterPump_shaft True
Definitions Def_EngineWaterPump_impeller_nut True
Definitions Def_EngineWaterPump_impeller_cotter True
Definitions Def_EngineWaterPump_bearing_inner True
Definitions Def_EngineWaterPump_bearing_outer True
Definitions Def_EngineWaterPump_bearing_cage True
Definitions Def_EngineWaterPump_bearing_ball True
Definitions Def_EngineWaterPump_retainer True
Definitions Def_EngineWaterPump_gland True
Definitions Def_EngineWaterPump_packing True
Definitions Def_EngineWaterPump_spring True
Definitions Def_EngineWaterPump_body True
Definitions Def_EngineWaterPump_joint_gasket True
Definitions Def_EngineWaterPump_shim True
Definitions Def_EngineWaterPump_mount_stud True
Definitions Def_EngineWaterPump_mount_washer True
Definitions Def_EngineWaterPump_mount_nut True
Definitions Def_EngineWaterPump_mount_cotter True
Definitions Def_EngineWaterPump_plug True
Definitions Def_EngineWaterPump_plug_gasket True
Definitions Def_EngineWaterPump_impeller True
Definitions Def_EngineWaterPump_cover True
Definitions Def_EngineWaterPump_cover_gasket True
Definitions Def_EngineWaterPump_cover_stud True
Definitions Def_EngineWaterPump_cover_washer True
Definitions Def_EngineWaterPump_cover_nut True
Definitions Def_EngineWaterPump_cover_cotter True
Installation EngineWaterPump_GearedShaft True
Installation EngineWaterPump_ImpellerKey True
Installation EngineWaterPump_ImpellerNut True
Installation EngineWaterPump_ImpellerCotter True
Installation EngineWaterPump_BearingBall1 True
Installation EngineWaterPump_BearingBall2 True
Installation EngineWaterPump_BearingBall3 True
Installation EngineWaterPump_BearingBall4 True
Installation EngineWaterPump_BearingBall5 True
Installation EngineWaterPump_BearingBall6 True
Installation EngineWaterPump_BearingBall7 True
Installation EngineWaterPump_bearing_inner True
Installation EngineWaterPump_bearing_outer True
Installation EngineWaterPump_bearing_cage True
Installation EngineWaterPump_BearingRetainer True
Installation EngineWaterPump_FrontPacking True
Installation EngineWaterPump_RearPacking True
Installation EngineWaterPump_FrontGland True
Installation EngineWaterPump_RearGland True
Installation EngineWaterPump_GlandSpring True
Installation EngineWaterPump_BodyCasting True
Installation EngineWaterPump_RetainerBodyGasket True
Installation EngineWaterPump_RetainerAdjustmentShim True
Installation EngineWaterPump_MountStud1 True
Installation EngineWaterPump_MountWasher1 True
Installation EngineWaterPump_MountNut1 True
Installation EngineWaterPump_MountCotter1 True
Installation EngineWaterPump_MountStud2 True
Installation EngineWaterPump_MountWasher2 True
Installation EngineWaterPump_MountNut2 True
Installation EngineWaterPump_MountCotter2 True
Installation EngineWaterPump_MountStud3 True
Installation EngineWaterPump_MountWasher3 True
Installation EngineWaterPump_MountNut3 True
Installation EngineWaterPump_MountCotter3 True
Installation EngineWaterPump_MountStud4 True
Installation EngineWaterPump_MountWasher4 True
Installation EngineWaterPump_MountNut4 True
Installation EngineWaterPump_MountCotter4 True
Installation EngineWaterPump_DrainGasket True
Installation EngineWaterPump_DrainPlug True
Installation EngineWaterPump_Impeller True
Installation EngineWaterPump_InletCover True
Installation EngineWaterPump_CoverGasket True
Installation EngineWaterPump_CoverStud1 True
Installation EngineWaterPump_CoverWasher1 True
Installation EngineWaterPump_CoverNut1 True
Installation EngineWaterPump_CoverCotter1 True
Installation EngineWaterPump_CoverStud2 True
Installation EngineWaterPump_CoverWasher2 True
Installation EngineWaterPump_CoverNut2 True
Installation EngineWaterPump_CoverCotter2 True
Installation EngineWaterPump_CoverStud3 True
Installation EngineWaterPump_CoverWasher3 True
Installation EngineWaterPump_CoverNut3 True
Installation EngineWaterPump_CoverCotter3 True
Installation EngineWaterPump_CoverStud4 True
Installation EngineWaterPump_CoverWasher4 True
Installation EngineWaterPump_CoverNut4 True
Installation EngineWaterPump_CoverCotter4 True
Installation EngineWaterPump_CoverStud5 True
Installation EngineWaterPump_CoverWasher5 True
Installation EngineWaterPump_CoverNut5 True
Installation EngineWaterPump_CoverCotter5 True
Installation EngineWaterPump_CoverStud6 True
Installation EngineWaterPump_CoverWasher6 True
Installation EngineWaterPump_CoverNut6 True
Installation EngineWaterPump_CoverCotter6 True
Installation EngineWaterPump_CoverStud7 True
Installation EngineWaterPump_CoverWasher7 True
Installation EngineWaterPump_CoverNut7 True
Installation EngineWaterPump_CoverCotter7 True
Installation EngineWaterPump_CoverStud8 True
Installation EngineWaterPump_CoverWasher8 True
Installation EngineWaterPump_CoverNut8 True
Installation EngineWaterPump_CoverCotter8 True
CaseDefinition EngineCase_lower True
CaseInstallation EngineCase_lower True
