Constructing source-informed crankshaft and bearing installation.
solid forging before hollows True 1
hollow keyed forging True 1
revised upper case True 1
revised lower case True 1
key True 1
key_screw True 1
shaft True 1
output_nut True 1
output_cotter True 1
Traceback (most recent call last):
  File "/home/cyapp/MarkVIIILiberty/cad/003_FullTank/experiments/drive_chains/engine_crankshaft_build.py", line 40, in <module>
    shapes,occ,d=parts(c,cc,taper,originals,lambda label,s:print(label,s.isValid(),len(s.Solids),flush=True))
                 ^^^^^^^^^^^^^^^^^^^^^^^^^^^^^^^^^^^^^^^^^^^^^^^^^^^^^^^^^^^^^^^^^^^^^^^^^^^^^^^^^^^^^^^^^^^^
  File "/home/cyapp/MarkVIIILiberty/cad/003_FullTank/experiments/drive_chains/engine_crankshaft_parts.py", line 256, in parts
    for key,s in p.items():audit(key,s)
                           ^^^^^^^^^^^^
  File "/home/cyapp/MarkVIIILiberty/cad/003_FullTank/experiments/drive_chains/engine_crankshaft_parts.py", line 44, in audit
    assert not s.isNull() and s.isValid() and len(s.Solids)==1,(name,len(s.Solids),s.isValid())
           ^^^^^^^^^^^^^^^^^^^^^^^^^^^^^^^^^^^^^^^^^^^^^^^^^^^
AssertionError: ('long_upper', 1, False)
