Definitions Def_ClutchBrake_anchor_rivet True
Definitions Def_ClutchBrake_anchor True
Definitions Def_ClutchBrake_band_pin True
Definitions Def_ClutchBrake_band_cotter True
Definitions Def_ClutchBrake_eyebolt True
Definitions Def_ClutchBrake_bell True
Definitions Def_ClutchBrake_eye_adjuster True
Definitions Def_ClutchBrake_eye_plain_nut True
Definitions Def_ClutchBrake_eye_washer True
Definitions Def_ClutchBrake_spring True
Definitions Def_ClutchBrake_rod True
Definitions Def_ClutchBrake_rod_nut True
Definitions Def_ClutchBrake_rod_pin True
Definitions Def_ClutchBrake_rod_cotter True
Definitions Def_ClutchBrake_carrier True
Definitions Def_ClutchBrake_mount_bolt True
Definitions Def_ClutchBrake_mount_nut True
Definitions Def_ClutchBrake_mount_lock True
Definitions Def_ClutchBrake_bell_pin True
Definitions Def_ClutchBrake_bell_nut True
Definitions Def_ClutchBrake_bell_cotter True
Definitions Def_ClutchStopBand_band True
Definitions Def_ClutchStopBand_lining True
Definitions Def_ClutchSupport_left_bracket True
Definitions Def_ClutchThrowout_left_lever True
Installation ClutchBrake_AnchorRivet1 True
Installation ClutchBrake_AnchorRivet2 True
Installation ClutchBrake_AnchorRivet3 True
Installation ClutchBrake_AnchorRivet4 True
Installation ClutchBrake_AnchorRivet5 True
Installation ClutchBrake_AnchorRivet6 True
Installation ClutchBrake_Anchor True
Installation ClutchBrake_BandPin True
Installation ClutchBrake_BandCotter True
Installation ClutchBrake_Eyebolt True
Installation ClutchBrake_BellCrank True
Installation ClutchBrake_EyeJam1 True
Installation ClutchBrake_EyeAdjust1 True
Installation ClutchBrake_EyeWasher1 True
Installation ClutchBrake_EyeWasher2 True
Installation ClutchBrake_EyeAdjust2 True
Installation ClutchBrake_EyeJam2 True
Installation ClutchBrake_Spring True
Installation ClutchBrake_StopRod True
Installation ClutchBrake_RodNut1 True
Installation ClutchBrake_RodNut2 True
Installation ClutchBrake_RodNut3 True
Installation ClutchBrake_RodNut4 True
Installation ClutchBrake_RodPin True
Installation ClutchBrake_RodCotter True
Installation ClutchBrake_Carrier True
Installation ClutchBrake_AnchorBolt1 True
Installation ClutchBrake_AnchorLock1 True
Installation ClutchBrake_AnchorNut1 True
Installation ClutchBrake_AnchorBolt2 True
Installation ClutchBrake_AnchorLock2 True
Installation ClutchBrake_AnchorNut2 True
Installation ClutchBrake_BellPin True
Installation ClutchBrake_BellNut True
Installation ClutchBrake_BellCotter True
Installation ClutchStopBand_band True
Installation ClutchStopBand_lining True
Installation ClutchSupport_LeftBracket True
Installation ClutchThrowout_LeftLever True
