Expected source-counted 32 rivets added True
All composed occurrence frames and owners correct True
Prior assembly frames retained and only intended groups added True
Definition identities and source properties retained True
Def_FrameJoint_rivet_11_16_1_1_2 valid single solid True
Def_TransmissionFrame_bottom_channel valid single solid True
Def_TransmissionFrame_inner_gusset_left valid single solid True
Def_TransmissionFrame_inner_gusset_right valid single solid True
Def_TransmissionFrame_middle_diaphragm valid single solid True
Def_TransmissionFrame_outer_gusset_left valid single solid True
Def_TransmissionFrame_outer_gusset_right valid single solid True
Def_TransmissionFrame_top_channel valid single solid True
Full cylindrical grip retained True
Upset head preserves unformed stock volume True
Printed shank diameter retained True
Total rivet stock volume plus estimated factory head True
TransmissionFrame_LeftInnerTopGussetRivet1 complete receiving bore True
TransmissionFrame_LeftInnerTopGussetRivet1 full bearing faces True
TransmissionFrame_LeftInnerTopGussetRivet1 factory head seated True
TransmissionFrame_LeftInnerTopGussetRivet1 upset head seated True
TransmissionFrame_LeftInnerTopGussetRivet1 lifted factory head loses bearing True
TransmissionFrame_LeftInnerTopGussetRivet1 displaced shank hits receiver True
TransmissionFrame_LeftInnerTopGusset return-to-upright overlap True
TransmissionFrame_LeftInnerTopGusset original return contact was absent True
TransmissionFrame_LeftInnerTopGusset no upright penetration True
TransmissionFrame_LeftInnerTopGussetRivet2 complete receiving bore True
TransmissionFrame_LeftInnerTopGussetRivet2 full bearing faces True
TransmissionFrame_LeftInnerTopGussetRivet2 factory head seated True
TransmissionFrame_LeftInnerTopGussetRivet2 upset head seated True
TransmissionFrame_LeftInnerTopGussetRivet2 lifted factory head loses bearing True
TransmissionFrame_LeftInnerTopGussetRivet2 displaced shank hits receiver True
TransmissionFrame_LeftInnerTopGussetRivet3 complete receiving bore True
TransmissionFrame_LeftInnerTopGussetRivet3 full bearing faces True
TransmissionFrame_LeftInnerTopGussetRivet3 factory head seated True
TransmissionFrame_LeftInnerTopGussetRivet3 upset head seated True
TransmissionFrame_LeftInnerTopGussetRivet3 lifted factory head loses bearing True
TransmissionFrame_LeftInnerTopGussetRivet3 displaced shank hits receiver True
TransmissionFrame_LeftInnerTopGussetRivet4 complete receiving bore True
TransmissionFrame_LeftInnerTopGussetRivet4 full bearing faces True
TransmissionFrame_LeftInnerTopGussetRivet4 factory head seated True
TransmissionFrame_LeftInnerTopGussetRivet4 upset head seated True
TransmissionFrame_LeftInnerTopGussetRivet4 lifted factory head loses bearing True
TransmissionFrame_LeftInnerTopGussetRivet4 displaced shank hits receiver True
TransmissionFrame_LeftInnerBottomGussetRivet1 complete receiving bore True
TransmissionFrame_LeftInnerBottomGussetRivet1 full bearing faces True
TransmissionFrame_LeftInnerBottomGussetRivet1 factory head seated True
TransmissionFrame_LeftInnerBottomGussetRivet1 upset head seated True
TransmissionFrame_LeftInnerBottomGussetRivet1 lifted factory head loses bearing True
TransmissionFrame_LeftInnerBottomGussetRivet1 displaced shank hits receiver True
TransmissionFrame_LeftInnerBottomGusset return-to-upright overlap True
TransmissionFrame_LeftInnerBottomGusset original return contact was absent True
TransmissionFrame_LeftInnerBottomGusset no upright penetration True
TransmissionFrame_LeftInnerBottomGussetRivet2 complete receiving bore True
TransmissionFrame_LeftInnerBottomGussetRivet2 full bearing faces True
TransmissionFrame_LeftInnerBottomGussetRivet2 factory head seated True
TransmissionFrame_LeftInnerBottomGussetRivet2 upset head seated True
TransmissionFrame_LeftInnerBottomGussetRivet2 lifted factory head loses bearing True
TransmissionFrame_LeftInnerBottomGussetRivet2 displaced shank hits receiver True
TransmissionFrame_LeftInnerBottomGussetRivet3 complete receiving bore True
TransmissionFrame_LeftInnerBottomGussetRivet3 full bearing faces True
TransmissionFrame_LeftInnerBottomGussetRivet3 factory head seated True
TransmissionFrame_LeftInnerBottomGussetRivet3 upset head seated True
TransmissionFrame_LeftInnerBottomGussetRivet3 lifted factory head loses bearing True
TransmissionFrame_LeftInnerBottomGussetRivet3 displaced shank hits receiver True
TransmissionFrame_LeftInnerBottomGussetRivet4 complete receiving bore True
TransmissionFrame_LeftInnerBottomGussetRivet4 full bearing faces True
TransmissionFrame_LeftInnerBottomGussetRivet4 factory head seated True
TransmissionFrame_LeftInnerBottomGussetRivet4 upset head seated True
TransmissionFrame_LeftInnerBottomGussetRivet4 lifted factory head loses bearing True
TransmissionFrame_LeftInnerBottomGussetRivet4 displaced shank hits receiver True
TransmissionFrame_LeftOuterTopGussetRivet1 complete receiving bore True
TransmissionFrame_LeftOuterTopGussetRivet1 full bearing faces True
TransmissionFrame_LeftOuterTopGussetRivet1 factory head seated True
TransmissionFrame_LeftOuterTopGussetRivet1 upset head seated True
TransmissionFrame_LeftOuterTopGussetRivet1 lifted factory head loses bearing True
TransmissionFrame_LeftOuterTopGussetRivet1 displaced shank hits receiver True
TransmissionFrame_LeftOuterTopGusset return-to-upright overlap True
TransmissionFrame_LeftOuterTopGusset original return contact was absent True
TransmissionFrame_LeftOuterTopGusset no upright penetration True
TransmissionFrame_LeftOuterTopGussetRivet2 complete receiving bore True
TransmissionFrame_LeftOuterTopGussetRivet2 full bearing faces True
TransmissionFrame_LeftOuterTopGussetRivet2 factory head seated True
TransmissionFrame_LeftOuterTopGussetRivet2 upset head seated True
TransmissionFrame_LeftOuterTopGussetRivet2 lifted factory head loses bearing True
TransmissionFrame_LeftOuterTopGussetRivet2 displaced shank hits receiver True
TransmissionFrame_LeftOuterTopGussetRivet3 complete receiving bore True
TransmissionFrame_LeftOuterTopGussetRivet3 full bearing faces True
TransmissionFrame_LeftOuterTopGussetRivet3 factory head seated True
TransmissionFrame_LeftOuterTopGussetRivet3 upset head seated True
TransmissionFrame_LeftOuterTopGussetRivet3 lifted factory head loses bearing True
TransmissionFrame_LeftOuterTopGussetRivet3 displaced shank hits receiver True
TransmissionFrame_LeftOuterTopGussetRivet4 complete receiving bore True
TransmissionFrame_LeftOuterTopGussetRivet4 full bearing faces True
TransmissionFrame_LeftOuterTopGussetRivet4 factory head seated True
TransmissionFrame_LeftOuterTopGussetRivet4 upset head seated True
TransmissionFrame_LeftOuterTopGussetRivet4 lifted factory head loses bearing True
TransmissionFrame_LeftOuterTopGussetRivet4 displaced shank hits receiver True
TransmissionFrame_LeftOuterBottomGussetRivet1 complete receiving bore True
TransmissionFrame_LeftOuterBottomGussetRivet1 full bearing faces True
TransmissionFrame_LeftOuterBottomGussetRivet1 factory head seated True
TransmissionFrame_LeftOuterBottomGussetRivet1 upset head seated True
TransmissionFrame_LeftOuterBottomGussetRivet1 lifted factory head loses bearing True
TransmissionFrame_LeftOuterBottomGussetRivet1 displaced shank hits receiver True
TransmissionFrame_LeftOuterBottomGusset return-to-upright overlap True
TransmissionFrame_LeftOuterBottomGusset original return contact was absent True
TransmissionFrame_LeftOuterBottomGusset no upright penetration True
TransmissionFrame_LeftOuterBottomGussetRivet2 complete receiving bore True
TransmissionFrame_LeftOuterBottomGussetRivet2 full bearing faces True
TransmissionFrame_LeftOuterBottomGussetRivet2 factory head seated True
TransmissionFrame_LeftOuterBottomGussetRivet2 upset head seated True
TransmissionFrame_LeftOuterBottomGussetRivet2 lifted factory head loses bearing True
TransmissionFrame_LeftOuterBottomGussetRivet2 displaced shank hits receiver True
TransmissionFrame_LeftOuterBottomGussetRivet3 complete receiving bore True
TransmissionFrame_LeftOuterBottomGussetRivet3 full bearing faces True
TransmissionFrame_LeftOuterBottomGussetRivet3 factory head seated True
TransmissionFrame_LeftOuterBottomGussetRivet3 upset head seated True
TransmissionFrame_LeftOuterBottomGussetRivet3 lifted factory head loses bearing True
TransmissionFrame_LeftOuterBottomGussetRivet3 displaced shank hits receiver True
TransmissionFrame_LeftOuterBottomGussetRivet4 complete receiving bore True
TransmissionFrame_LeftOuterBottomGussetRivet4 full bearing faces True
TransmissionFrame_LeftOuterBottomGussetRivet4 factory head seated True
TransmissionFrame_LeftOuterBottomGussetRivet4 upset head seated True
TransmissionFrame_LeftOuterBottomGussetRivet4 lifted factory head loses bearing True
TransmissionFrame_LeftOuterBottomGussetRivet4 displaced shank hits receiver True
TransmissionFrame_RightInnerTopGussetRivet1 complete receiving bore True
TransmissionFrame_RightInnerTopGussetRivet1 full bearing faces True
TransmissionFrame_RightInnerTopGussetRivet1 factory head seated True
TransmissionFrame_RightInnerTopGussetRivet1 upset head seated True
TransmissionFrame_RightInnerTopGussetRivet1 lifted factory head loses bearing True
TransmissionFrame_RightInnerTopGussetRivet1 displaced shank hits receiver True
TransmissionFrame_RightInnerTopGusset return-to-upright overlap True
TransmissionFrame_RightInnerTopGusset original return contact was absent True
TransmissionFrame_RightInnerTopGusset no upright penetration True
TransmissionFrame_RightInnerTopGussetRivet2 complete receiving bore True
TransmissionFrame_RightInnerTopGussetRivet2 full bearing faces True
TransmissionFrame_RightInnerTopGussetRivet2 factory head seated True
TransmissionFrame_RightInnerTopGussetRivet2 upset head seated True
TransmissionFrame_RightInnerTopGussetRivet2 lifted factory head loses bearing True
TransmissionFrame_RightInnerTopGussetRivet2 displaced shank hits receiver True
TransmissionFrame_RightInnerTopGussetRivet3 complete receiving bore True
TransmissionFrame_RightInnerTopGussetRivet3 full bearing faces True
TransmissionFrame_RightInnerTopGussetRivet3 factory head seated True
TransmissionFrame_RightInnerTopGussetRivet3 upset head seated True
TransmissionFrame_RightInnerTopGussetRivet3 lifted factory head loses bearing True
TransmissionFrame_RightInnerTopGussetRivet3 displaced shank hits receiver True
TransmissionFrame_RightInnerTopGussetRivet4 complete receiving bore True
TransmissionFrame_RightInnerTopGussetRivet4 full bearing faces True
TransmissionFrame_RightInnerTopGussetRivet4 factory head seated True
TransmissionFrame_RightInnerTopGussetRivet4 upset head seated True
TransmissionFrame_RightInnerTopGussetRivet4 lifted factory head loses bearing True
TransmissionFrame_RightInnerTopGussetRivet4 displaced shank hits receiver True
TransmissionFrame_RightInnerBottomGussetRivet1 complete receiving bore True
TransmissionFrame_RightInnerBottomGussetRivet1 full bearing faces True
TransmissionFrame_RightInnerBottomGussetRivet1 factory head seated True
TransmissionFrame_RightInnerBottomGussetRivet1 upset head seated True
TransmissionFrame_RightInnerBottomGussetRivet1 lifted factory head loses bearing True
TransmissionFrame_RightInnerBottomGussetRivet1 displaced shank hits receiver True
TransmissionFrame_RightInnerBottomGusset return-to-upright overlap True
TransmissionFrame_RightInnerBottomGusset original return contact was absent True
TransmissionFrame_RightInnerBottomGusset no upright penetration True
TransmissionFrame_RightInnerBottomGussetRivet2 complete receiving bore True
TransmissionFrame_RightInnerBottomGussetRivet2 full bearing faces True
TransmissionFrame_RightInnerBottomGussetRivet2 factory head seated True
TransmissionFrame_RightInnerBottomGussetRivet2 upset head seated True
TransmissionFrame_RightInnerBottomGussetRivet2 lifted factory head loses bearing True
TransmissionFrame_RightInnerBottomGussetRivet2 displaced shank hits receiver True
TransmissionFrame_RightInnerBottomGussetRivet3 complete receiving bore True
TransmissionFrame_RightInnerBottomGussetRivet3 full bearing faces True
TransmissionFrame_RightInnerBottomGussetRivet3 factory head seated True
TransmissionFrame_RightInnerBottomGussetRivet3 upset head seated True
TransmissionFrame_RightInnerBottomGussetRivet3 lifted factory head loses bearing True
TransmissionFrame_RightInnerBottomGussetRivet3 displaced shank hits receiver True
TransmissionFrame_RightInnerBottomGussetRivet4 complete receiving bore True
TransmissionFrame_RightInnerBottomGussetRivet4 full bearing faces True
TransmissionFrame_RightInnerBottomGussetRivet4 factory head seated True
TransmissionFrame_RightInnerBottomGussetRivet4 upset head seated True
TransmissionFrame_RightInnerBottomGussetRivet4 lifted factory head loses bearing True
TransmissionFrame_RightInnerBottomGussetRivet4 displaced shank hits receiver True
TransmissionFrame_RightOuterTopGussetRivet1 complete receiving bore True
TransmissionFrame_RightOuterTopGussetRivet1 full bearing faces True
TransmissionFrame_RightOuterTopGussetRivet1 factory head seated True
TransmissionFrame_RightOuterTopGussetRivet1 upset head seated True
TransmissionFrame_RightOuterTopGussetRivet1 lifted factory head loses bearing True
TransmissionFrame_RightOuterTopGussetRivet1 displaced shank hits receiver True
TransmissionFrame_RightOuterTopGusset return-to-upright overlap True
TransmissionFrame_RightOuterTopGusset original return contact was absent True
TransmissionFrame_RightOuterTopGusset no upright penetration True
TransmissionFrame_RightOuterTopGussetRivet2 complete receiving bore True
TransmissionFrame_RightOuterTopGussetRivet2 full bearing faces True
TransmissionFrame_RightOuterTopGussetRivet2 factory head seated True
TransmissionFrame_RightOuterTopGussetRivet2 upset head seated True
TransmissionFrame_RightOuterTopGussetRivet2 lifted factory head loses bearing True
TransmissionFrame_RightOuterTopGussetRivet2 displaced shank hits receiver True
TransmissionFrame_RightOuterTopGussetRivet3 complete receiving bore True
TransmissionFrame_RightOuterTopGussetRivet3 full bearing faces True
TransmissionFrame_RightOuterTopGussetRivet3 factory head seated True
TransmissionFrame_RightOuterTopGussetRivet3 upset head seated True
TransmissionFrame_RightOuterTopGussetRivet3 lifted factory head loses bearing True
TransmissionFrame_RightOuterTopGussetRivet3 displaced shank hits receiver True
TransmissionFrame_RightOuterTopGussetRivet4 complete receiving bore True
TransmissionFrame_RightOuterTopGussetRivet4 full bearing faces True
TransmissionFrame_RightOuterTopGussetRivet4 factory head seated True
TransmissionFrame_RightOuterTopGussetRivet4 upset head seated True
TransmissionFrame_RightOuterTopGussetRivet4 lifted factory head loses bearing True
TransmissionFrame_RightOuterTopGussetRivet4 displaced shank hits receiver True
TransmissionFrame_RightOuterBottomGussetRivet1 complete receiving bore True
TransmissionFrame_RightOuterBottomGussetRivet1 full bearing faces True
TransmissionFrame_RightOuterBottomGussetRivet1 factory head seated True
TransmissionFrame_RightOuterBottomGussetRivet1 upset head seated True
TransmissionFrame_RightOuterBottomGussetRivet1 lifted factory head loses bearing True
TransmissionFrame_RightOuterBottomGussetRivet1 displaced shank hits receiver True
TransmissionFrame_RightOuterBottomGusset return-to-upright overlap True
TransmissionFrame_RightOuterBottomGusset original return contact was absent True
TransmissionFrame_RightOuterBottomGusset no upright penetration True
TransmissionFrame_RightOuterBottomGussetRivet2 complete receiving bore True
TransmissionFrame_RightOuterBottomGussetRivet2 full bearing faces True
TransmissionFrame_RightOuterBottomGussetRivet2 factory head seated True
TransmissionFrame_RightOuterBottomGussetRivet2 upset head seated True
TransmissionFrame_RightOuterBottomGussetRivet2 lifted factory head loses bearing True
TransmissionFrame_RightOuterBottomGussetRivet2 displaced shank hits receiver True
TransmissionFrame_RightOuterBottomGussetRivet3 complete receiving bore True
TransmissionFrame_RightOuterBottomGussetRivet3 full bearing faces True
TransmissionFrame_RightOuterBottomGussetRivet3 factory head seated True
TransmissionFrame_RightOuterBottomGussetRivet3 upset head seated True
TransmissionFrame_RightOuterBottomGussetRivet3 lifted factory head loses bearing True
TransmissionFrame_RightOuterBottomGussetRivet3 displaced shank hits receiver True
TransmissionFrame_RightOuterBottomGussetRivet4 complete receiving bore True
TransmissionFrame_RightOuterBottomGussetRivet4 full bearing faces True
TransmissionFrame_RightOuterBottomGussetRivet4 factory head seated True
TransmissionFrame_RightOuterBottomGussetRivet4 upset head seated True
TransmissionFrame_RightOuterBottomGussetRivet4 lifted factory head loses bearing True
TransmissionFrame_RightOuterBottomGussetRivet4 displaced shank hits receiver True
Left diaphragm/upright overlap True
Left diaphragm has no upright penetration True
Left old diaphragm broad-face contact was absent True
Right diaphragm/upright overlap True
Right diaphragm has no upright penetration True
Right old diaphragm broad-face contact was absent True
PortFixedBearing_inner_bracket retained MX1 pad area on TransmissionFrame_TopChannel True
PortFixedBearing_inner_bracket retained MX1 pad area on TransmissionFrame_BottomChannel True
PortFixedBearing_outer_bracket retained MX1 pad area on TransmissionFrame_TopChannel True
PortFixedBearing_outer_bracket retained MX1 pad area on TransmissionFrame_BottomChannel True
StarboardFixedBearing_inner_bracket retained MX1 pad area on TransmissionFrame_TopChannel True
StarboardFixedBearing_inner_bracket retained MX1 pad area on TransmissionFrame_BottomChannel True
StarboardFixedBearing_outer_bracket retained MX1 pad area on TransmissionFrame_TopChannel True
StarboardFixedBearing_outer_bracket retained MX1 pad area on TransmissionFrame_BottomChannel True
development complete nearby material pairs clear False
standard complete nearby material pairs clear True
Finished 248 checks; failures ['development complete nearby material pairs clear']
Traceback (most recent call last):
  File "/home/cyapp/MarkVIIILiberty/cad/003_FullTank/experiments/drive_chains/check_transmission_frame_joint_trial.py", line 148, in <module>
    assert result['local_frame_checks_passed']
           ~~~~~~^^^^^^^^^^^^^^^^^^^^^^^^^^^^^
AssertionError
