Definitions Def_TransmissionFrame_inner_gusset_right True
Definitions Def_TransmissionFrame_inner_gusset_left True
Definitions Def_TransmissionFrame_top_channel True
Definitions Def_TransmissionFrame_middle_diaphragm True
Definitions Def_TransmissionFrame_outer_gusset_right True
Definitions Def_TransmissionFrame_bottom_channel True
Definitions Def_FrameJoint_rivet_11_16_1_1_2 True
Definitions Def_TransmissionFrame_outer_gusset_left True
Installation TransmissionFrame_BottomChannel True
Installation TransmissionFrame_LeftInnerBottomGusset True
Installation TransmissionFrame_LeftInnerBottomGussetRivet1 True
Installation TransmissionFrame_LeftInnerBottomGussetRivet2 True
Installation TransmissionFrame_LeftInnerBottomGussetRivet3 True
Installation TransmissionFrame_LeftInnerBottomGussetRivet4 True
Installation TransmissionFrame_LeftInnerTopGusset True
Installation TransmissionFrame_LeftInnerTopGussetRivet1 True
Installation TransmissionFrame_LeftInnerTopGussetRivet2 True
Installation TransmissionFrame_LeftInnerTopGussetRivet3 True
Installation TransmissionFrame_LeftInnerTopGussetRivet4 True
Installation TransmissionFrame_LeftOuterBottomGusset True
Installation TransmissionFrame_LeftOuterBottomGussetRivet1 True
Installation TransmissionFrame_LeftOuterBottomGussetRivet2 True
Installation TransmissionFrame_LeftOuterBottomGussetRivet3 True
Installation TransmissionFrame_LeftOuterBottomGussetRivet4 True
Installation TransmissionFrame_LeftOuterTopGusset True
Installation TransmissionFrame_LeftOuterTopGussetRivet1 True
Installation TransmissionFrame_LeftOuterTopGussetRivet2 True
Installation TransmissionFrame_LeftOuterTopGussetRivet3 True
Installation TransmissionFrame_LeftOuterTopGussetRivet4 True
Installation TransmissionFrame_MiddleDiaphragm True
Installation TransmissionFrame_RightInnerBottomGusset True
Installation TransmissionFrame_RightInnerBottomGussetRivet1 True
Installation TransmissionFrame_RightInnerBottomGussetRivet2 True
Installation TransmissionFrame_RightInnerBottomGussetRivet3 True
Installation TransmissionFrame_RightInnerBottomGussetRivet4 True
Installation TransmissionFrame_RightInnerTopGusset True
Installation TransmissionFrame_RightInnerTopGussetRivet1 True
Installation TransmissionFrame_RightInnerTopGussetRivet2 True
Installation TransmissionFrame_RightInnerTopGussetRivet3 True
Installation TransmissionFrame_RightInnerTopGussetRivet4 True
Installation TransmissionFrame_RightOuterBottomGusset True
Installation TransmissionFrame_RightOuterBottomGussetRivet1 True
Installation TransmissionFrame_RightOuterBottomGussetRivet2 True
Installation TransmissionFrame_RightOuterBottomGussetRivet3 True
Installation TransmissionFrame_RightOuterBottomGussetRivet4 True
Installation TransmissionFrame_RightOuterTopGusset True
Installation TransmissionFrame_RightOuterTopGussetRivet1 True
Installation TransmissionFrame_RightOuterTopGussetRivet2 True
Installation TransmissionFrame_RightOuterTopGussetRivet3 True
Installation TransmissionFrame_RightOuterTopGussetRivet4 True
Installation TransmissionFrame_TopChannel True
