Definitions Def_HighBrakeStops_anchor_cotter True
Definitions Def_HighBrakeStops_anchor_pin True
Definitions Def_HighBrakeStops_bottom_lock_plate True
Definitions Def_HighBrakeStops_bottom_stop True
Definitions Def_HighBrakeStops_mount_screw True
Definitions Def_HighBrakeStops_stop_nut True
Definitions Def_HighBrakeStops_stop_screw True
Definitions Def_HighBrakeSupport_anchor_bracket True
Definitions Def_HighBrakeSupport_anchor_lock_plate True
Definitions Def_HighBrakeSupport_mount_screw True
Definitions Def_HighBrakeUpper_back_stop True
Definitions Def_HighBrakeUpper_clip True
Definitions Def_HighBrakeUpper_top_stop True
Definitions Def_TransmissionCore_bevel_case True
Installed CenterTransmissionCore_bevel_case True
Installed PortHighSpeedBrakeAnchorBracket True
Installed PortHighSpeedBrakeAnchorCotter True
Installed PortHighSpeedBrakeAnchorLockPlate True
Installed PortHighSpeedBrakeAnchorMountScrew1 True
Installed PortHighSpeedBrakeAnchorMountScrew2 True
Installed PortHighSpeedBrakeAnchorPin True
Installed PortHighSpeedBrakeBackStop True
Installed PortHighSpeedBrakeBottomLockPlate True
Installed PortHighSpeedBrakeBottomMountScrew1 True
Installed PortHighSpeedBrakeBottomMountScrew2 True
Installed PortHighSpeedBrakeBottomStop True
Installed PortHighSpeedBrakeClip True
Installed PortHighSpeedBrakeStopNut1 True
Installed PortHighSpeedBrakeStopNut2 True
Installed PortHighSpeedBrakeStopScrew1 True
Installed PortHighSpeedBrakeStopScrew2 True
Installed PortHighSpeedBrakeTopStop True
Installed PortHighSpeedBrakeUpperLockPlate True
Installed PortHighSpeedBrakeUpperMountScrew1 True
Installed PortHighSpeedBrakeUpperMountScrew2 True
Installed PortHighSpeedBrakeUpperStopNut True
Installed PortHighSpeedBrakeUpperStopScrew True
Installed StarboardHighSpeedBrakeAnchorBracket True
Installed StarboardHighSpeedBrakeAnchorCotter True
Installed StarboardHighSpeedBrakeAnchorLockPlate True
Installed StarboardHighSpeedBrakeAnchorMountScrew1 True
Installed StarboardHighSpeedBrakeAnchorMountScrew2 True
Installed StarboardHighSpeedBrakeAnchorPin True
Installed StarboardHighSpeedBrakeBackStop True
Installed StarboardHighSpeedBrakeBottomLockPlate True
Installed StarboardHighSpeedBrakeBottomMountScrew1 True
Installed StarboardHighSpeedBrakeBottomMountScrew2 True
Installed StarboardHighSpeedBrakeBottomStop True
Installed StarboardHighSpeedBrakeClip True
Installed StarboardHighSpeedBrakeStopNut1 True
Installed StarboardHighSpeedBrakeStopNut2 True
Installed StarboardHighSpeedBrakeStopScrew1 True
Installed StarboardHighSpeedBrakeStopScrew2 True
Installed StarboardHighSpeedBrakeTopStop True
Installed StarboardHighSpeedBrakeUpperLockPlate True
Installed StarboardHighSpeedBrakeUpperMountScrew1 True
Installed StarboardHighSpeedBrakeUpperMountScrew2 True
Installed StarboardHighSpeedBrakeUpperStopNut True
Installed StarboardHighSpeedBrakeUpperStopScrew True
exchange 59 checks passed
