Twenty complete four-component joints added True
All saved occurrence frames, definitions and owners match True
Prior assembly frames retained with only four mounting groups appended False
Only two new physical definitions and original source metadata retained True
Def_BracketMount_bolt valid single solid True
Def_BracketMount_cotter valid single solid True
Def_FixedBearing_inner_bracket valid single solid True
Def_FixedBearing_outer_bracket valid single solid True
Def_TransmissionFrame_bottom_channel valid single solid True
Def_TransmissionFrame_top_channel valid single solid True
inner bearing and cap-stud material retained False
inner bearing and cap-stud voids retained True
outer bearing and cap-stud material retained True
outer bearing and cap-stud voids retained True
Estimated bolt under-head length retained True
Estimated bolt head height retained True
Nominal three-quarter inch shank has analytic cylindrical faces True
Printed MX1 pin leg stock length True
MX1 uses distinct longer pin than inherited MX5 True
Both formed-pin straight legs retained -1 True
Both formed-pin straight legs retained 1 True
Formed tail endpoint present [0.0, 21.591717927224362, -7.107040802478171] True
Formed tail endpoint present [0.0, 21.591717927224362, 7.107040802478171] True
PortInnerUpperMX11 complete receiver bore True
PortInnerUpperMX11 head and washer bearing areas True
PortInnerUpperMX11 head seat has no gap True
PortInnerUpperMX11 washer seat has no gap True
PortInnerUpperMX11 nut seat has no gap True
PortInnerUpperMX11 lifted head loses bearing area True
PortInnerUpperMX11 lifted washer loses bearing area True
PortInnerUpperMX11 displaced shank catches receiver True
PortInnerUpperMX11 cotter retains withdrawn castle nut True
PortInnerUpperMX11 cotter prevents castle nut rotation True
PortFixedBearing_inner_bracket full pad on TransmissionFrame_TopChannel True
PortInnerUpperMX12 complete receiver bore True
PortInnerUpperMX12 head and washer bearing areas True
PortInnerUpperMX12 head seat has no gap True
PortInnerUpperMX12 washer seat has no gap True
PortInnerUpperMX12 nut seat has no gap True
PortInnerUpperMX12 lifted head loses bearing area True
PortInnerUpperMX12 lifted washer loses bearing area True
PortInnerUpperMX12 displaced shank catches receiver True
PortInnerUpperMX12 cotter retains withdrawn castle nut True
PortInnerUpperMX12 cotter prevents castle nut rotation True
PortInnerLowerMX11 complete receiver bore True
PortInnerLowerMX11 head and washer bearing areas True
PortInnerLowerMX11 head seat has no gap True
PortInnerLowerMX11 washer seat has no gap True
PortInnerLowerMX11 nut seat has no gap True
PortInnerLowerMX11 lifted head loses bearing area True
PortInnerLowerMX11 lifted washer loses bearing area True
PortInnerLowerMX11 displaced shank catches receiver True
PortInnerLowerMX11 cotter retains withdrawn castle nut True
PortInnerLowerMX11 cotter prevents castle nut rotation True
PortFixedBearing_inner_bracket full pad on TransmissionFrame_BottomChannel True
PortInnerLowerMX12 complete receiver bore True
PortInnerLowerMX12 head and washer bearing areas True
PortInnerLowerMX12 head seat has no gap True
PortInnerLowerMX12 washer seat has no gap True
PortInnerLowerMX12 nut seat has no gap True
PortInnerLowerMX12 lifted head loses bearing area True
PortInnerLowerMX12 lifted washer loses bearing area True
PortInnerLowerMX12 displaced shank catches receiver True
PortInnerLowerMX12 cotter retains withdrawn castle nut True
PortInnerLowerMX12 cotter prevents castle nut rotation True
PortOuterUpperMX11 complete receiver bore True
PortOuterUpperMX11 head and washer bearing areas True
PortOuterUpperMX11 head seat has no gap True
PortOuterUpperMX11 washer seat has no gap True
PortOuterUpperMX11 nut seat has no gap True
PortOuterUpperMX11 lifted head loses bearing area True
PortOuterUpperMX11 lifted washer loses bearing area True
PortOuterUpperMX11 displaced shank catches receiver True
PortOuterUpperMX11 cotter retains withdrawn castle nut True
PortOuterUpperMX11 cotter prevents castle nut rotation True
PortFixedBearing_outer_bracket full pad on TransmissionFrame_TopChannel True
PortOuterUpperMX12 complete receiver bore True
PortOuterUpperMX12 head and washer bearing areas True
PortOuterUpperMX12 head seat has no gap True
PortOuterUpperMX12 washer seat has no gap True
PortOuterUpperMX12 nut seat has no gap True
PortOuterUpperMX12 lifted head loses bearing area True
PortOuterUpperMX12 lifted washer loses bearing area True
PortOuterUpperMX12 displaced shank catches receiver True
PortOuterUpperMX12 cotter retains withdrawn castle nut True
PortOuterUpperMX12 cotter prevents castle nut rotation True
PortOuterUpperMX13 complete receiver bore True
PortOuterUpperMX13 head and washer bearing areas True
PortOuterUpperMX13 head seat has no gap True
PortOuterUpperMX13 washer seat has no gap True
PortOuterUpperMX13 nut seat has no gap True
PortOuterUpperMX13 lifted head loses bearing area True
PortOuterUpperMX13 lifted washer loses bearing area True
PortOuterUpperMX13 displaced shank catches receiver True
PortOuterUpperMX13 cotter retains withdrawn castle nut True
PortOuterUpperMX13 cotter prevents castle nut rotation True
PortOuterLowerMX11 complete receiver bore True
PortOuterLowerMX11 head and washer bearing areas True
PortOuterLowerMX11 head seat has no gap True
PortOuterLowerMX11 washer seat has no gap True
PortOuterLowerMX11 nut seat has no gap True
PortOuterLowerMX11 lifted head loses bearing area True
PortOuterLowerMX11 lifted washer loses bearing area True
PortOuterLowerMX11 displaced shank catches receiver True
PortOuterLowerMX11 cotter retains withdrawn castle nut True
PortOuterLowerMX11 cotter prevents castle nut rotation True
PortFixedBearing_outer_bracket full pad on TransmissionFrame_BottomChannel True
PortOuterLowerMX12 complete receiver bore True
PortOuterLowerMX12 head and washer bearing areas True
PortOuterLowerMX12 head seat has no gap True
PortOuterLowerMX12 washer seat has no gap True
PortOuterLowerMX12 nut seat has no gap True
PortOuterLowerMX12 lifted head loses bearing area True
PortOuterLowerMX12 lifted washer loses bearing area True
PortOuterLowerMX12 displaced shank catches receiver True
PortOuterLowerMX12 cotter retains withdrawn castle nut True
PortOuterLowerMX12 cotter prevents castle nut rotation True
PortOuterLowerMX13 complete receiver bore True
PortOuterLowerMX13 head and washer bearing areas True
PortOuterLowerMX13 head seat has no gap True
PortOuterLowerMX13 washer seat has no gap True
PortOuterLowerMX13 nut seat has no gap True
PortOuterLowerMX13 lifted head loses bearing area True
PortOuterLowerMX13 lifted washer loses bearing area True
PortOuterLowerMX13 displaced shank catches receiver True
PortOuterLowerMX13 cotter retains withdrawn castle nut True
PortOuterLowerMX13 cotter prevents castle nut rotation True
StarboardInnerUpperMX11 complete receiver bore True
StarboardInnerUpperMX11 head and washer bearing areas True
StarboardInnerUpperMX11 head seat has no gap True
StarboardInnerUpperMX11 washer seat has no gap True
StarboardInnerUpperMX11 nut seat has no gap True
StarboardInnerUpperMX11 lifted head loses bearing area True
StarboardInnerUpperMX11 lifted washer loses bearing area True
StarboardInnerUpperMX11 displaced shank catches receiver True
StarboardInnerUpperMX11 cotter retains withdrawn castle nut True
StarboardInnerUpperMX11 cotter prevents castle nut rotation True
StarboardFixedBearing_inner_bracket full pad on TransmissionFrame_TopChannel True
StarboardInnerUpperMX12 complete receiver bore True
StarboardInnerUpperMX12 head and washer bearing areas True
StarboardInnerUpperMX12 head seat has no gap True
StarboardInnerUpperMX12 washer seat has no gap True
StarboardInnerUpperMX12 nut seat has no gap True
StarboardInnerUpperMX12 lifted head loses bearing area True
StarboardInnerUpperMX12 lifted washer loses bearing area True
StarboardInnerUpperMX12 displaced shank catches receiver True
StarboardInnerUpperMX12 cotter retains withdrawn castle nut True
StarboardInnerUpperMX12 cotter prevents castle nut rotation True
StarboardInnerLowerMX11 complete receiver bore True
StarboardInnerLowerMX11 head and washer bearing areas True
StarboardInnerLowerMX11 head seat has no gap True
StarboardInnerLowerMX11 washer seat has no gap True
StarboardInnerLowerMX11 nut seat has no gap True
StarboardInnerLowerMX11 lifted head loses bearing area True
StarboardInnerLowerMX11 lifted washer loses bearing area True
StarboardInnerLowerMX11 displaced shank catches receiver True
StarboardInnerLowerMX11 cotter retains withdrawn castle nut True
StarboardInnerLowerMX11 cotter prevents castle nut rotation True
StarboardFixedBearing_inner_bracket full pad on TransmissionFrame_BottomChannel True
StarboardInnerLowerMX12 complete receiver bore True
StarboardInnerLowerMX12 head and washer bearing areas True
StarboardInnerLowerMX12 head seat has no gap True
StarboardInnerLowerMX12 washer seat has no gap True
StarboardInnerLowerMX12 nut seat has no gap True
StarboardInnerLowerMX12 lifted head loses bearing area True
StarboardInnerLowerMX12 lifted washer loses bearing area True
StarboardInnerLowerMX12 displaced shank catches receiver True
StarboardInnerLowerMX12 cotter retains withdrawn castle nut True
StarboardInnerLowerMX12 cotter prevents castle nut rotation True
StarboardOuterUpperMX11 complete receiver bore True
StarboardOuterUpperMX11 head and washer bearing areas True
StarboardOuterUpperMX11 head seat has no gap True
StarboardOuterUpperMX11 washer seat has no gap True
StarboardOuterUpperMX11 nut seat has no gap True
StarboardOuterUpperMX11 lifted head loses bearing area True
StarboardOuterUpperMX11 lifted washer loses bearing area True
StarboardOuterUpperMX11 displaced shank catches receiver True
StarboardOuterUpperMX11 cotter retains withdrawn castle nut True
StarboardOuterUpperMX11 cotter prevents castle nut rotation True
StarboardFixedBearing_outer_bracket full pad on TransmissionFrame_TopChannel True
StarboardOuterUpperMX12 complete receiver bore True
StarboardOuterUpperMX12 head and washer bearing areas True
StarboardOuterUpperMX12 head seat has no gap True
StarboardOuterUpperMX12 washer seat has no gap True
StarboardOuterUpperMX12 nut seat has no gap True
StarboardOuterUpperMX12 lifted head loses bearing area True
StarboardOuterUpperMX12 lifted washer loses bearing area True
StarboardOuterUpperMX12 displaced shank catches receiver True
StarboardOuterUpperMX12 cotter retains withdrawn castle nut True
StarboardOuterUpperMX12 cotter prevents castle nut rotation True
StarboardOuterUpperMX13 complete receiver bore True
StarboardOuterUpperMX13 head and washer bearing areas True
StarboardOuterUpperMX13 head seat has no gap True
StarboardOuterUpperMX13 washer seat has no gap True
StarboardOuterUpperMX13 nut seat has no gap True
StarboardOuterUpperMX13 lifted head loses bearing area True
StarboardOuterUpperMX13 lifted washer loses bearing area True
StarboardOuterUpperMX13 displaced shank catches receiver True
StarboardOuterUpperMX13 cotter retains withdrawn castle nut True
StarboardOuterUpperMX13 cotter prevents castle nut rotation True
StarboardOuterLowerMX11 complete receiver bore True
StarboardOuterLowerMX11 head and washer bearing areas True
StarboardOuterLowerMX11 head seat has no gap True
StarboardOuterLowerMX11 washer seat has no gap True
StarboardOuterLowerMX11 nut seat has no gap True
StarboardOuterLowerMX11 lifted head loses bearing area True
StarboardOuterLowerMX11 lifted washer loses bearing area True
StarboardOuterLowerMX11 displaced shank catches receiver True
StarboardOuterLowerMX11 cotter retains withdrawn castle nut True
StarboardOuterLowerMX11 cotter prevents castle nut rotation True
StarboardFixedBearing_outer_bracket full pad on TransmissionFrame_BottomChannel True
StarboardOuterLowerMX12 complete receiver bore True
StarboardOuterLowerMX12 head and washer bearing areas True
StarboardOuterLowerMX12 head seat has no gap True
StarboardOuterLowerMX12 washer seat has no gap True
StarboardOuterLowerMX12 nut seat has no gap True
StarboardOuterLowerMX12 lifted head loses bearing area True
StarboardOuterLowerMX12 lifted washer loses bearing area True
StarboardOuterLowerMX12 displaced shank catches receiver True
StarboardOuterLowerMX12 cotter retains withdrawn castle nut True
StarboardOuterLowerMX12 cotter prevents castle nut rotation True
StarboardOuterLowerMX13 complete receiver bore True
StarboardOuterLowerMX13 head and washer bearing areas True
StarboardOuterLowerMX13 head seat has no gap True
StarboardOuterLowerMX13 washer seat has no gap True
StarboardOuterLowerMX13 nut seat has no gap True
StarboardOuterLowerMX13 lifted head loses bearing area True
StarboardOuterLowerMX13 lifted washer loses bearing area True
StarboardOuterLowerMX13 displaced shank catches receiver True
StarboardOuterLowerMX13 cotter retains withdrawn castle nut True
StarboardOuterLowerMX13 cotter prevents castle nut rotation True
development all nearby material pairs clear True
standard all nearby material pairs clear True
Completed 233 checks; failures ['Prior assembly frames retained with only four mounting groups appended', 'inner bearing and cap-stud material retained']
Traceback (most recent call last):
  File "/home/cyapp/MarkVIIILiberty/cad/003_FullTank/experiments/drive_chains/check_transmission_bracket_mount_trial.py", line 174, in <module>
    assert result['local_joint_checks_passed']
           ~~~~~~^^^^^^^^^^^^^^^^^^^^^^^^^^^^^
AssertionError
