Strict material Def_BracketMount_bolt True
Strict material Def_BracketMount_cotter True
Strict material Def_ClutchBrake_carrier True
Strict material Def_ClutchCone_spring True
Strict material Def_ClutchDrive_belt True
Strict material Def_ClutchRetention_wire True
Strict material Def_ClutchStopBand_lining True
Strict material Def_EngineCase_lower True
Strict material Def_EngineOilPump_lower_body True
Strict material Def_EngineOilPump_mount_gasket True
Strict material Def_EngineOilPump_relief_lock_wire True
Strict material Def_EngineWaterPump_lock_wire True
Strict material Def_FixedBearing_inner_bracket True
Strict material Def_FixedBearing_outer_bracket True
Strict material Def_FrontClutch_spring True
Strict material Def_TransmissionInput_cage True
Strict material Def_TransmissionPin_bolt_nut True
Strict material Def_TransmissionPin_nut True
Strict material Def_TransmissionSmallSupport_bolt_nut True
Strict material Def_TransmissionSmallSupport_nut True
