QOpenGLWidget is not supported on this platform.
planet_clock_negative Port True
planet_clock_negative Port True
planet_clock_negative Port True
compatible_gear_only_phase Port True
compatible_gear_only_phase Port True
compatible_gear_only_phase Port True
compatible_gear_only_phase Port True
rivet_head_stop_negative Port True
rivet_head_stop_negative Port True
rivet_head_stop_negative Port True
rivet_head_stop_negative Port True
disk_rivet_clock_negative Port True
bush_radial_negative Port True
bush_radial_negative Port True
drum_spline_clock_negative Port True
planet_clock_negative Starboard True
planet_clock_negative Starboard True
planet_clock_negative Starboard True
compatible_gear_only_phase Starboard True
compatible_gear_only_phase Starboard True
compatible_gear_only_phase Starboard True
compatible_gear_only_phase Starboard True
rivet_head_stop_negative Starboard True
rivet_head_stop_negative Starboard True
rivet_head_stop_negative Starboard True
rivet_head_stop_negative Starboard True
disk_rivet_clock_negative Starboard True
bush_radial_negative Starboard True
bush_radial_negative Starboard True
drum_spline_clock_negative Starboard True
PASS
