Twenty complete four-component joints added True
All saved occurrence frames, definitions and owners match True
Prior assembly frames retained with only four mounting groups appended True
Only two new physical definitions and original source metadata retained True
Def_BracketMount_bolt valid single solid True
Def_BracketMount_cotter valid single solid True
Def_FixedBearing_inner_bracket valid single solid True
Def_FixedBearing_outer_bracket valid single solid True
Def_TransmissionFrame_bottom_channel valid single solid True
Def_TransmissionFrame_top_channel valid single solid True
inner saddle material retained False
inner saddle voids retained True
inner cap-stud lug material retained 0 True
inner cap-stud lug voids retained 0 True
inner cap-stud lug material retained 1 True
inner cap-stud lug voids retained 1 True
inner cap-stud lug material retained 2 True
inner cap-stud lug voids retained 2 True
inner cap-stud lug material retained 3 True
inner cap-stud lug voids retained 3 True
outer saddle material retained True
outer saddle voids retained True
outer cap-stud lug material retained 0 True
outer cap-stud lug voids retained 0 True
outer cap-stud lug material retained 1 True
outer cap-stud lug voids retained 1 True
outer cap-stud lug material retained 2 True
outer cap-stud lug voids retained 2 True
outer cap-stud lug material retained 3 True
outer cap-stud lug voids retained 3 True
Traceback (most recent call last):
  File "/home/cyapp/MarkVIIILiberty/cad/003_FullTank/experiments/drive_chains/check_transmission_bracket_mount_trial.py", line 124, in <module>
    if removed.Solids:removed=removed.cut(tool)
                              ^^^^^^^^^^^^^^^^^
ValueError: Null shape
