Definitions Def_ShaftClosure_castle_nut True
Definitions Def_ShaftClosure_cotter True
Definitions Def_ShaftClosure_gear_cap True
Definitions Def_ShaftClosure_gear_gasket True
Definitions Def_ShaftClosure_gear_stud True
Definitions Def_ShaftClosure_main_cap True
Definitions Def_ShaftClosure_main_gasket True
Definitions Def_ShaftClosure_main_stud True
Definitions Def_ShaftClosure_nose_plug True
Definitions Def_ShaftClosure_oil_plug True
Definitions Def_ShaftClosure_pin_cap True
Definitions Def_ShaftClosure_pin_gasket True
Definitions Def_ShaftClosure_pin_stud True
Definitions Def_ShaftClosure_plain_nut True
Definitions Def_ShaftClosure_small_gasket True
Definitions Def_ShaftClosure_washer True
Definitions Def_EngineCrank_shaft True
Installation ShaftClosure_Main2_LeftCap True
Installation ShaftClosure_Main2_LeftGasket True
Installation ShaftClosure_Main2_RightCap True
Installation ShaftClosure_Main2_RightGasket True
Installation ShaftClosure_Main2_Stud True
Installation ShaftClosure_Main2_LeftSeal True
Installation ShaftClosure_Main2_RightSeal True
Installation ShaftClosure_Main2_PlainNut True
Installation ShaftClosure_Main2_Washer True
Installation ShaftClosure_Main2_CastleNut True
Installation ShaftClosure_Main2_Cotter True
Installation ShaftClosure_Main3_LeftCap True
Installation ShaftClosure_Main3_LeftGasket True
Installation ShaftClosure_Main3_RightCap True
Installation ShaftClosure_Main3_RightGasket True
Installation ShaftClosure_Main3_Stud True
Installation ShaftClosure_Main3_LeftSeal True
Installation ShaftClosure_Main3_RightSeal True
Installation ShaftClosure_Main3_PlainNut True
Installation ShaftClosure_Main3_Washer True
Installation ShaftClosure_Main3_CastleNut True
Installation ShaftClosure_Main3_Cotter True
Installation ShaftClosure_Main4_LeftCap True
Installation ShaftClosure_Main4_LeftGasket True
Installation ShaftClosure_Main4_RightCap True
Installation ShaftClosure_Main4_RightGasket True
Installation ShaftClosure_Main4_Stud True
Installation ShaftClosure_Main4_LeftSeal True
Installation ShaftClosure_Main4_RightSeal True
Installation ShaftClosure_Main4_PlainNut True
Installation ShaftClosure_Main4_Washer True
Installation ShaftClosure_Main4_CastleNut True
Installation ShaftClosure_Main4_Cotter True
Installation ShaftClosure_Main5_LeftCap True
Installation ShaftClosure_Main5_LeftGasket True
Installation ShaftClosure_Main5_RightCap True
Installation ShaftClosure_Main5_RightGasket True
Installation ShaftClosure_Main5_Stud True
Installation ShaftClosure_Main5_LeftSeal True
Installation ShaftClosure_Main5_RightSeal True
Installation ShaftClosure_Main5_PlainNut True
Installation ShaftClosure_Main5_Washer True
Installation ShaftClosure_Main5_CastleNut True
Installation ShaftClosure_Main5_Cotter True
Installation ShaftClosure_Main6_LeftCap True
Installation ShaftClosure_Main6_LeftGasket True
Installation ShaftClosure_Main6_RightCap True
Installation ShaftClosure_Main6_RightGasket True
Installation ShaftClosure_Main6_Stud True
Installation ShaftClosure_Main6_LeftSeal True
Installation ShaftClosure_Main6_RightSeal True
Installation ShaftClosure_Main6_PlainNut True
Installation ShaftClosure_Main6_Washer True
Installation ShaftClosure_Main6_CastleNut True
Installation ShaftClosure_Main6_Cotter True
Installation ShaftClosure_Pin6_LeftCap True
Installation ShaftClosure_Pin6_LeftGasket True
Installation ShaftClosure_Pin6_RightCap True
Installation ShaftClosure_Pin6_RightGasket True
Installation ShaftClosure_Pin6_Stud True
Installation ShaftClosure_Pin6_LeftSeal True
Installation ShaftClosure_Pin6_RightSeal True
Installation ShaftClosure_Pin6_PlainNut True
Installation ShaftClosure_Pin6_Washer True
Installation ShaftClosure_Pin6_CastleNut True
Installation ShaftClosure_Pin6_Cotter True
Installation ShaftClosure_Pin5_LeftCap True
Installation ShaftClosure_Pin5_LeftGasket True
Installation ShaftClosure_Pin5_RightCap True
Installation ShaftClosure_Pin5_RightGasket True
Installation ShaftClosure_Pin5_Stud True
Installation ShaftClosure_Pin5_LeftSeal True
Installation ShaftClosure_Pin5_RightSeal True
Installation ShaftClosure_Pin5_PlainNut True
Installation ShaftClosure_Pin5_Washer True
Installation ShaftClosure_Pin5_CastleNut True
Installation ShaftClosure_Pin5_Cotter True
Installation ShaftClosure_Pin4_LeftCap True
Installation ShaftClosure_Pin4_LeftGasket True
Installation ShaftClosure_Pin4_RightCap True
Installation ShaftClosure_Pin4_RightGasket True
Installation ShaftClosure_Pin4_Stud True
Installation ShaftClosure_Pin4_LeftSeal True
Installation ShaftClosure_Pin4_RightSeal True
Installation ShaftClosure_Pin4_PlainNut True
Installation ShaftClosure_Pin4_Washer True
Installation ShaftClosure_Pin4_CastleNut True
Installation ShaftClosure_Pin4_Cotter True
Installation ShaftClosure_Pin3_LeftCap True
Installation ShaftClosure_Pin3_LeftGasket True
Installation ShaftClosure_Pin3_RightCap True
Installation ShaftClosure_Pin3_RightGasket True
Installation ShaftClosure_Pin3_Stud True
Installation ShaftClosure_Pin3_LeftSeal True
Installation ShaftClosure_Pin3_RightSeal True
Installation ShaftClosure_Pin3_PlainNut True
Installation ShaftClosure_Pin3_Washer True
Installation ShaftClosure_Pin3_CastleNut True
Installation ShaftClosure_Pin3_Cotter True
Installation ShaftClosure_Pin2_LeftCap True
Installation ShaftClosure_Pin2_LeftGasket True
Installation ShaftClosure_Pin2_RightCap True
Installation ShaftClosure_Pin2_RightGasket True
Installation ShaftClosure_Pin2_Stud True
Installation ShaftClosure_Pin2_LeftSeal True
Installation ShaftClosure_Pin2_RightSeal True
Installation ShaftClosure_Pin2_PlainNut True
Installation ShaftClosure_Pin2_Washer True
Installation ShaftClosure_Pin2_CastleNut True
Installation ShaftClosure_Pin2_Cotter True
Installation ShaftClosure_Pin1_LeftCap True
Installation ShaftClosure_Pin1_LeftGasket True
Installation ShaftClosure_Pin1_RightCap True
Installation ShaftClosure_Pin1_RightGasket True
Installation ShaftClosure_Pin1_Stud True
Installation ShaftClosure_Pin1_LeftSeal True
Installation ShaftClosure_Pin1_RightSeal True
Installation ShaftClosure_Pin1_PlainNut True
Installation ShaftClosure_Pin1_Washer True
Installation ShaftClosure_Pin1_CastleNut True
Installation ShaftClosure_Pin1_Cotter True
Installation ShaftClosure_Gear_LeftCap True
Installation ShaftClosure_Gear_LeftGasket True
Installation ShaftClosure_Gear_RightCap True
Installation ShaftClosure_Gear_RightGasket True
Installation ShaftClosure_Gear_Stud True
Installation ShaftClosure_Gear_LeftSeal True
Installation ShaftClosure_Gear_RightSeal True
Installation ShaftClosure_Gear_PlainNut True
Installation ShaftClosure_Gear_Washer True
Installation ShaftClosure_Gear_CastleNut True
Installation ShaftClosure_Gear_Cotter True
Installation ShaftClosure_NosePlug True
Installation ShaftClosure_OilPlug6 True
Installation ShaftClosure_OilPlug5 True
Installation ShaftClosure_OilPlug4 True
Installation ShaftClosure_OilPlug3 True
Installation ShaftClosure_OilPlug2 True
Installation ShaftClosure_OilPlug1 True
Installation EngineCrank_Forging True
