2170 unique physical occurrences True
one valid integral casing True
cylindrical receiver at driver axis True
lug has circumferential supporting material at three heights True
16 constituents withdraw together True
whole removable unit lies in cylindrical passage envelope True
continuous downward envelope clears actual casing True
withdrawn entire unit lies below casing True
oil entry radial route remains exposed -1 True
oil entry receives drainage from above -1 True
oil entry radial route remains exposed 1 True
oil entry receives drainage from above 1 True
retaining screw has cast head-seat material True
retaining screw clearance bore is open True
continuous bottom oil-pump mounting rim True
bottom opening is unobstructed True
bottom opening retains offset from driver True
rear water-pump passage is unobstructed True
rear opening leaves bottom rim stock True
no removed casing material outside receiving region True
no added casing material outside receiving region True
receiver change actually adds and removes material True
2169 other occurrences retain material and all2170retain frames True
Material pairs 25
Material pairs 50
Material pairs 75
Material pairs 100
Material pairs 125
Material pairs 150
Material pairs 175
Material pairs 200
Material pairs 225
Material pairs 250
affected material has no overlaps True
actual removable unit separates from retained main gear at sampled stations True
25 checks; 261 material pairs; True
