Definitions Def_HighBrakeMechanism_cotter True
Definitions Def_HighBrakeMechanism_lever_left True
Definitions Def_HighBrakeMechanism_lever_right True
Definitions Def_HighBrakeMechanism_nut True
Definitions Def_HighBrakeMechanism_pin True
Definitions Def_HighBrakeMechanism_rivet True
Definitions Def_HighBrakeMechanism_screw True
Definitions Def_HighBrakeMechanism_spring True
Definitions Def_HighBrakeMechanism_washer_a True
Definitions Def_HighBrakeMechanism_washer_b True
Installation PortHighSpeedBrakeAdjustingNut True
Installation PortHighSpeedBrakeAdjustingScrew True
Installation PortHighSpeedBrakeAdjustingSpring True
Installation PortHighSpeedBrakeLeverLeft True
Installation PortHighSpeedBrakeLeverRight True
Installation PortHighSpeedBrakeLeverRivet1 True
Installation PortHighSpeedBrakeLeverRivet2 True
Installation PortHighSpeedBrakeLeverRivet3 True
Installation PortHighSpeedBrakeLeverRivet4 True
Installation PortHighSpeedBrakeLowerFreeEndCotter True
Installation PortHighSpeedBrakeLowerFreeEndPin True
Installation PortHighSpeedBrakeLowerSpringWasher True
Installation PortHighSpeedBrakeUpperFreeEndCotter True
Installation PortHighSpeedBrakeUpperFreeEndPin True
Installation PortHighSpeedBrakeUpperSpringWasher True
Installation StarboardHighSpeedBrakeAdjustingNut True
Installation StarboardHighSpeedBrakeAdjustingScrew True
Installation StarboardHighSpeedBrakeAdjustingSpring True
Installation StarboardHighSpeedBrakeLeverLeft True
Installation StarboardHighSpeedBrakeLeverRight True
Installation StarboardHighSpeedBrakeLeverRivet1 True
Installation StarboardHighSpeedBrakeLeverRivet2 True
Installation StarboardHighSpeedBrakeLeverRivet3 True
Installation StarboardHighSpeedBrakeLeverRivet4 True
Installation StarboardHighSpeedBrakeLowerFreeEndCotter True
Installation StarboardHighSpeedBrakeLowerFreeEndPin True
Installation StarboardHighSpeedBrakeLowerSpringWasher True
Installation StarboardHighSpeedBrakeUpperFreeEndCotter True
Installation StarboardHighSpeedBrakeUpperFreeEndPin True
Installation StarboardHighSpeedBrakeUpperSpringWasher True
