Definitions lower_driving_gear True
Definitions lower_idler_gear True
Definitions upper_driving_gear True
Definitions upper_idler_gear True
Definitions shaft True
Definitions long_pin True
Definitions short_pin True
Definitions upper_bush True
Definitions lower_bush True
Definitions partition True
Definitions dowel True
Definitions lower_body True
Definitions upper_body True
Definitions relief_seat True
Definitions relief_valve True
Definitions relief_cage True
Definitions relief_shim True
Definitions relief_spring True
Definitions upper_plug True
Definitions body_plug True
Definitions cover True
Definitions cover_gasket True
Definitions drain_plug True
Definitions drain_gasket True
Definitions upper_filter_frame True
Definitions lower_filter_frame True
Definitions screen_nut True
Definitions screen_lock True
Definitions fastener_washer True
Definitions fastener_nut True
Definitions fastener_cotter True
Definitions upper_body_bolt True
Definitions cover_body_bolt True
Definitions relief_lock_wire True
Assembly EngineOilPump_LowerDrivingGear True
Assembly EngineOilPump_LowerIdler1 True
Assembly EngineOilPump_UpperDrivingGear True
Assembly EngineOilPump_UpperIdler1 True
Assembly EngineOilPump_UpperIdler2 True
Assembly EngineOilPump_DrivingShaft True
Assembly EngineOilPump_LongIdlerPin True
Assembly EngineOilPump_ShortIdlerPin True
Assembly EngineOilPump_UpperBush True
Assembly EngineOilPump_LowerBush True
Assembly EngineOilPump_SeparatingPlate True
Assembly EngineOilPump_LocatingDowel1 True
Assembly EngineOilPump_LocatingDowel2 True
Assembly EngineOilPump_LowerBody True
Assembly EngineOilPump_UpperBody True
Assembly EngineOilPump_ReliefSeat True
Assembly EngineOilPump_ReliefValve True
Assembly EngineOilPump_ReliefCage True
Assembly EngineOilPump_ReliefShim True
Assembly EngineOilPump_ReliefSpring True
Assembly EngineOilPump_UpperPassagePlug1 True
Assembly EngineOilPump_UpperPassagePlug2 True
Assembly EngineOilPump_LowerBodyPlug True
Assembly EngineOilPump_BottomCover True
Assembly EngineOilPump_CoverGasket True
Assembly EngineOilPump_DrainPlug True
Assembly EngineOilPump_DrainGasket True
Assembly EngineOilPump_UpperFilterFrame True
Assembly EngineOilPump_LowerFilterFrame True
Assembly EngineOilPump_UpperScreenNut True
Assembly EngineOilPump_UpperScreenNutLock True
Assembly EngineOilPump_UpperJoint1Bolt True
Assembly EngineOilPump_UpperJoint1HeadWasher True
Assembly EngineOilPump_UpperJoint1NutWasher True
Assembly EngineOilPump_UpperJoint1Nut True
Assembly EngineOilPump_UpperJoint1Cotter True
Assembly EngineOilPump_UpperJoint2Bolt True
Assembly EngineOilPump_UpperJoint2HeadWasher True
Assembly EngineOilPump_UpperJoint2NutWasher True
Assembly EngineOilPump_UpperJoint2Nut True
Assembly EngineOilPump_UpperJoint2Cotter True
Assembly EngineOilPump_UpperJoint3Bolt True
Assembly EngineOilPump_UpperJoint3HeadWasher True
Assembly EngineOilPump_UpperJoint3NutWasher True
Assembly EngineOilPump_UpperJoint3Nut True
Assembly EngineOilPump_UpperJoint4Bolt True
Assembly EngineOilPump_UpperJoint4HeadWasher True
Assembly EngineOilPump_UpperJoint4NutWasher True
Assembly EngineOilPump_UpperJoint4Nut True
Assembly EngineOilPump_UpperJoint4Cotter True
Assembly EngineOilPump_CoverJoint1Bolt True
Assembly EngineOilPump_CoverJoint1HeadWasher True
Assembly EngineOilPump_CoverJoint1NutWasher True
Assembly EngineOilPump_CoverJoint1Nut True
Assembly EngineOilPump_CoverJoint1Cotter True
Assembly EngineOilPump_CoverJoint2Bolt True
Assembly EngineOilPump_CoverJoint2HeadWasher True
Assembly EngineOilPump_CoverJoint2NutWasher True
Assembly EngineOilPump_CoverJoint2Nut True
Assembly EngineOilPump_CoverJoint2Cotter True
Assembly EngineOilPump_CoverJoint3Bolt True
Assembly EngineOilPump_CoverJoint3HeadWasher True
Assembly EngineOilPump_CoverJoint3NutWasher True
Assembly EngineOilPump_CoverJoint3Nut True
Assembly EngineOilPump_CoverJoint3Cotter True
Assembly EngineOilPump_CoverJoint4Bolt True
Assembly EngineOilPump_CoverJoint4HeadWasher True
Assembly EngineOilPump_CoverJoint4NutWasher True
Assembly EngineOilPump_CoverJoint4Nut True
Assembly EngineOilPump_CoverJoint4Cotter True
Assembly EngineOilPump_CoverJoint5Bolt True
Assembly EngineOilPump_CoverJoint5HeadWasher True
Assembly EngineOilPump_CoverJoint5NutWasher True
Assembly EngineOilPump_CoverJoint5Nut True
Assembly EngineOilPump_CoverJoint5Cotter True
Assembly EngineOilPump_CoverJoint6Bolt True
Assembly EngineOilPump_CoverJoint6HeadWasher True
Assembly EngineOilPump_CoverJoint6NutWasher True
Assembly EngineOilPump_CoverJoint6Nut True
Assembly EngineOilPump_CoverJoint6Cotter True
Assembly EngineOilPump_CoverJoint7Bolt True
Assembly EngineOilPump_CoverJoint7HeadWasher True
Assembly EngineOilPump_CoverJoint7NutWasher True
Assembly EngineOilPump_CoverJoint7Nut True
Assembly EngineOilPump_CoverJoint7Cotter True
Assembly EngineOilPump_CoverJoint8Bolt True
Assembly EngineOilPump_CoverJoint8HeadWasher True
Assembly EngineOilPump_CoverJoint8NutWasher True
Assembly EngineOilPump_CoverJoint8Nut True
Assembly EngineOilPump_CoverJoint8Cotter True
Assembly EngineOilPump_CoverJoint9Bolt True
Assembly EngineOilPump_CoverJoint9HeadWasher True
Assembly EngineOilPump_CoverJoint9NutWasher True
Assembly EngineOilPump_CoverJoint9Nut True
Assembly EngineOilPump_CoverJoint9Cotter True
Assembly EngineOilPump_CoverJoint10Bolt True
Assembly EngineOilPump_CoverJoint10HeadWasher True
Assembly EngineOilPump_CoverJoint10NutWasher True
Assembly EngineOilPump_CoverJoint10Nut True
Assembly EngineOilPump_CoverJoint10Cotter True
Assembly EngineOilPump_ReliefLockWire True
