Constructing source-informed crankshaft and bearing installation.
solid forging before hollows True 1
hollow keyed forging True 1
revised upper case True 1
revised lower case True 1
key True 1
key_screw True 1
shaft True 1
output_nut True 1
output_cotter True 1
long_upper True 1
long_lower True 1
short_upper True 1
short_lower True 1
dowel True 1
upper True 1
lower True 1
thrust_center True 1
thrust_outer True 1
thrust_cage True 1
thrust_ball True 1
thrust_sleeve True 1
thrust_nut True 1
Saved 1992 physical occurrences; 81 new; 2 revised; 1909 preserved.
