Exactly four M338 and two M385 occurrences added True
All prior frames and owners retained; new composed frames correct True
Prior assembly frames and children retained True
Existing definition identities and source properties retained True
M338 source identity retained True
M385 source identity retained True
M338 saved shape valid single solid True
M385 saved shape valid single solid True
Bracket retains complete foot and rounded bored lug volume True
Stop retains continuous L-section stock True
M339 receiving bore is completely open True
Analytic pin bore and rounded lower end retained True
Filled-bore negative control rejected True
PortLowSpeedBracket complete foot bearing on channel True
PortLowSpeedBracket no channel penetration True
PortLowSpeedBracket lifted seat loses bearing True
PortLowSpeedBracket centered on saved brake friction face True
PortLowSpeedBracket clears complete rotating drum envelope True
PortTrackBracket complete foot bearing on channel True
PortTrackBracket no channel penetration True
PortTrackBracket lifted seat loses bearing True
PortTrackBracket centered on saved brake friction face True
PortTrackBracket clears complete rotating drum envelope True
PortTrackStop complete foot bearing on channel True
PortTrackStop no channel penetration True
PortTrackStop lifted seat loses bearing True
PortTrackStop centered on saved brake friction face True
PortTrackStop clears complete rotating drum envelope True
StarboardLowSpeedBracket complete foot bearing on channel True
StarboardLowSpeedBracket no channel penetration True
StarboardLowSpeedBracket lifted seat loses bearing True
StarboardLowSpeedBracket centered on saved brake friction face True
StarboardLowSpeedBracket clears complete rotating drum envelope True
StarboardTrackBracket complete foot bearing on channel True
StarboardTrackBracket no channel penetration True
StarboardTrackBracket lifted seat loses bearing True
StarboardTrackBracket centered on saved brake friction face True
StarboardTrackBracket clears complete rotating drum envelope True
StarboardTrackStop complete foot bearing on channel True
StarboardTrackStop no channel penetration True
StarboardTrackStop lifted seat loses bearing True
StarboardTrackStop centered on saved brake friction face True
StarboardTrackStop clears complete rotating drum envelope True
development all nearby material pairs clear False
standard all nearby material pairs clear True
Finished 45 checks; failures ['development all nearby material pairs clear']
Traceback (most recent call last):
  File "/home/cyapp/MarkVIIILiberty/cad/003_FullTank/experiments/drive_chains/check_transmission_brake_suspension.py", line 129, in <module>
    assert result['local_suspension_checks_passed']
           ~~~~~~^^^^^^^^^^^^^^^^^^^^^^^^^^^^^^^^^^
AssertionError
