Definitions Def_BrakeFront_pin True
Definitions Def_BrakeFront_track_ear True
Definitions Def_BrakeFront_low_ear True
Definitions Def_BrakeFront_screw True
Definitions Def_BrakeFront_lever True
Definitions Def_BrakeFront_spring False
Definitions Def_BrakeBand_track_band True
Definitions Def_BrakeFront_swivel True
Definitions Def_BrakeBand_low_band True
Definitions Def_BrakeFront_nut True
Installation PortLowSpeedBrakeAdjustingNut True
Installation PortLowSpeedBrakeAdjustingScrew True
Installation PortLowSpeedBrakeAdjustingSpring False
Installation PortLowSpeedBrakeLever True
Installation PortLowSpeedBrakeLowerBand True
Installation PortLowSpeedBrakeLowerFrontCotter True
Installation PortLowSpeedBrakeLowerFrontEar True
Installation PortLowSpeedBrakeLowerFrontPin True
Installation PortLowSpeedBrakeLowerFrontSteelRivet1 True
Installation PortLowSpeedBrakeLowerFrontSteelRivet2 True
Installation PortLowSpeedBrakeLowerFrontSteelRivet3 True
Installation PortLowSpeedBrakeLowerFrontSteelRivet4 True
Installation PortLowSpeedBrakeLowerFrontSteelRivet5 True
Installation PortLowSpeedBrakeLowerFrontSteelRivet6 True
Installation PortLowSpeedBrakeLowerFrontSteelRivet7 True
Installation PortLowSpeedBrakeLowerFrontSteelRivet8 True
Installation PortLowSpeedBrakeLowerSegment1Rivet1 True
Installation PortLowSpeedBrakeLowerSegment1Rivet2 True
Installation PortLowSpeedBrakeLowerSegment1Rivet3 True
Installation PortLowSpeedBrakeSwivel True
Installation PortLowSpeedBrakeUpperBand True
Installation PortLowSpeedBrakeUpperFrontCotter True
Installation PortLowSpeedBrakeUpperFrontEar True
Installation PortLowSpeedBrakeUpperFrontPin True
Installation PortLowSpeedBrakeUpperFrontSteelRivet1 True
Installation PortLowSpeedBrakeUpperFrontSteelRivet2 True
Installation PortLowSpeedBrakeUpperFrontSteelRivet3 True
Installation PortLowSpeedBrakeUpperFrontSteelRivet4 True
Installation PortLowSpeedBrakeUpperFrontSteelRivet5 True
Installation PortLowSpeedBrakeUpperFrontSteelRivet6 True
Installation PortLowSpeedBrakeUpperFrontSteelRivet7 True
Installation PortLowSpeedBrakeUpperFrontSteelRivet8 True
Installation PortLowSpeedBrakeUpperSegment1Rivet1 True
Installation PortLowSpeedBrakeUpperSegment1Rivet2 True
Installation PortLowSpeedBrakeUpperSegment1Rivet3 True
Installation PortTrackBrakeAdjustingNut True
Installation PortTrackBrakeAdjustingScrew True
Installation PortTrackBrakeAdjustingSpring False
Installation PortTrackBrakeLever True
Installation PortTrackBrakeLowerBand True
Installation PortTrackBrakeLowerFrontCotter True
Installation PortTrackBrakeLowerFrontEar True
Installation PortTrackBrakeLowerFrontPin True
Installation PortTrackBrakeLowerFrontSteelRivet1 True
Installation PortTrackBrakeLowerFrontSteelRivet2 True
Installation PortTrackBrakeLowerFrontSteelRivet3 True
Installation PortTrackBrakeLowerFrontSteelRivet4 True
Installation PortTrackBrakeLowerFrontSteelRivet5 True
Installation PortTrackBrakeLowerFrontSteelRivet6 True
Installation PortTrackBrakeLowerSegment1Rivet1 True
Installation PortTrackBrakeLowerSegment1Rivet2 True
Installation PortTrackBrakeLowerSegment1Rivet3 True
Installation PortTrackBrakeSwivel True
Installation PortTrackBrakeUpperBand True
Installation PortTrackBrakeUpperFrontCotter True
Installation PortTrackBrakeUpperFrontEar True
Installation PortTrackBrakeUpperFrontPin True
Installation PortTrackBrakeUpperFrontSteelRivet1 True
Installation PortTrackBrakeUpperFrontSteelRivet2 True
Installation PortTrackBrakeUpperFrontSteelRivet3 True
Installation PortTrackBrakeUpperFrontSteelRivet4 True
Installation PortTrackBrakeUpperFrontSteelRivet5 True
Installation PortTrackBrakeUpperFrontSteelRivet6 True
Installation PortTrackBrakeUpperSegment1Rivet1 True
Installation PortTrackBrakeUpperSegment1Rivet2 True
Installation PortTrackBrakeUpperSegment1Rivet3 True
Installation StarboardLowSpeedBrakeAdjustingNut True
Installation StarboardLowSpeedBrakeAdjustingScrew True
Installation StarboardLowSpeedBrakeAdjustingSpring False
Installation StarboardLowSpeedBrakeLever True
Installation StarboardLowSpeedBrakeLowerBand True
Installation StarboardLowSpeedBrakeLowerFrontCotter True
Installation StarboardLowSpeedBrakeLowerFrontEar True
Installation StarboardLowSpeedBrakeLowerFrontPin True
Installation StarboardLowSpeedBrakeLowerFrontSteelRivet1 True
Installation StarboardLowSpeedBrakeLowerFrontSteelRivet2 True
Installation StarboardLowSpeedBrakeLowerFrontSteelRivet3 True
Installation StarboardLowSpeedBrakeLowerFrontSteelRivet4 True
Installation StarboardLowSpeedBrakeLowerFrontSteelRivet5 True
Installation StarboardLowSpeedBrakeLowerFrontSteelRivet6 True
Installation StarboardLowSpeedBrakeLowerFrontSteelRivet7 True
Installation StarboardLowSpeedBrakeLowerFrontSteelRivet8 True
Installation StarboardLowSpeedBrakeLowerSegment1Rivet1 True
Installation StarboardLowSpeedBrakeLowerSegment1Rivet2 True
Installation StarboardLowSpeedBrakeLowerSegment1Rivet3 True
Installation StarboardLowSpeedBrakeSwivel True
Installation StarboardLowSpeedBrakeUpperBand True
Installation StarboardLowSpeedBrakeUpperFrontCotter True
Installation StarboardLowSpeedBrakeUpperFrontEar True
Installation StarboardLowSpeedBrakeUpperFrontPin True
Installation StarboardLowSpeedBrakeUpperFrontSteelRivet1 True
Installation StarboardLowSpeedBrakeUpperFrontSteelRivet2 True
Installation StarboardLowSpeedBrakeUpperFrontSteelRivet3 True
Installation StarboardLowSpeedBrakeUpperFrontSteelRivet4 True
Installation StarboardLowSpeedBrakeUpperFrontSteelRivet5 True
Installation StarboardLowSpeedBrakeUpperFrontSteelRivet6 True
Installation StarboardLowSpeedBrakeUpperFrontSteelRivet7 True
Installation StarboardLowSpeedBrakeUpperFrontSteelRivet8 True
Installation StarboardLowSpeedBrakeUpperSegment1Rivet1 True
Installation StarboardLowSpeedBrakeUpperSegment1Rivet2 True
Installation StarboardLowSpeedBrakeUpperSegment1Rivet3 True
Installation StarboardTrackBrakeAdjustingNut True
Installation StarboardTrackBrakeAdjustingScrew True
Installation StarboardTrackBrakeAdjustingSpring False
Installation StarboardTrackBrakeLever True
Installation StarboardTrackBrakeLowerBand True
Installation StarboardTrackBrakeLowerFrontCotter True
Installation StarboardTrackBrakeLowerFrontEar True
Installation StarboardTrackBrakeLowerFrontPin True
Installation StarboardTrackBrakeLowerFrontSteelRivet1 True
Installation StarboardTrackBrakeLowerFrontSteelRivet2 True
Installation StarboardTrackBrakeLowerFrontSteelRivet3 True
Installation StarboardTrackBrakeLowerFrontSteelRivet4 True
Installation StarboardTrackBrakeLowerFrontSteelRivet5 True
Installation StarboardTrackBrakeLowerFrontSteelRivet6 True
Installation StarboardTrackBrakeLowerSegment1Rivet1 True
Installation StarboardTrackBrakeLowerSegment1Rivet2 True
Installation StarboardTrackBrakeLowerSegment1Rivet3 True
Installation StarboardTrackBrakeSwivel True
Installation StarboardTrackBrakeUpperBand True
Installation StarboardTrackBrakeUpperFrontCotter True
Installation StarboardTrackBrakeUpperFrontEar True
Installation StarboardTrackBrakeUpperFrontPin True
Installation StarboardTrackBrakeUpperFrontSteelRivet1 True
Installation StarboardTrackBrakeUpperFrontSteelRivet2 True
Installation StarboardTrackBrakeUpperFrontSteelRivet3 True
Installation StarboardTrackBrakeUpperFrontSteelRivet4 True
Installation StarboardTrackBrakeUpperFrontSteelRivet5 True
Installation StarboardTrackBrakeUpperFrontSteelRivet6 True
Installation StarboardTrackBrakeUpperSegment1Rivet1 True
Installation StarboardTrackBrakeUpperSegment1Rivet2 True
Installation StarboardTrackBrakeUpperSegment1Rivet3 True
Traceback (most recent call last):
  File "/home/cyapp/MarkVIIILiberty/cad/003_FullTank/experiments/drive_chains/exchange_transmission_brake_front.py", line 89, in <module>
    assert all(v['passed'] for v in results), 'Preserve failed STEP evidence and diagnose without relaxing tolerances.'
           ^^^^^^^^^^^^^^^^^^^^^^^^^^^^^^^^^
AssertionError: Preserve failed STEP evidence and diagnose without relaxing tolerances.
