upper_filter_frame 57
upper_side_screen 2355
upper_end_screen 1093
lower_filter_frame 54
lower_side_screen 2355
lower_end_screen 1171
screen_nut 9
screen_lock 28
lower_driving_gear 94
lower_idler_gear 75
upper_driving_gear 94
upper_idler_gear 75
shaft 81
long_pin 3
short_pin 3
upper_bush 8
lower_bush 4
partition 12
dowel 3
lower_body 274
upper_body 197
relief_seat 4
relief_valve 5
relief_cage 49
relief_shim 4
relief_spring 5
upper_plug 3
body_plug 3
cover 18
cover_gasket 14
drain_plug 10
drain_gasket 4
upper_filter_frame 57
upper_side_screen 2355
upper_end_screen 1093
lower_filter_frame 54
lower_side_screen 2355
lower_end_screen 1171
screen_nut 9
screen_lock 28
fastener_washer 4
fastener_nut 57
fastener_cotter 35
upper_body_bolt 11
cover_body_bolt 11
{"native": "/home/cyapp/MarkVIIILiberty/cad/003_FullTank/experiments/drive_chains/engine_oil_pump_hardware_study/OilPump.FCStd", "physical_count": 104, "definitions": 37}
