definition_lower_driving_gear True
definition_lower_idler_gear True
definition_upper_driving_gear True
definition_upper_idler_gear True
definition_shaft True
definition_long_pin True
definition_short_pin True
definition_upper_bush True
definition_lower_bush True
definition_partition True
definition_dowel True
definition_lower_body True
definition_upper_body True
definition_relief_seat True
definition_relief_valve True
definition_relief_cage True
definition_relief_shim True
definition_relief_spring True
definition_upper_plug True
definition_body_plug True
definition_cover True
definition_cover_gasket True
definition_drain_plug True
definition_drain_gasket True
definition_upper_filter_frame True
definition_upper_side_screen True
definition_upper_end_screen True
definition_lower_filter_frame True
definition_lower_side_screen True
definition_lower_end_screen True
definition_screen_nut True
definition_screen_lock True
definition_fastener_washer True
definition_fastener_nut True
definition_fastener_cotter True
definition_upper_body_bolt True
definition_cover_body_bolt True
link_EngineOilPump_LowerDrivingGear True
link_EngineOilPump_LowerIdler1 True
link_EngineOilPump_UpperDrivingGear True
link_EngineOilPump_UpperIdler1 True
link_EngineOilPump_UpperIdler2 True
link_EngineOilPump_DrivingShaft True
link_EngineOilPump_LongIdlerPin True
link_EngineOilPump_ShortIdlerPin True
link_EngineOilPump_UpperBush True
link_EngineOilPump_LowerBush True
link_EngineOilPump_SeparatingPlate True
link_EngineOilPump_LocatingDowel1 True
link_EngineOilPump_LocatingDowel2 True
link_EngineOilPump_LowerBody True
link_EngineOilPump_UpperBody True
link_EngineOilPump_ReliefSeat True
link_EngineOilPump_ReliefValve True
link_EngineOilPump_ReliefCage True
link_EngineOilPump_ReliefShim True
link_EngineOilPump_ReliefSpring True
link_EngineOilPump_UpperPassagePlug1 True
link_EngineOilPump_UpperPassagePlug2 True
link_EngineOilPump_LowerBodyPlug True
link_EngineOilPump_BottomCover True
link_EngineOilPump_CoverGasket True
link_EngineOilPump_DrainPlug True
link_EngineOilPump_DrainGasket True
link_EngineOilPump_UpperFilterFrame True
link_EngineOilPump_UpperSideScreen True
link_EngineOilPump_UpperEndScreen True
link_EngineOilPump_LowerFilterFrame True
link_EngineOilPump_LowerSideScreen True
link_EngineOilPump_LowerEndScreen True
link_EngineOilPump_UpperScreenNut True
link_EngineOilPump_UpperScreenNutLock True
link_EngineOilPump_UpperJoint1Bolt True
link_EngineOilPump_UpperJoint1HeadWasher True
link_EngineOilPump_UpperJoint1NutWasher True
link_EngineOilPump_UpperJoint1Nut True
link_EngineOilPump_UpperJoint1Cotter True
link_EngineOilPump_UpperJoint2Bolt True
link_EngineOilPump_UpperJoint2HeadWasher True
link_EngineOilPump_UpperJoint2NutWasher True
link_EngineOilPump_UpperJoint2Nut True
link_EngineOilPump_UpperJoint2Cotter True
link_EngineOilPump_UpperJoint3Bolt True
link_EngineOilPump_UpperJoint3HeadWasher True
link_EngineOilPump_UpperJoint3NutWasher True
link_EngineOilPump_UpperJoint3Nut True
link_EngineOilPump_UpperJoint4Bolt True
link_EngineOilPump_UpperJoint4HeadWasher True
link_EngineOilPump_UpperJoint4NutWasher True
link_EngineOilPump_UpperJoint4Nut True
link_EngineOilPump_UpperJoint4Cotter True
link_EngineOilPump_CoverJoint1Bolt True
link_EngineOilPump_CoverJoint1HeadWasher True
link_EngineOilPump_CoverJoint1NutWasher True
link_EngineOilPump_CoverJoint1Nut True
link_EngineOilPump_CoverJoint1Cotter True
link_EngineOilPump_CoverJoint2Bolt True
link_EngineOilPump_CoverJoint2HeadWasher True
link_EngineOilPump_CoverJoint2NutWasher True
link_EngineOilPump_CoverJoint2Nut True
link_EngineOilPump_CoverJoint2Cotter True
link_EngineOilPump_CoverJoint3Bolt True
link_EngineOilPump_CoverJoint3HeadWasher True
link_EngineOilPump_CoverJoint3NutWasher True
link_EngineOilPump_CoverJoint3Nut True
link_EngineOilPump_CoverJoint3Cotter True
link_EngineOilPump_CoverJoint4Bolt True
link_EngineOilPump_CoverJoint4HeadWasher True
link_EngineOilPump_CoverJoint4NutWasher True
link_EngineOilPump_CoverJoint4Nut True
link_EngineOilPump_CoverJoint4Cotter True
link_EngineOilPump_CoverJoint5Bolt True
link_EngineOilPump_CoverJoint5HeadWasher True
link_EngineOilPump_CoverJoint5NutWasher True
link_EngineOilPump_CoverJoint5Nut True
link_EngineOilPump_CoverJoint5Cotter True
link_EngineOilPump_CoverJoint6Bolt True
link_EngineOilPump_CoverJoint6HeadWasher True
link_EngineOilPump_CoverJoint6NutWasher True
link_EngineOilPump_CoverJoint6Nut True
link_EngineOilPump_CoverJoint6Cotter True
link_EngineOilPump_CoverJoint7Bolt True
link_EngineOilPump_CoverJoint7HeadWasher True
link_EngineOilPump_CoverJoint7NutWasher True
link_EngineOilPump_CoverJoint7Nut True
link_EngineOilPump_CoverJoint7Cotter True
link_EngineOilPump_CoverJoint8Bolt True
link_EngineOilPump_CoverJoint8HeadWasher True
link_EngineOilPump_CoverJoint8NutWasher True
link_EngineOilPump_CoverJoint8Nut True
link_EngineOilPump_CoverJoint8Cotter True
link_EngineOilPump_CoverJoint9Bolt True
link_EngineOilPump_CoverJoint9HeadWasher True
link_EngineOilPump_CoverJoint9NutWasher True
link_EngineOilPump_CoverJoint9Nut True
link_EngineOilPump_CoverJoint9Cotter True
link_EngineOilPump_CoverJoint10Bolt True
link_EngineOilPump_CoverJoint10HeadWasher True
link_EngineOilPump_CoverJoint10NutWasher True
link_EngineOilPump_CoverJoint10Nut True
link_EngineOilPump_CoverJoint10Cotter True
physical_inventory True
physical_material True
passage_pressure_front_sump True
passage_pressure_filtered_supply True
passage_pressure_common_return True
passage_pressure_relief True
passage_pressure_crossover True
passage_pressure_rear_sump True
passage_pressure_tank_supply True
passage_front_sump_filtered_supply True
passage_front_sump_common_return True
passage_front_sump_relief True
passage_front_sump_crossover True
passage_front_sump_rear_sump True
passage_front_sump_tank_supply True
passage_filtered_supply_common_return True
passage_filtered_supply_relief True
passage_filtered_supply_crossover True
passage_filtered_supply_rear_sump True
passage_filtered_supply_tank_supply True
passage_common_return_relief True
passage_common_return_crossover True
passage_common_return_rear_sump True
passage_common_return_tank_supply True
passage_relief_crossover True
passage_relief_rear_sump True
passage_relief_tank_supply True
passage_crossover_rear_sump True
passage_crossover_tank_supply True
passage_rear_sump_tank_supply True
saved_void_pressure True
saved_void_front_sump True
saved_void_filtered_supply True
saved_void_common_return True
saved_void_relief True
saved_void_crossover True
saved_void_rear_sump True
saved_void_tank_supply True
hardware_count_upper_body_bolt True
hardware_count_cover_body_bolt True
hardware_count_fastener_nut True
hardware_count_fastener_washer True
hardware_count_fastener_cotter True
upper_source_bolt_length True
EngineOilPump_UpperJoint1_source_grip True
EngineOilPump_UpperJoint1_no_gallery_breakthrough True
EngineOilPump_UpperJoint2_source_grip True
EngineOilPump_UpperJoint2_no_gallery_breakthrough True
EngineOilPump_UpperJoint3_source_grip True
EngineOilPump_UpperJoint3_no_gallery_breakthrough True
EngineOilPump_UpperJoint4_source_grip True
EngineOilPump_UpperJoint4_no_gallery_breakthrough True
upper_cotter_cross_hole True
cover_source_bolt_length True
EngineOilPump_CoverJoint1_source_grip True
EngineOilPump_CoverJoint2_source_grip True
EngineOilPump_CoverJoint3_source_grip True
EngineOilPump_CoverJoint4_source_grip True
EngineOilPump_CoverJoint5_source_grip True
EngineOilPump_CoverJoint6_source_grip True
EngineOilPump_CoverJoint7_source_grip True
EngineOilPump_CoverJoint8_source_grip True
EngineOilPump_CoverJoint9_source_grip True
EngineOilPump_CoverJoint10_source_grip True
cover_cotter_cross_hole True
cover_head_seats_retain_continuous_wall True
HB87_three_cotters_one_wire_reservation True
saved_drain_bore True
source_nominal_gear_fits True
mesh_lower_-1_0 True
mesh_lower_-1_1 True
mesh_lower_-1_2 True
mesh_lower_-1_3 True
mesh_lower_-1_4 True
mesh_lower_-1_5 True
mesh_lower_-1_6 True
mesh_lower_-1_7 True
mesh_lower_-1_8 True
mesh_upper_-1_0 True
mesh_upper_1_0 True
mesh_upper_-1_1 True
mesh_upper_1_1 True
mesh_upper_-1_2 True
mesh_upper_1_2 True
mesh_upper_-1_3 True
mesh_upper_1_3 True
mesh_upper_-1_4 True
mesh_upper_1_4 True
mesh_upper_-1_5 True
mesh_upper_1_5 True
mesh_upper_-1_6 True
mesh_upper_1_6 True
mesh_upper_-1_7 True
mesh_upper_1_7 True
mesh_upper_-1_8 True
mesh_upper_1_8 True
upper_screen_aperture True
lower_screen_aperture True
source_assets True
native_unchanged True
