Definitions Def_HighBrakeMechanism_cotter True
Definitions Def_HighBrakeMechanism_lever_left False
Definitions Def_HighBrakeMechanism_lever_right False
Definitions Def_HighBrakeMechanism_nut True
Definitions Def_HighBrakeMechanism_pin True
Definitions Def_HighBrakeMechanism_rivet True
Definitions Def_HighBrakeMechanism_screw True
Definitions Def_HighBrakeMechanism_spring True
Definitions Def_HighBrakeMechanism_washer_a True
Definitions Def_HighBrakeMechanism_washer_b True
Installation PortHighSpeedBrakeAdjustingNut True
Installation PortHighSpeedBrakeAdjustingScrew True
Installation PortHighSpeedBrakeAdjustingSpring True
Installation PortHighSpeedBrakeLeverLeft False
Installation PortHighSpeedBrakeLeverRight False
Installation PortHighSpeedBrakeLeverRivet1 True
Installation PortHighSpeedBrakeLeverRivet2 True
Installation PortHighSpeedBrakeLeverRivet3 True
Installation PortHighSpeedBrakeLeverRivet4 True
Installation PortHighSpeedBrakeLowerFreeEndCotter True
Installation PortHighSpeedBrakeLowerFreeEndPin True
Installation PortHighSpeedBrakeLowerSpringWasher True
Installation PortHighSpeedBrakeUpperFreeEndCotter True
Installation PortHighSpeedBrakeUpperFreeEndPin True
Installation PortHighSpeedBrakeUpperSpringWasher True
Installation StarboardHighSpeedBrakeAdjustingNut True
Installation StarboardHighSpeedBrakeAdjustingScrew True
Installation StarboardHighSpeedBrakeAdjustingSpring True
Installation StarboardHighSpeedBrakeLeverLeft False
Installation StarboardHighSpeedBrakeLeverRight False
Installation StarboardHighSpeedBrakeLeverRivet1 True
Installation StarboardHighSpeedBrakeLeverRivet2 True
Installation StarboardHighSpeedBrakeLeverRivet3 True
Installation StarboardHighSpeedBrakeLeverRivet4 True
Installation StarboardHighSpeedBrakeLowerFreeEndCotter True
Installation StarboardHighSpeedBrakeLowerFreeEndPin True
Installation StarboardHighSpeedBrakeLowerSpringWasher True
Installation StarboardHighSpeedBrakeUpperFreeEndCotter True
Installation StarboardHighSpeedBrakeUpperFreeEndPin True
Installation StarboardHighSpeedBrakeUpperSpringWasher True
Traceback (most recent call last):
  File "/home/cyapp/MarkVIIILiberty/cad/003_FullTank/experiments/drive_chains/exchange_transmission_high_brake_mechanism.py", line 120, in <module>
    assert all(v['passed'] for v in results), 'Preserve failed STEP evidence and diagnose without relaxing tolerances.'
           ^^^^^^^^^^^^^^^^^^^^^^^^^^^^^^^^^
AssertionError: Preserve failed STEP evidence and diagnose without relaxing tolerances.
