QOpenGLWidget is not supported on this platform.
{'kind': 'support_stop_negative', 'hand': 'Port', 'index': 0, 'part': 'pin', 'receiver': 'PortPlanetSupports_pin_ring', 'shift_world_mm': [0.0, 0.5, 0.0], 'overlap_mm3': 516.4424893328088, 'passed': True}
{'kind': 'support_stop_negative', 'hand': 'Port', 'index': 0, 'part': 'nut', 'receiver': 'PortTransmissionCore_planet_disk', 'shift_world_mm': [-0.0, -0.5, -0.0], 'overlap_mm3': 523.8038233216452, 'passed': True}
{'kind': 'support_stop_negative', 'hand': 'Port', 'index': 0, 'part': 'bronze', 'receiver': 'PortPlanetSupports_pin_ring', 'shift_world_mm': [-0.0, -0.75, -0.0], 'overlap_mm3': 323.26203007275524, 'passed': True}
{'kind': 'support_stop_negative', 'hand': 'Port', 'index': 0, 'part': 'plug', 'receiver': 'PortPlanetSupports_pin0', 'shift_world_mm': [0.47557351658754776, 0.0, -0.15436913655440804], 'overlap_mm3': 0.5998313569365301, 'passed': True}
{'kind': 'support_stop_negative', 'hand': 'Port', 'index': 0, 'part': 'bolt_nut', 'receiver': 'PortTransmissionCore_planet_disk', 'shift_world_mm': [-0.0, -0.5, -0.0], 'overlap_mm3': 294.20774291668533, 'passed': True}
{'kind': 'gear_thrust_stop_negative', 'hand': 'Port', 'index': 0, 'shift_mm': 0.5, 'overlap_mm3': 218.65484868985794, 'passed': True}
{'kind': 'cotter_lock_negative', 'hand': 'Port', 'index': 0, 'nut': 'nut', 'rotation_deg': 30, 'overlap_mm3': 195.39064748396942, 'passed': True}
{'kind': 'cotter_lock_negative', 'hand': 'Port', 'index': 0, 'nut': 'bolt_nut', 'rotation_deg': 30, 'overlap_mm3': 48.077316211470404, 'passed': True}
{'kind': 'support_stop_negative', 'hand': 'Port', 'index': 1, 'part': 'pin', 'receiver': 'PortPlanetSupports_pin_ring', 'shift_world_mm': [-0.0, 0.5, 0.0], 'overlap_mm3': 516.4424893329748, 'passed': True}
{'kind': 'support_stop_negative', 'hand': 'Port', 'index': 1, 'part': 'nut', 'receiver': 'PortTransmissionCore_planet_disk', 'shift_world_mm': [0.0, -0.5, -0.0], 'overlap_mm3': 523.8038233216934, 'passed': True}
{'kind': 'support_stop_negative', 'hand': 'Port', 'index': 1, 'part': 'bronze', 'receiver': 'PortPlanetSupports_pin_ring', 'shift_world_mm': [0.0, -0.75, -0.0], 'overlap_mm3': 323.2620300726085, 'passed': True}
{'kind': 'support_stop_negative', 'hand': 'Port', 'index': 1, 'part': 'plug', 'receiver': 'PortPlanetSupports_pin1', 'shift_world_mm': [-0.1040991644773874, 0.0, 0.4890433150091205], 'overlap_mm3': 0.5998109416692179, 'passed': True}
{'kind': 'support_stop_negative', 'hand': 'Port', 'index': 1, 'part': 'bolt_nut', 'receiver': 'PortTransmissionCore_planet_disk', 'shift_world_mm': [0.0, -0.5, -0.0], 'overlap_mm3': 294.20774291670256, 'passed': True}
{'kind': 'gear_thrust_stop_negative', 'hand': 'Port', 'index': 1, 'shift_mm': 0.5, 'overlap_mm3': 218.65484868977546, 'passed': True}
{'kind': 'cotter_lock_negative', 'hand': 'Port', 'index': 1, 'nut': 'nut', 'rotation_deg': 30, 'overlap_mm3': 195.39064746781565, 'passed': True}
{'kind': 'cotter_lock_negative', 'hand': 'Port', 'index': 1, 'nut': 'bolt_nut', 'rotation_deg': 30, 'overlap_mm3': 48.07731622672893, 'passed': True}
{'kind': 'support_stop_negative', 'hand': 'Port', 'index': 2, 'part': 'pin', 'receiver': 'PortPlanetSupports_pin_ring', 'shift_world_mm': [0.0, 0.5000000000000001, 0.0], 'overlap_mm3': 516.442489332762, 'passed': True}
{'kind': 'support_stop_negative', 'hand': 'Port', 'index': 2, 'part': 'nut', 'receiver': 'PortTransmissionCore_planet_disk', 'shift_world_mm': [-0.0, -0.5000000000000001, -0.0], 'overlap_mm3': 523.8038233213122, 'passed': True}
{'kind': 'support_stop_negative', 'hand': 'Port', 'index': 2, 'part': 'bronze', 'receiver': 'PortPlanetSupports_pin_ring', 'shift_world_mm': [-0.0, -0.7500000000000002, -0.0], 'overlap_mm3': 323.26203007275603, 'passed': True}
{'kind': 'support_stop_negative', 'hand': 'Port', 'index': 2, 'part': 'plug', 'receiver': 'PortPlanetSupports_pin2', 'shift_world_mm': [-0.3714743521101604, 0.0, -0.3346741784547124], 'overlap_mm3': 0.5998313567625777, 'passed': True}
{'kind': 'support_stop_negative', 'hand': 'Port', 'index': 2, 'part': 'bolt_nut', 'receiver': 'PortTransmissionCore_planet_disk', 'shift_world_mm': [-0.0, -0.5000000000000001, -0.0], 'overlap_mm3': 294.20774291639725, 'passed': True}
{'kind': 'gear_thrust_stop_negative', 'hand': 'Port', 'index': 2, 'shift_mm': 0.5, 'overlap_mm3': 218.65484868985783, 'passed': True}
{'kind': 'cotter_lock_negative', 'hand': 'Port', 'index': 2, 'nut': 'nut', 'rotation_deg': 30, 'overlap_mm3': 195.39064748418258, 'passed': True}
{'kind': 'cotter_lock_negative', 'hand': 'Port', 'index': 2, 'nut': 'bolt_nut', 'rotation_deg': 30, 'overlap_mm3': 48.0773162294491, 'passed': True}
{'kind': 'pin_ring_thrust_negative', 'hand': 'Port', 'shift_mm': 0.75, 'overlaps_mm3': [323.26203007275535, 323.2620300726086, 323.26203007275615], 'passed': True}
{'kind': 'support_stop_negative', 'hand': 'Starboard', 'index': 0, 'part': 'pin', 'receiver': 'StarboardPlanetSupports_pin_ring', 'shift_world_mm': [0.0, -0.5000000000000001, 0.0], 'overlap_mm3': 516.4424893328096, 'passed': True}
{'kind': 'support_stop_negative', 'hand': 'Starboard', 'index': 0, 'part': 'nut', 'receiver': 'StarboardTransmissionCore_planet_disk', 'shift_world_mm': [-0.0, 0.5000000000000001, -0.0], 'overlap_mm3': 523.8038233216457, 'passed': True}
{'kind': 'support_stop_negative', 'hand': 'Starboard', 'index': 0, 'part': 'bronze', 'receiver': 'StarboardPlanetSupports_pin_ring', 'shift_world_mm': [-0.0, 0.7500000000000002, -0.0], 'overlap_mm3': 323.2620300727558, 'passed': True}
{'kind': 'support_stop_negative', 'hand': 'Starboard', 'index': 0, 'part': 'plug', 'receiver': 'StarboardPlanetSupports_pin0', 'shift_world_mm': [-0.4755735165875477, 0.0, 0.1543691365544084], 'overlap_mm3': 0.59981094175272, 'passed': True}
{'kind': 'support_stop_negative', 'hand': 'Starboard', 'index': 0, 'part': 'bolt_nut', 'receiver': 'StarboardTransmissionCore_planet_disk', 'shift_world_mm': [-0.0, 0.5000000000000001, -0.0], 'overlap_mm3': 294.2077429166838, 'passed': True}
{'kind': 'gear_thrust_stop_negative', 'hand': 'Starboard', 'index': 0, 'shift_mm': 0.5, 'overlap_mm3': 218.65484868985743, 'passed': True}
{'kind': 'cotter_lock_negative', 'hand': 'Starboard', 'index': 0, 'nut': 'nut', 'rotation_deg': 30, 'overlap_mm3': 195.39064746905652, 'passed': True}
{'kind': 'cotter_lock_negative', 'hand': 'Starboard', 'index': 0, 'nut': 'bolt_nut', 'rotation_deg': 30, 'overlap_mm3': 48.07731624279941, 'passed': True}
{'kind': 'support_stop_negative', 'hand': 'Starboard', 'index': 1, 'part': 'pin', 'receiver': 'StarboardPlanetSupports_pin_ring', 'shift_world_mm': [0.0, -0.5000000000000001, 0.0], 'overlap_mm3': 516.442489332833, 'passed': True}
{'kind': 'support_stop_negative', 'hand': 'Starboard', 'index': 1, 'part': 'nut', 'receiver': 'StarboardTransmissionCore_planet_disk', 'shift_world_mm': [-0.0, 0.5000000000000001, -0.0], 'overlap_mm3': 523.8038233218119, 'passed': True}
{'kind': 'support_stop_negative', 'hand': 'Starboard', 'index': 1, 'part': 'bronze', 'receiver': 'StarboardPlanetSupports_pin_ring', 'shift_world_mm': [-0.0, 0.7500000000000002, -0.0], 'overlap_mm3': 323.2620300727559, 'passed': True}
{'kind': 'support_stop_negative', 'hand': 'Starboard', 'index': 1, 'part': 'plug', 'receiver': 'StarboardPlanetSupports_pin1', 'shift_world_mm': [0.3714743521101604, 0.0, 0.3346741784547124], 'overlap_mm3': 0.599817591000174, 'passed': True}
{'kind': 'support_stop_negative', 'hand': 'Starboard', 'index': 1, 'part': 'bolt_nut', 'receiver': 'StarboardTransmissionCore_planet_disk', 'shift_world_mm': [-0.0, 0.5000000000000001, -0.0], 'overlap_mm3': 294.2077429166451, 'passed': True}
{'kind': 'gear_thrust_stop_negative', 'hand': 'Starboard', 'index': 1, 'shift_mm': 0.5, 'overlap_mm3': 218.65484868977504, 'passed': True}
{'kind': 'cotter_lock_negative', 'hand': 'Starboard', 'index': 1, 'nut': 'nut', 'rotation_deg': 30, 'overlap_mm3': 195.39064748385346, 'passed': True}
{'kind': 'cotter_lock_negative', 'hand': 'Starboard', 'index': 1, 'nut': 'bolt_nut', 'rotation_deg': 30, 'overlap_mm3': 48.077316228808144, 'passed': True}
{'kind': 'support_stop_negative', 'hand': 'Starboard', 'index': 2, 'part': 'pin', 'receiver': 'StarboardPlanetSupports_pin_ring', 'shift_world_mm': [0.0, -0.5, 0.0], 'overlap_mm3': 516.4424893327382, 'passed': True}
{'kind': 'support_stop_negative', 'hand': 'Starboard', 'index': 2, 'part': 'nut', 'receiver': 'StarboardTransmissionCore_planet_disk', 'shift_world_mm': [-0.0, 0.5, -0.0], 'overlap_mm3': 523.803823321312, 'passed': True}
{'kind': 'support_stop_negative', 'hand': 'Starboard', 'index': 2, 'part': 'bronze', 'receiver': 'StarboardPlanetSupports_pin_ring', 'shift_world_mm': [-0.0, 0.75, -0.0], 'overlap_mm3': 323.26203007275535, 'passed': True}
{'kind': 'support_stop_negative', 'hand': 'Starboard', 'index': 2, 'part': 'plug', 'receiver': 'StarboardPlanetSupports_pin2', 'shift_world_mm': [0.10409916447738721, 0.0, -0.4890433150091205], 'overlap_mm3': 0.5998109413063517, 'passed': True}
{'kind': 'support_stop_negative', 'hand': 'Starboard', 'index': 2, 'part': 'bolt_nut', 'receiver': 'StarboardTransmissionCore_planet_disk', 'shift_world_mm': [-0.0, 0.5, -0.0], 'overlap_mm3': 294.2077429164908, 'passed': True}
{'kind': 'gear_thrust_stop_negative', 'hand': 'Starboard', 'index': 2, 'shift_mm': 0.5, 'overlap_mm3': 218.654848689776, 'passed': True}
{'kind': 'cotter_lock_negative', 'hand': 'Starboard', 'index': 2, 'nut': 'nut', 'rotation_deg': 30, 'overlap_mm3': 195.3906474687754, 'passed': True}
{'kind': 'cotter_lock_negative', 'hand': 'Starboard', 'index': 2, 'nut': 'bolt_nut', 'rotation_deg': 30, 'overlap_mm3': 48.07731625006624, 'passed': True}
{'kind': 'pin_ring_thrust_negative', 'hand': 'Starboard', 'shift_mm': 0.75, 'overlaps_mm3': [323.26203007275575, 323.26203007275603, 323.2620300727553], 'passed': True}
{'hand': 'Port', 'index': 0, 'radial_axis_offset_mm': 0.0, 'axis_dot_error': 0.0, 'passed': True}
{'hand': 'Port', 'index': 1, 'radial_axis_offset_mm': 0.0, 'axis_dot_error': 0.0, 'passed': True}
{'hand': 'Port', 'index': 2, 'radial_axis_offset_mm': 0.0, 'axis_dot_error': -2.220446049250313e-16, 'passed': True}
{'hand': 'Starboard', 'index': 0, 'radial_axis_offset_mm': 0.0, 'axis_dot_error': -4.440892098500626e-16, 'passed': True}
{'hand': 'Starboard', 'index': 1, 'radial_axis_offset_mm': 1.1368683772161605e-13, 'axis_dot_error': -2.220446049250313e-16, 'passed': True}
{'hand': 'Starboard', 'index': 2, 'radial_axis_offset_mm': 0.0, 'axis_dot_error': 0.0, 'passed': True}
{'key': 'bolt', 'native_diameter_mm': 22.225, 'printed_nominal_mm': 22.225, 'passed': True}
{'key': 'plug', 'native_diameter_mm': 12.7, 'printed_nominal_mm': 12.7, 'passed': True}
{'key': 'cotter', 'native_straight_shank_envelope_mm': 4.7625, 'printed_nominal_mm': 4.7625, 'passed': True}
{'key': 'bolt_cotter', 'native_straight_shank_envelope_mm': 3.175, 'printed_nominal_mm': 3.175, 'passed': True}
PASS
