Closure interfaces checked; checking oil routes.
FAIL oil access6 radial receiver clearance {'actual': 4.322062729257126e-14, 'expected': 0.05, 'tolerance': 1e-05}
FAIL oil access5 radial receiver clearance {'actual': 0.0, 'expected': 0.05, 'tolerance': 1e-05}
FAIL oil access4 radial receiver clearance {'actual': 1.4210854715202004e-14, 'expected': 0.05, 'tolerance': 1e-05}
FAIL oil access3 radial receiver clearance {'actual': 1.4210854715202004e-14, 'expected': 0.05, 'tolerance': 1e-05}
FAIL oil access2 radial receiver clearance {'actual': 0.0, 'expected': 0.05, 'tolerance': 1e-05}
FAIL oil access1 radial receiver clearance {'actual': 4.322062729257126e-14, 'expected': 0.05, 'tolerance': 1e-05}
Checking unchanged parent definitions and placements.
Material pairs 25
Material pairs 50
Material pairs 75
Material pairs 100
Material pairs 125
Material pairs 150
Material pairs 175
Material pairs 200
Material pairs 225
Material pairs 250
Material pairs 275
Material pairs 300
Material pairs 325
Material pairs 350
Material pairs 375
Material pairs 400
Material pairs 425
Material pairs 450
Material pairs 475
Material pairs 500
Material pairs 525
Material pairs 550
Material pairs 575
Material pairs 600
Material pairs 625
Material pairs 650
Material pairs 675
Material pairs 700
Material pairs 725
256 independent; 738 material pairs; 0 overlaps.
Traceback (most recent call last):
  File "/home/cyapp/MarkVIIILiberty/cad/003_FullTank/experiments/drive_chains/check_engine_shaft_fittings.py", line 263, in <module>
    assert all(x['passed'] for x in checks) and not failures
           ^^^^^^^^^^^^^^^^^^^^^^^^^^^^^^^^^^^^^^^^^^^^^^^^^
AssertionError
