unique physical occurrences match parent plus pump True
all new saved parts are valid single solids True
all pump links have correct parents and identity definitions True
bearing printed bore 0.6693 inch True
bearing printed outside 1.8504 inch True
bearing printed width 0.5512 inch True
one geared shaft and two packing boxes True
printed key length and width True
bearing shoulder meets inner race True
bearing retainer has axial shoulder allowance True
retainer axial passage open True
body axial passage open True
cover axial passage open True
impeller inside open centrifugal chamber True
inlet printed 2 inch outer diameter True
curved inlet centerline is open True
inlet end wall remains continuous around full circumference True
outlet open -1 True
outlet open 1 True
eight source stud sets True
stud printed length 1-3/16 inch True
Material pairs 25
Material pairs 50
Material pairs 75
Material pairs 100
Material pairs 125
Material pairs 150
Material pairs 175
Material pairs 200
all pump and context pairs clear True
Mesh sample 0 True
Mesh sample 1 True
Mesh sample 2 True
Mesh sample 3 True
Mesh sample 4 True
Mesh sample 5 True
Mesh sample 6 True
Mesh sample 7 True
Mesh sample 8 True
actual pump mesh throughout tooth pitch True
half-tooth phase negative control collides True
complete keyed rotor clears stationary pump at eight angles True
all2170 parent materials and frames preserved True
