shaft True 1
retainer True 1
body True 1
cover True 1
key True 1
shaft True 1
impeller_nut True 1
impeller_cotter True 1
bearing_inner True 1
bearing_outer True 1
bearing_cage True 1
bearing_ball True 1
retainer True 1
gland True 1
packing True 1
spring True 1
body True 1
joint_gasket True 1
shim True 1
plug True 1
plug_gasket True 1
impeller True 1
cover True 1
cover_gasket True 1
cover_stud True 1
cover_washer True 1
cover_nut True 1
cover_cotter True 1
Saved 2230 physical occurrences; 60 new pump constituents; 24 definitions
