Constructing cone, receiving support and spring sets.
Saved/reopened1652components;71new,1refined,1580preserved.
ClutchStack_support 35 pairs 0 overlaps
ClutchCone_SupportRivet1 37 pairs 0 overlaps
ClutchCone_SupportRivet2 39 pairs 0 overlaps
ClutchCone_SupportRivet3 41 pairs 0 overlaps
ClutchCone_SupportRivet4 43 pairs 0 overlaps
ClutchCone_SupportRivet5 45 pairs 0 overlaps
ClutchCone_SupportRivet6 47 pairs 0 overlaps
ClutchCone_LiningRivet01 49 pairs 0 overlaps
ClutchCone_LiningRivet02 51 pairs 0 overlaps
ClutchCone_LiningRivet03 53 pairs 0 overlaps
ClutchCone_LiningRivet04 55 pairs 0 overlaps
ClutchCone_LiningRivet05 57 pairs 0 overlaps
ClutchCone_LiningRivet06 59 pairs 0 overlaps
ClutchCone_LiningRivet07 61 pairs 0 overlaps
ClutchCone_LiningRivet08 63 pairs 0 overlaps
ClutchCone_LiningRivet09 65 pairs 0 overlaps
ClutchCone_LiningRivet10 67 pairs 0 overlaps
ClutchCone_LiningRivet11 69 pairs 0 overlaps
ClutchCone_LiningRivet12 71 pairs 0 overlaps
ClutchCone_LiningRivet13 73 pairs 0 overlaps
ClutchCone_LiningRivet14 75 pairs 0 overlaps
ClutchCone_LiningRivet15 77 pairs 0 overlaps
ClutchCone_LiningRivet16 79 pairs 0 overlaps
ClutchCone_LiningRivet17 81 pairs 0 overlaps
ClutchCone_LiningRivet18 83 pairs 0 overlaps
ClutchCone_LiningRivet19 85 pairs 0 overlaps
ClutchCone_LiningRivet20 87 pairs 0 overlaps
ClutchCone_LiningRivet21 89 pairs 0 overlaps
ClutchCone_LiningRivet22 91 pairs 0 overlaps
ClutchCone_LiningRivet23 93 pairs 0 overlaps
ClutchCone_LiningRivet24 95 pairs 0 overlaps
ClutchCone_LiningRivet25 97 pairs 0 overlaps
ClutchCone_LiningRivet26 99 pairs 0 overlaps
ClutchCone_LiningRivet27 101 pairs 0 overlaps
ClutchCone_LiningRivet28 103 pairs 0 overlaps
ClutchCone_LiningRivet29 105 pairs 0 overlaps
ClutchCone_LiningRivet30 107 pairs 0 overlaps
ClutchCone_LiningRivet31 109 pairs 0 overlaps
ClutchCone_LiningRivet32 111 pairs 0 overlaps
ClutchCone_LiningRivet33 113 pairs 0 overlaps
ClutchCone_LiningRivet34 115 pairs 0 overlaps
ClutchCone_LiningRivet35 117 pairs 0 overlaps
ClutchCone_LiningRivet36 119 pairs 0 overlaps
ClutchCone_LiningRivet37 121 pairs 0 overlaps
ClutchCone_LiningRivet38 123 pairs 0 overlaps
ClutchCone_LiningRivet39 125 pairs 0 overlaps
ClutchCone_LiningRivet40 127 pairs 0 overlaps
ClutchCone_LiningRivet41 129 pairs 0 overlaps
ClutchCone_LiningRivet42 131 pairs 0 overlaps
ClutchCone_LiningRivet43 133 pairs 0 overlaps
ClutchCone_Plunger1 143 pairs 0 overlaps
ClutchCone_Cup1 147 pairs 0 overlaps
ClutchCone_Spring1 151 pairs 0 overlaps
ClutchCone_Plunger2 158 pairs 0 overlaps
ClutchCone_Cup2 162 pairs 0 overlaps
ClutchCone_Spring2 166 pairs 0 overlaps
ClutchCone_Plunger3 176 pairs 0 overlaps
ClutchCone_Cup3 180 pairs 0 overlaps
ClutchCone_Spring3 184 pairs 0 overlaps
ClutchCone_Plunger4 194 pairs 0 overlaps
ClutchCone_Cup4 198 pairs 0 overlaps
ClutchCone_Spring4 202 pairs 0 overlaps
ClutchCone_Plunger5 209 pairs 0 overlaps
ClutchCone_Cup5 213 pairs 0 overlaps
ClutchCone_Spring5 217 pairs 0 overlaps
ClutchCone_Plunger6 227 pairs 0 overlaps
ClutchCone_Cup6 231 pairs 0 overlaps
ClutchCone_Spring6 235 pairs 0 overlaps
ClutchCone_Plug 238 pairs 0 overlaps
ClutchCone_cone 279 pairs 0 overlaps
ClutchCone_lining 319 pairs 0 overlaps
ClutchCone_ring 326 pairs 0 overlaps
