definition_lower_driving_gear True
definition_lower_idler_gear True
definition_upper_driving_gear True
definition_upper_idler_gear True
definition_shaft True
definition_long_pin True
definition_short_pin True
definition_upper_bush True
definition_lower_bush True
definition_partition True
definition_dowel True
definition_lower_body True
definition_upper_body True
definition_relief_seat True
definition_relief_valve True
definition_relief_cage True
definition_relief_shim True
definition_relief_spring True
definition_upper_plug True
definition_body_plug True
definition_cover True
definition_cover_gasket True
definition_drain_plug True
definition_drain_gasket True
definition_upper_filter_frame True
definition_upper_side_screen True
definition_upper_end_screen True
definition_lower_filter_frame True
definition_lower_side_screen True
definition_lower_end_screen True
definition_screen_nut True
definition_screen_lock True
definition_fastener_washer True
definition_fastener_nut True
definition_fastener_cotter True
definition_upper_body_bolt True
definition_cover_body_bolt True
definition_relief_lock_wire True
definition_mount_stud True
definition_mount_gasket True
link_EngineOilPump_LowerDrivingGear True
link_EngineOilPump_LowerIdler1 True
link_EngineOilPump_UpperDrivingGear True
link_EngineOilPump_UpperIdler1 True
link_EngineOilPump_UpperIdler2 True
link_EngineOilPump_DrivingShaft True
link_EngineOilPump_LongIdlerPin True
link_EngineOilPump_ShortIdlerPin True
link_EngineOilPump_UpperBush True
link_EngineOilPump_LowerBush True
link_EngineOilPump_SeparatingPlate True
link_EngineOilPump_LocatingDowel1 True
link_EngineOilPump_LocatingDowel2 True
link_EngineOilPump_LowerBody True
link_EngineOilPump_UpperBody True
link_EngineOilPump_ReliefSeat True
link_EngineOilPump_ReliefValve True
link_EngineOilPump_ReliefCage True
link_EngineOilPump_ReliefShim True
link_EngineOilPump_ReliefSpring True
link_EngineOilPump_UpperPassagePlug1 True
link_EngineOilPump_UpperPassagePlug2 True
link_EngineOilPump_LowerBodyPlug True
link_EngineOilPump_BottomCover True
link_EngineOilPump_CoverGasket True
link_EngineOilPump_DrainPlug True
link_EngineOilPump_DrainGasket True
link_EngineOilPump_UpperFilterFrame True
link_EngineOilPump_UpperSideScreen True
link_EngineOilPump_UpperEndScreen True
link_EngineOilPump_LowerFilterFrame True
link_EngineOilPump_LowerSideScreen True
link_EngineOilPump_LowerEndScreen True
link_EngineOilPump_UpperScreenNut True
link_EngineOilPump_UpperScreenNutLock True
link_EngineOilPump_UpperJoint1Bolt True
link_EngineOilPump_UpperJoint1HeadWasher True
link_EngineOilPump_UpperJoint1NutWasher True
link_EngineOilPump_UpperJoint1Nut True
link_EngineOilPump_UpperJoint1Cotter True
link_EngineOilPump_UpperJoint2Bolt True
link_EngineOilPump_UpperJoint2HeadWasher True
link_EngineOilPump_UpperJoint2NutWasher True
link_EngineOilPump_UpperJoint2Nut True
link_EngineOilPump_UpperJoint2Cotter True
link_EngineOilPump_UpperJoint3Bolt True
link_EngineOilPump_UpperJoint3HeadWasher True
link_EngineOilPump_UpperJoint3NutWasher True
link_EngineOilPump_UpperJoint3Nut True
link_EngineOilPump_UpperJoint4Bolt True
link_EngineOilPump_UpperJoint4HeadWasher True
link_EngineOilPump_UpperJoint4NutWasher True
link_EngineOilPump_UpperJoint4Nut True
link_EngineOilPump_UpperJoint4Cotter True
link_EngineOilPump_CoverJoint1Bolt True
link_EngineOilPump_CoverJoint1HeadWasher True
link_EngineOilPump_CoverJoint1NutWasher True
link_EngineOilPump_CoverJoint1Nut True
link_EngineOilPump_CoverJoint1Cotter True
link_EngineOilPump_CoverJoint2Bolt True
link_EngineOilPump_CoverJoint2HeadWasher True
link_EngineOilPump_CoverJoint2NutWasher True
link_EngineOilPump_CoverJoint2Nut True
link_EngineOilPump_CoverJoint2Cotter True
link_EngineOilPump_CoverJoint3Bolt True
link_EngineOilPump_CoverJoint3HeadWasher True
link_EngineOilPump_CoverJoint3NutWasher True
link_EngineOilPump_CoverJoint3Nut True
link_EngineOilPump_CoverJoint3Cotter True
link_EngineOilPump_CoverJoint4Bolt True
link_EngineOilPump_CoverJoint4HeadWasher True
link_EngineOilPump_CoverJoint4NutWasher True
link_EngineOilPump_CoverJoint4Nut True
link_EngineOilPump_CoverJoint4Cotter True
link_EngineOilPump_CoverJoint5Bolt True
link_EngineOilPump_CoverJoint5HeadWasher True
link_EngineOilPump_CoverJoint5NutWasher True
link_EngineOilPump_CoverJoint5Nut True
link_EngineOilPump_CoverJoint5Cotter True
link_EngineOilPump_CoverJoint6Bolt True
link_EngineOilPump_CoverJoint6HeadWasher True
link_EngineOilPump_CoverJoint6NutWasher True
link_EngineOilPump_CoverJoint6Nut True
link_EngineOilPump_CoverJoint6Cotter True
link_EngineOilPump_CoverJoint7Bolt True
link_EngineOilPump_CoverJoint7HeadWasher True
link_EngineOilPump_CoverJoint7NutWasher True
link_EngineOilPump_CoverJoint7Nut True
link_EngineOilPump_CoverJoint7Cotter True
link_EngineOilPump_CoverJoint8Bolt True
link_EngineOilPump_CoverJoint8HeadWasher True
link_EngineOilPump_CoverJoint8NutWasher True
link_EngineOilPump_CoverJoint8Nut True
link_EngineOilPump_CoverJoint8Cotter True
link_EngineOilPump_CoverJoint9Bolt True
link_EngineOilPump_CoverJoint9HeadWasher True
link_EngineOilPump_CoverJoint9NutWasher True
link_EngineOilPump_CoverJoint9Nut True
link_EngineOilPump_CoverJoint9Cotter True
link_EngineOilPump_CoverJoint10Bolt True
link_EngineOilPump_CoverJoint10HeadWasher True
link_EngineOilPump_CoverJoint10NutWasher True
link_EngineOilPump_CoverJoint10Nut True
link_EngineOilPump_CoverJoint10Cotter True
link_EngineOilPump_ReliefLockWire True
link_EngineOilPump_MountJoint1Stud True
link_EngineOilPump_MountJoint1Washer True
link_EngineOilPump_MountJoint1Nut True
link_EngineOilPump_MountJoint1Cotter True
link_EngineOilPump_MountJoint2Stud True
link_EngineOilPump_MountJoint2Washer True
link_EngineOilPump_MountJoint2Nut True
link_EngineOilPump_MountJoint2Cotter True
link_EngineOilPump_MountJoint3Stud True
link_EngineOilPump_MountJoint3Washer True
link_EngineOilPump_MountJoint3Nut True
link_EngineOilPump_MountJoint3Cotter True
link_EngineOilPump_MountJoint4Stud True
link_EngineOilPump_MountJoint4Washer True
link_EngineOilPump_MountJoint4Nut True
link_EngineOilPump_MountJoint4Cotter True
link_EngineOilPump_MountJoint5Stud True
link_EngineOilPump_MountJoint5Washer True
link_EngineOilPump_MountJoint5Nut True
link_EngineOilPump_MountJoint5Cotter True
link_EngineOilPump_MountJoint6Stud True
link_EngineOilPump_MountJoint6Washer True
link_EngineOilPump_MountJoint6Nut True
link_EngineOilPump_MountJoint6Cotter True
link_EngineOilPump_MountJoint7Stud True
link_EngineOilPump_MountJoint7Washer True
link_EngineOilPump_MountJoint7Nut True
link_EngineOilPump_MountJoint7Cotter True
link_EngineOilPump_MountJoint8Stud True
link_EngineOilPump_MountJoint8Washer True
link_EngineOilPump_MountJoint8Nut True
link_EngineOilPump_MountJoint8Cotter True
link_EngineOilPump_MountJoint9Stud True
link_EngineOilPump_MountJoint9Washer True
link_EngineOilPump_MountJoint9Nut True
link_EngineOilPump_MountJoint9Cotter True
link_EngineOilPump_MountJoint10Stud True
link_EngineOilPump_MountJoint10Washer True
link_EngineOilPump_MountJoint10Nut True
link_EngineOilPump_MountJoint10Cotter True
link_EngineOilPump_MountGasket True
physical_inventory True
physical_material True
passage_pressure_front_sump True
passage_pressure_filtered_supply True
passage_pressure_common_return True
passage_pressure_relief True
passage_pressure_crossover True
passage_pressure_rear_sump True
passage_pressure_tank_supply True
passage_front_sump_filtered_supply True
passage_front_sump_common_return True
passage_front_sump_relief True
passage_front_sump_crossover True
passage_front_sump_rear_sump True
passage_front_sump_tank_supply True
passage_filtered_supply_common_return True
passage_filtered_supply_relief True
passage_filtered_supply_crossover True
passage_filtered_supply_rear_sump True
passage_filtered_supply_tank_supply True
passage_common_return_relief True
passage_common_return_crossover True
passage_common_return_rear_sump True
passage_common_return_tank_supply True
passage_relief_crossover True
passage_relief_rear_sump True
passage_relief_tank_supply True
passage_crossover_rear_sump True
passage_crossover_tank_supply True
passage_rear_sump_tank_supply True
saved_void_pressure True
saved_void_front_sump True
saved_void_filtered_supply True
saved_void_common_return True
saved_void_relief True
saved_void_crossover True
saved_void_rear_sump True
saved_void_tank_supply True
hardware_count_upper_body_bolt True
hardware_count_cover_body_bolt True
hardware_count_fastener_nut True
hardware_count_fastener_washer True
hardware_count_fastener_cotter True
upper_source_bolt_length True
EngineOilPump_UpperJoint1_source_grip True
EngineOilPump_UpperJoint1_no_gallery_breakthrough True
EngineOilPump_UpperJoint2_source_grip True
EngineOilPump_UpperJoint2_no_gallery_breakthrough True
EngineOilPump_UpperJoint3_source_grip True
EngineOilPump_UpperJoint3_no_gallery_breakthrough True
EngineOilPump_UpperJoint4_source_grip True
EngineOilPump_UpperJoint4_no_gallery_breakthrough True
upper_cotter_cross_hole True
cover_source_bolt_length True
EngineOilPump_CoverJoint1_source_grip True
EngineOilPump_CoverJoint2_source_grip True
EngineOilPump_CoverJoint3_source_grip True
EngineOilPump_CoverJoint4_source_grip True
EngineOilPump_CoverJoint5_source_grip True
EngineOilPump_CoverJoint6_source_grip True
EngineOilPump_CoverJoint7_source_grip True
EngineOilPump_CoverJoint8_source_grip True
EngineOilPump_CoverJoint9_source_grip True
EngineOilPump_CoverJoint10_source_grip True
cover_cotter_cross_hole True
cover_head_seats_retain_continuous_wall True
HB87_three_cotters_one_wire_reservation True
saved_drain_bore True
source_nominal_gear_fits True
mesh_lower_-1_0 True
mesh_lower_-1_1 True
mesh_lower_-1_2 True
mesh_lower_-1_3 True
mesh_lower_-1_4 True
mesh_lower_-1_5 True
mesh_lower_-1_6 True
mesh_lower_-1_7 True
mesh_lower_-1_8 True
mesh_upper_-1_0 True
mesh_upper_1_0 True
mesh_upper_-1_1 True
mesh_upper_1_1 True
mesh_upper_-1_2 True
mesh_upper_1_2 True
mesh_upper_-1_3 True
mesh_upper_1_3 True
mesh_upper_-1_4 True
mesh_upper_1_4 True
mesh_upper_-1_5 True
mesh_upper_1_5 True
mesh_upper_-1_6 True
mesh_upper_1_6 True
mesh_upper_-1_7 True
mesh_upper_1_7 True
mesh_upper_-1_8 True
mesh_upper_1_8 True
upper_screen_aperture True
lower_screen_aperture True
source_assets True
lock_reference_is_nonphysical True
HB203_177_and_SNL160_wire_identity True
one_relief_wire_retains_source_eight_inches True
lock_round_stock_is_No18 True
lock_stock_volume_is_preserved True
lock_nonadjacent_strands_clear True
lock_local_bends_do_not_fold True
lock_material_follows_saved_centerline True
lock_passes_cage_hole True
lock_cage_hole_retains_surrounding_stock True
lock_passes_bolt_hole True
lock_bolt_hole_retains_surrounding_stock True
upper_nut_access_1 True
upper_nut_access_preserves_passage_web_1 True
upper_nut_access_2 True
upper_nut_access_preserves_passage_web_2 True
upper_nut_access_3 True
upper_nut_access_preserves_passage_web_3 True
upper_nut_access_4 True
upper_nut_access_preserves_passage_web_4 True
lock_access_retains_lower_filter_rim_seat True
lock_helix_fit_at_held_out_samples True
lock_detailed_kernel_check True
mount_inventory_mount_stud True
mount_inventory_mount_gasket True
mount_inventory_fastener_washer True
mount_inventory_fastener_nut True
mount_inventory_fastener_cotter True
mount_source_identities True
HB196_actual_stud_stock_length True
HB196_actual_stud_diameter True
HB196_mount_joint_span_1 True
mount_washer_nut_seating_1 True
mount_source_bindings_1 True
mount_selected_nominal_thread_engagement_1 True
mount_cotter_axis_tangent_1 True
mount_washer_full_bearing_land_1 True
mount_stud_cotter_bore_1 True
mount_nut_seat_retains_local_wall_1 True
HB196_mount_joint_span_2 True
mount_washer_nut_seating_2 True
mount_source_bindings_2 True
mount_selected_nominal_thread_engagement_2 True
mount_cotter_axis_tangent_2 True
mount_washer_full_bearing_land_2 True
mount_stud_cotter_bore_2 True
mount_nut_seat_retains_local_wall_2 True
HB196_mount_joint_span_3 True
mount_washer_nut_seating_3 True
mount_source_bindings_3 True
mount_selected_nominal_thread_engagement_3 True
mount_cotter_axis_tangent_3 True
mount_washer_full_bearing_land_3 True
mount_stud_cotter_bore_3 True
mount_nut_seat_retains_local_wall_3 True
HB196_mount_joint_span_4 True
mount_washer_nut_seating_4 True
mount_source_bindings_4 True
mount_selected_nominal_thread_engagement_4 True
mount_cotter_axis_tangent_4 True
mount_washer_full_bearing_land_4 True
mount_stud_cotter_bore_4 True
mount_nut_seat_retains_local_wall_4 True
HB196_mount_joint_span_5 True
mount_washer_nut_seating_5 True
mount_source_bindings_5 True
mount_selected_nominal_thread_engagement_5 True
mount_cotter_axis_tangent_5 True
mount_washer_full_bearing_land_5 True
mount_stud_cotter_bore_5 True
mount_nut_seat_retains_local_wall_5 True
HB196_mount_joint_span_6 True
mount_washer_nut_seating_6 True
mount_source_bindings_6 True
mount_selected_nominal_thread_engagement_6 True
mount_cotter_axis_tangent_6 True
mount_washer_full_bearing_land_6 True
mount_stud_cotter_bore_6 True
HB196_mount_joint_span_7 True
mount_washer_nut_seating_7 True
mount_source_bindings_7 True
mount_selected_nominal_thread_engagement_7 True
mount_cotter_axis_tangent_7 True
mount_washer_full_bearing_land_7 True
mount_stud_cotter_bore_7 True
mount_nut_seat_retains_local_wall_7 True
HB196_mount_joint_span_8 True
mount_washer_nut_seating_8 True
mount_source_bindings_8 True
mount_selected_nominal_thread_engagement_8 True
mount_cotter_axis_tangent_8 True
mount_washer_full_bearing_land_8 True
mount_stud_cotter_bore_8 True
mount_nut_seat_retains_local_wall_8 True
HB196_mount_joint_span_9 True
mount_washer_nut_seating_9 True
mount_source_bindings_9 True
mount_selected_nominal_thread_engagement_9 True
mount_cotter_axis_tangent_9 True
mount_washer_full_bearing_land_9 True
mount_stud_cotter_bore_9 True
mount_nut_seat_retains_local_wall_9 True
HB196_mount_joint_span_10 True
mount_washer_nut_seating_10 True
mount_source_bindings_10 True
mount_selected_nominal_thread_engagement_10 True
mount_cotter_axis_tangent_10 True
mount_washer_full_bearing_land_10 True
mount_stud_cotter_bore_10 True
mount_nut_seat_retains_local_wall_10 True
LIB28_nine_circle_one_nose True
HB110_gasket_leaves_pressure_port_open True
HB110_gasket_leaves_front_sump_port_open True
mount_gasket_central_opening True
mount_nose_is_rounded True
receiver_qualification_remains_explicit True
native_unchanged True
