All 2393 frames and owners match retained parts or reset frame joints True
All 191 assembly frames and children follow the joint reset True
Three rebuilt casting definitions and 16 retained MX5 joint constituents True
Def_FixedBearing_inner_bracket valid single solid within native tolerance True
Def_FixedBearing_inner_bracket no material removed outside changed base webs True
Def_FixedBearing_inner_bracket no material added outside changed base webs True
Def_FixedBearing_inner_bracket later bosses and mounting lands retained True
Def_FixedBearing_inner_bracket later pockets and blind bores retained True
Def_FixedBearing_inner_bracket substantive web change True
Def_FixedBearing_inner_bracket full saddle material retained True
Def_FixedBearing_inner_bracket no extra saddle material True
Def_FixedBearing_outer_bracket valid single solid within native tolerance True
Def_FixedBearing_outer_bracket no material removed outside changed base webs True
Def_FixedBearing_outer_bracket no material added outside changed base webs True
Def_FixedBearing_outer_bracket later bosses and mounting lands retained True
Def_FixedBearing_outer_bracket later pockets and blind bores retained True
Def_FixedBearing_outer_bracket substantive web change True
Def_FixedBearing_outer_bracket full saddle material retained True
Def_FixedBearing_outer_bracket no extra saddle material True
Def_TransmissionCore_bevel_case valid single solid within native tolerance True
Def_TransmissionCore_bevel_case no material removed outside changed base webs True
Def_TransmissionCore_bevel_case no material added outside changed base webs True
Def_TransmissionCore_bevel_case later bosses and mounting lands retained True
Def_TransmissionCore_bevel_case later pockets and blind bores retained True
Def_TransmissionCore_bevel_case substantive web change True
Frame X plane unchanged True
PortFixedBearing_inner_bracket/Top original mounting gap True
PortFixedBearing_inner_bracket/Top no channel overlap True
PortFixedBearing_inner_bracket/Top complete pad facing area True
PortFixedBearing_inner_bracket/Top predecessor fails retained seat True
PortFixedBearing_inner_bracket/Bottom original mounting gap True
PortFixedBearing_inner_bracket/Bottom no channel overlap True
PortFixedBearing_inner_bracket/Bottom complete pad facing area True
PortFixedBearing_inner_bracket/Bottom predecessor fails retained seat True
PortFixedBearing_inner_bracket liner seating True
PortFixedBearing_inner_bracket cap split retained True
PortFixedBearing_outer_bracket/Top original mounting gap True
PortFixedBearing_outer_bracket/Top no channel overlap True
PortFixedBearing_outer_bracket/Top complete pad facing area True
PortFixedBearing_outer_bracket/Top predecessor fails retained seat True
PortFixedBearing_outer_bracket/Bottom original mounting gap True
PortFixedBearing_outer_bracket/Bottom no channel overlap True
PortFixedBearing_outer_bracket/Bottom complete pad facing area True
PortFixedBearing_outer_bracket/Bottom predecessor fails retained seat True
PortFixedBearing_outer_bracket liner seating True
PortFixedBearing_outer_bracket cap split retained True
PortFixedBearing_outer_bracket lift removes planar contact True
StarboardFixedBearing_inner_bracket/Top original mounting gap True
StarboardFixedBearing_inner_bracket/Top no channel overlap True
StarboardFixedBearing_inner_bracket/Top complete pad facing area True
StarboardFixedBearing_inner_bracket/Top predecessor fails retained seat True
StarboardFixedBearing_inner_bracket/Bottom original mounting gap True
StarboardFixedBearing_inner_bracket/Bottom no channel overlap True
StarboardFixedBearing_inner_bracket/Bottom complete pad facing area True
StarboardFixedBearing_inner_bracket/Bottom predecessor fails retained seat True
StarboardFixedBearing_inner_bracket liner seating True
StarboardFixedBearing_inner_bracket cap split retained True
StarboardFixedBearing_outer_bracket/Top original mounting gap True
StarboardFixedBearing_outer_bracket/Top no channel overlap True
StarboardFixedBearing_outer_bracket/Top complete pad facing area True
StarboardFixedBearing_outer_bracket/Top predecessor fails retained seat True
StarboardFixedBearing_outer_bracket/Bottom original mounting gap True
StarboardFixedBearing_outer_bracket/Bottom no channel overlap True
StarboardFixedBearing_outer_bracket/Bottom complete pad facing area True
StarboardFixedBearing_outer_bracket/Bottom predecessor fails retained seat True
StarboardFixedBearing_outer_bracket liner seating True
StarboardFixedBearing_outer_bracket cap split retained True
StarboardFixedBearing_outer_bracket lift removes planar contact True
Bevel case/Top contact gap True
Bevel case/Top no channel overlap True
Bevel case/Top complete web and boss facing area True
Bevel case/Bottom contact gap True
Bevel case/Bottom no channel overlap True
Bevel case/Bottom complete web and boss facing area True
CaseMount_UpperPort case bore True
CaseMount_UpperPort channel bore True
CaseMount_UpperPort nut clearance True
CaseMount_UpperPort cotter clearance True
CaseMount_UpperPort washer on frame True
CaseMount_UpperPort nut on washer True
CaseMount_UpperPort printed stud length True
CaseMount_UpperPort printed stud diameter False
CaseMount_UpperPort complete receiver bore True
CaseMount_UpperPort retained 4mm blind floor True
CaseMount_UpperPort source-derived stud frame True
CaseMount_UpperStarboard case bore True
CaseMount_UpperStarboard channel bore True
CaseMount_UpperStarboard nut clearance True
CaseMount_UpperStarboard cotter clearance True
CaseMount_UpperStarboard washer on frame True
CaseMount_UpperStarboard nut on washer True
CaseMount_UpperStarboard printed stud length True
CaseMount_UpperStarboard printed stud diameter False
CaseMount_UpperStarboard complete receiver bore True
CaseMount_UpperStarboard retained 4mm blind floor True
CaseMount_UpperStarboard source-derived stud frame True
CaseMount_LowerPort case bore True
CaseMount_LowerPort channel bore True
CaseMount_LowerPort nut clearance True
CaseMount_LowerPort cotter clearance True
CaseMount_LowerPort washer on frame True
CaseMount_LowerPort nut on washer True
CaseMount_LowerPort printed stud length True
CaseMount_LowerPort printed stud diameter False
CaseMount_LowerPort complete receiver bore True
CaseMount_LowerPort retained 4mm blind floor True
CaseMount_LowerPort source-derived stud frame True
CaseMount_LowerStarboard case bore True
CaseMount_LowerStarboard channel bore True
CaseMount_LowerStarboard nut clearance True
CaseMount_LowerStarboard cotter clearance True
CaseMount_LowerStarboard washer on frame True
CaseMount_LowerStarboard nut on washer True
CaseMount_LowerStarboard printed stud length True
CaseMount_LowerStarboard printed stud diameter False
CaseMount_LowerStarboard complete receiver bore True
CaseMount_LowerStarboard retained 4mm blind floor True
CaseMount_LowerStarboard source-derived stud frame True
All 461 definition identities and source metadata retained True
All frame member BReps unchanged True
Checking material against full 2393-occurrence context: 279 nearby pairs
Rebuilt castings clear saved neighbors True
Traceback (most recent call last):
  File "/home/cyapp/MarkVIIILiberty/cad/003_FullTank/experiments/drive_chains/check_powertrain_frame_trial.py", line 234, in <module>
    assert all(v['passed'] for v in checks), 'Retain failures; repair geometry or diagnosis without weakening criteria.'
           ^^^^^^^^^^^^^^^^^^^^^^^^^^^^^^^^
AssertionError: Retain failures; repair geometry or diagnosis without weakening criteria.
