Definitions Def_EngineCrank_dowel True
Definitions Def_EngineCrank_key True
Definitions Def_EngineCrank_key_screw True
Definitions Def_EngineCrank_long_lower True
Definitions Def_EngineCrank_long_upper True
Definitions Def_EngineCrank_output_cotter True
Definitions Def_EngineCrank_output_nut True
Definitions Def_EngineCrank_shaft True
Definitions Def_EngineCrank_short_lower True
Definitions Def_EngineCrank_short_upper True
Definitions Def_EngineCrank_thrust_ball True
Definitions Def_EngineCrank_thrust_cage True
Definitions Def_EngineCrank_thrust_center True
Definitions Def_EngineCrank_thrust_nut True
Definitions Def_EngineCrank_thrust_outer True
Definitions Def_EngineCrank_thrust_sleeve True
Definitions Def_EngineCase_upper True
Definitions Def_EngineCase_lower True
Installation EngineCrank_FlywheelKey True
Installation EngineCrank_FlywheelKeyScrew True
Installation EngineCrank_Forging True
Installation EngineCrank_OutputNut True
Installation EngineCrank_OutputCotter True
Installation EngineCrank_Main1_upper True
Installation EngineCrank_Main1_upper_Dowel True
Installation EngineCrank_Main1_lower True
Installation EngineCrank_Main1_lower_Dowel True
Installation EngineCrank_Main2_upper True
Installation EngineCrank_Main2_upper_Dowel True
Installation EngineCrank_Main2_lower True
Installation EngineCrank_Main2_lower_Dowel True
Installation EngineCrank_Main3_upper True
Installation EngineCrank_Main3_upper_Dowel True
Installation EngineCrank_Main3_lower True
Installation EngineCrank_Main3_lower_Dowel True
Installation EngineCrank_Main4_upper True
Installation EngineCrank_Main4_upper_Dowel True
Installation EngineCrank_Main4_lower True
Installation EngineCrank_Main4_lower_Dowel True
Installation EngineCrank_Main5_upper True
Installation EngineCrank_Main5_upper_Dowel True
Installation EngineCrank_Main5_lower True
Installation EngineCrank_Main5_lower_Dowel True
Installation EngineCrank_Main6_upper True
Installation EngineCrank_Main6_upper_Dowel True
Installation EngineCrank_Main6_lower True
Installation EngineCrank_Main6_lower_Dowel True
Installation EngineCrank_Main7_upper True
Installation EngineCrank_Main7_upper_Dowel True
Installation EngineCrank_Main7_lower True
Installation EngineCrank_Main7_lower_Dowel True
Installation EngineCrank_ThrustCenter True
Installation EngineCrank_ThrustLeftRace True
Installation EngineCrank_ThrustRightRace True
Installation EngineCrank_ThrustLeftCage True
Installation EngineCrank_ThrustLeftBall01 True
Installation EngineCrank_ThrustLeftBall02 True
Installation EngineCrank_ThrustLeftBall03 True
Installation EngineCrank_ThrustLeftBall04 True
Installation EngineCrank_ThrustLeftBall05 True
Installation EngineCrank_ThrustLeftBall06 True
Installation EngineCrank_ThrustLeftBall07 True
Installation EngineCrank_ThrustLeftBall08 True
Installation EngineCrank_ThrustLeftBall09 True
Installation EngineCrank_ThrustLeftBall10 True
Installation EngineCrank_ThrustLeftBall11 True
Installation EngineCrank_ThrustLeftBall12 True
Installation EngineCrank_ThrustLeftBall13 True
Installation EngineCrank_ThrustLeftBall14 True
Installation EngineCrank_ThrustLeftBall15 True
Installation EngineCrank_ThrustLeftBall16 True
Installation EngineCrank_ThrustLeftBall17 True
Installation EngineCrank_ThrustLeftBall18 True
Installation EngineCrank_ThrustLeftBall19 True
Installation EngineCrank_ThrustLeftBall20 True
Installation EngineCrank_ThrustRightCage True
Installation EngineCrank_ThrustRightBall01 True
Installation EngineCrank_ThrustRightBall02 True
Installation EngineCrank_ThrustRightBall03 True
Installation EngineCrank_ThrustRightBall04 True
Installation EngineCrank_ThrustRightBall05 True
Installation EngineCrank_ThrustRightBall06 True
Installation EngineCrank_ThrustRightBall07 True
Installation EngineCrank_ThrustRightBall08 True
Installation EngineCrank_ThrustRightBall09 True
Installation EngineCrank_ThrustRightBall10 True
Installation EngineCrank_ThrustRightBall11 True
Installation EngineCrank_ThrustRightBall12 True
Installation EngineCrank_ThrustRightBall13 True
Installation EngineCrank_ThrustRightBall14 True
Installation EngineCrank_ThrustRightBall15 True
Installation EngineCrank_ThrustRightBall16 True
Installation EngineCrank_ThrustRightBall17 True
Installation EngineCrank_ThrustRightBall18 True
Installation EngineCrank_ThrustRightBall19 True
Installation EngineCrank_ThrustRightBall20 True
Installation EngineCrank_ThrustLeftSleeve True
Installation EngineCrank_ThrustRightSleeve True
Installation EngineCrank_ThrustNut True
Installation EngineCase_upper True
Installation EngineCase_lower True
