{
  "passed": true,
  "freecad_version": [
    "1",
    "1",
    "1",
    "44227 +647 (Git)",
    "Unknown",
    "2026/04/14 22:09:59",
    "tag: 1.1.1",
    "0108fd4b4850cc46e625b60e53cea7a7bbe69f8d"
  ],
  "object_count": 48,
  "changed_objects": [
    "BoltLeft1",
    "BoltRight2"
  ],
  "installed_solids": 10,
  "step_solids": 10,
  "volume_mm3": 58429.380460547676,
  "maximum_pairwise_overlap_mm3": 0.0,
  "checks": [
    "input SHA256",
    "frame contract",
    "object names/types/labels/hierarchy/link targets",
    "all unchanged placements",
    "exact in-memory definition BREP before/after; geometry/topology after reopen",
    "all ten occurrence placements",
    "native Rig vs composed world compound",
    "solid validity",
    "pairwise intersections",
    "STEP roundtrip per-solid geometry and position",
    "saved native reopen"
  ]
}
