All 2393 physical occurrence identities retained True
Exactly 61 support occurrences and three rebuilt casting definitions True
Saved support placements and all retained planetary/hull frames True
FrontSuspension source allocation True
LeftRearSuspension source allocation True
RightRearSuspension source allocation True
LongitudinalSupports source allocation True
All 86 engine mount pieces including 14 floor rivets retained True
half_bolt complete printed shaft material True
half_bolt printed cylindrical length and diameter True
half_bolt original head height True
rear_bolt complete printed shaft material True
rear_bolt printed cylindrical length and diameter True
rear_bolt original head height True
pivot_bolt complete printed shaft material True
pivot_bolt printed cylindrical length and diameter True
pivot_bolt original head height True
cap complete printed shaft material True
cap printed cylindrical length and diameter True
cap original head height True
Source-derived engine height True
Left rail aft station retained True
Left rail front station retained True
Left rail height stock retained True
Left rail width retained True
Left conditional engine row center True
Left rail engine mounting plane True
Left rail on LeftBracket True
Left rail/bracket zero overlap LeftBracket True
Left rail on FrontBracket True
Left rail/bracket zero overlap FrontBracket True
Left packing against bracket True
Left packing against unchanged crossmember True
Left engine flange on rail True
Left actual flange bearing contact False
Right rail aft station retained True
Right rail front station retained True
Right rail height stock retained True
Right rail width retained True
Right conditional engine row center True
Right rail engine mounting plane True
Right rail on RightBracket True
Right rail/bracket zero overlap RightBracket True
Right rail on FrontBracket True
Right rail/bracket zero overlap FrontBracket True
Right packing against bracket True
Right packing against unchanged crossmember True
Right engine flange on rail True
Right actual flange bearing contact False
Front yoke on unchanged cleat True
Front packing on yoke True
Front packing on cleat True
LeftRail1 through bore in left_bracket True
LeftRail1 through bore in left_rail True
LeftRail1 clamped shaft material True
LeftRail1 head seating True
LeftRail1 nut on lock True
LeftRail1 positive nut engagement True
LeftRail1 lock on receiver True
LeftRail2 through bore in left_bracket True
LeftRail2 through bore in left_rail True
LeftRail2 clamped shaft material True
LeftRail2 head seating True
LeftRail2 nut on lock True
LeftRail2 positive nut engagement True
LeftRail2 lock on receiver True
LeftRail3 through bore in left_bracket True
LeftRail3 through bore in left_rail True
LeftRail3 clamped shaft material True
LeftRail3 head seating True
LeftRail3 nut on lock True
LeftRail3 positive nut engagement True
LeftRail3 lock on receiver True
LeftRail4 through bore in left_bracket True
LeftRail4 through bore in left_rail True
LeftRail4 clamped shaft material True
LeftRail4 head seating True
LeftRail4 nut on lock True
LeftRail4 positive nut engagement True
LeftRail4 lock on receiver True
LeftBase1 through bore in left_bracket True
LeftBase1 through bore in rear_packing True
LeftBase1 through bore in EngineFrame_RearChannel True
LeftBase1 clamped shaft material True
LeftBase1 head seating True
LeftBase1 nut on lock True
LeftBase1 positive nut engagement True
LeftBase1 bevel on unchanged channel True
LeftBase1 lock on bevel True
LeftBase2 through bore in left_bracket True
LeftBase2 through bore in rear_packing True
LeftBase2 through bore in EngineFrame_RearChannel True
LeftBase2 clamped shaft material True
LeftBase2 head seating True
LeftBase2 nut on lock True
LeftBase2 positive nut engagement True
LeftBase2 bevel on unchanged channel True
LeftBase2 lock on bevel True
RightRail1 through bore in right_bracket True
RightRail1 through bore in right_rail True
RightRail1 clamped shaft material True
RightRail1 head seating True
RightRail1 nut on lock True
RightRail1 positive nut engagement True
RightRail1 lock on receiver True
RightRail2 through bore in right_bracket True
RightRail2 through bore in right_rail True
RightRail2 clamped shaft material True
RightRail2 head seating True
RightRail2 nut on lock True
RightRail2 positive nut engagement True
RightRail2 lock on receiver True
RightRail3 through bore in right_bracket True
RightRail3 through bore in right_rail True
RightRail3 clamped shaft material True
RightRail3 head seating True
RightRail3 nut on lock True
RightRail3 positive nut engagement True
RightRail3 lock on receiver True
RightRail4 through bore in right_bracket True
RightRail4 through bore in right_rail True
RightRail4 clamped shaft material True
RightRail4 head seating True
RightRail4 nut on lock True
RightRail4 positive nut engagement True
RightRail4 lock on receiver True
RightBase1 through bore in right_bracket True
RightBase1 through bore in rear_packing True
RightBase1 through bore in EngineFrame_RearChannel True
RightBase1 clamped shaft material True
RightBase1 head seating True
RightBase1 nut on lock True
RightBase1 positive nut engagement True
RightBase1 bevel on unchanged channel True
RightBase1 lock on bevel True
RightBase2 through bore in right_bracket True
RightBase2 through bore in rear_packing True
RightBase2 through bore in EngineFrame_RearChannel True
RightBase2 clamped shaft material True
RightBase2 head seating True
RightBase2 nut on lock True
RightBase2 positive nut engagement True
RightBase2 bevel on unchanged channel True
RightBase2 lock on bevel True
LeftFrontRail through bore in front_bracket True
LeftFrontRail through bore in left_rail True
LeftFrontRail clamped shaft material True
LeftFrontRail head seating True
LeftFrontRail nut on lock True
LeftFrontRail positive nut engagement True
LeftFrontRail lock on receiver True
LeftCap nominal envelope in front_bracket True
LeftCap nominal envelope in left_rail True
LeftCap complete shaft material True
LeftCap head on lock True
LeftCap lock on rail True
LeftCap blind boss floor retained True
RightFrontRail through bore in front_bracket True
RightFrontRail through bore in right_rail True
RightFrontRail clamped shaft material True
RightFrontRail head seating True
RightFrontRail nut on lock True
RightFrontRail positive nut engagement True
RightFrontRail lock on receiver True
RightCap nominal envelope in front_bracket True
RightCap nominal envelope in right_rail True
RightCap complete shaft material True
RightCap head on lock True
RightCap lock on rail True
RightCap blind boss floor retained True
FrontPivot through bore in EngineFrame_FrontCleat True
FrontPivot through bore in front_bracket True
FrontPivot clamped shaft material True
FrontPivot head seating True
FrontPivot nut on lock True
FrontPivot positive nut engagement True
FrontPivot lock on receiver True
EngineSuspension_LeftBracket valid single casting True
EngineSuspension_LeftBracket preserved floor receiver material True
EngineSuspension_LeftBracket no extra floor receiver material True
EngineSuspension_RightBracket valid single casting True
EngineSuspension_RightBracket preserved floor receiver material True
EngineSuspension_RightBracket no extra floor receiver material True
EngineSuspension_FrontBracket valid single casting True
EngineSuspension_FrontBracket preserved floor receiver material True
EngineSuspension_FrontBracket no extra floor receiver material True
Negative control rejects the previous short bracket True
All other definition identities and source metadata retained True
Affected support/context pairs 102
Changed supports clear all saved assembly neighbors True
Traceback (most recent call last):
  File "/home/cyapp/MarkVIIILiberty/cad/003_FullTank/experiments/drive_chains/check_powertrain_support_trial.py", line 237, in <module>
    assert all(v['passed'] for v in checks), 'Retain failed support interfaces before revising.'
           ^^^^^^^^^^^^^^^^^^^^^^^^^^^^^^^^
AssertionError: Retain failed support interfaces before revising.
